ARM Linker, 5.03 [Build 76] [MDK-ARM Lite]

==============================================================================

Section Cross References

    startup.o(STACK) refers (Special) to heapauxi.o(.text) for __use_two_region_memory
    startup.o(HEAP) refers (Special) to heapauxi.o(.text) for __use_two_region_memory
    startup.o(RESET) refers (Special) to heapauxi.o(.text) for __use_two_region_memory
    startup.o(RESET) refers to startup.o(STACK) for StackMem
    startup.o(RESET) refers to spaceinvaders.o(i.SysTick_Handler) for SysTick_Handler
    startup.o(RESET) refers to spaceinvaders.o(i.Timer2A_Handler) for Timer2A_Handler
    startup.o(RESET) refers to texas.o(i.Timer4A_Handler) for Timer4A_Handler
    startup.o(RESET) refers to texas.o(i.Timer5A_Handler) for Timer5A_Handler
    startup.o(RESET) refers to __main.o(!!!main) for __main
    startup.o(.text) refers (Special) to heapauxi.o(.text) for __use_two_region_memory
    startup.o(.text) refers to startup.o(HEAP) for HeapMem
    startup.o(.text) refers to startup.o(STACK) for StackMem
    nokia5110.o(i.Nokia5110_Clear) refers to nokia5110.o(i.lcdwrite) for lcdwrite
    nokia5110.o(i.Nokia5110_Clear) refers to nokia5110.o(i.Nokia5110_SetCursor) for Nokia5110_SetCursor
    nokia5110.o(i.Nokia5110_ClearBuffer) refers to nokia5110.o(.bss) for Screen
    nokia5110.o(i.Nokia5110_DisplayBuffer) refers to nokia5110.o(i.Nokia5110_DrawFullImage) for Nokia5110_DrawFullImage
    nokia5110.o(i.Nokia5110_DisplayBuffer) refers to nokia5110.o(.bss) for Screen
    nokia5110.o(i.Nokia5110_DrawFullImage) refers to nokia5110.o(i.Nokia5110_SetCursor) for Nokia5110_SetCursor
    nokia5110.o(i.Nokia5110_DrawFullImage) refers to nokia5110.o(i.lcdwrite) for lcdwrite
    nokia5110.o(i.Nokia5110_Init) refers to nokia5110.o(i.lcdwrite) for lcdwrite
    nokia5110.o(i.Nokia5110_OutChar) refers to nokia5110.o(i.lcdwrite) for lcdwrite
    nokia5110.o(i.Nokia5110_OutChar) refers to nokia5110.o(.constdata) for ASCII
    nokia5110.o(i.Nokia5110_OutString) refers to nokia5110.o(i.Nokia5110_OutChar) for Nokia5110_OutChar
    nokia5110.o(i.Nokia5110_OutUDec) refers to nokia5110.o(i.Nokia5110_OutString) for Nokia5110_OutString
    nokia5110.o(i.Nokia5110_OutUDec) refers to nokia5110.o(i.Nokia5110_OutChar) for Nokia5110_OutChar
    nokia5110.o(i.Nokia5110_PrintBMP) refers to nokia5110.o(.bss) for Screen
    nokia5110.o(i.Nokia5110_SetCursor) refers to nokia5110.o(i.lcdwrite) for lcdwrite
    random.o(.text) refers to random.o(DATA) for M
    spaceinvaders.o(i.SysTick_Handler) refers to switchled.o(i.Switch_Fire) for Switch_Fire
    spaceinvaders.o(i.SysTick_Handler) refers to switchled.o(i.Switch_SpecialFire) for Switch_SpecialFire
    spaceinvaders.o(i.SysTick_Handler) refers to gameengine.o(i.Game_Init) for Game_Init
    spaceinvaders.o(i.SysTick_Handler) refers to gameengine.o(i.Check_Collisions) for Check_Collisions
    spaceinvaders.o(i.SysTick_Handler) refers to gameengine.o(i.Move_ActiveObjects) for Move_ActiveObjects
    spaceinvaders.o(i.SysTick_Handler) refers to gameengine.o(i.RegMissile_Fire) for RegMissile_Fire
    spaceinvaders.o(i.SysTick_Handler) refers to sound.o(i.Sound_Shoot) for Sound_Shoot
    spaceinvaders.o(i.SysTick_Handler) refers to gameengine.o(i.SpecMissile_Fire) for SpecMissile_Fire
    spaceinvaders.o(i.SysTick_Handler) refers to gameengine.o(i.Set_Difficulty) for Set_Difficulty
    spaceinvaders.o(i.SysTick_Handler) refers to spaceinvaders.o(i.SysTick_Init) for SysTick_Init
    spaceinvaders.o(i.SysTick_Handler) refers to spaceinvaders.o(.data) for GameOverFlag
    spaceinvaders.o(i.Timer2A_Handler) refers to switchled.o(i.Success_LedCount) for Success_LedCount
    spaceinvaders.o(i.Timer2A_Handler) refers to switchled.o(i.Failure_LedCount) for Failure_LedCount
    spaceinvaders.o(i.Timer2A_Handler) refers to switchled.o(i.Success_LedOff) for Success_LedOff
    spaceinvaders.o(i.Timer2A_Handler) refers to switchled.o(i.Failure_LedOff) for Failure_LedOff
    spaceinvaders.o(i.Timer2A_Handler) refers to spaceinvaders.o(.data) for PeriodicTask
    spaceinvaders.o(i.Timer2_Init) refers to spaceinvaders.o(.data) for PeriodicTask
    spaceinvaders.o(i.main) refers to startup.o(.text) for DisableInterrupts
    spaceinvaders.o(i.main) refers to texas.o(i.TExaS_Init) for TExaS_Init
    spaceinvaders.o(i.main) refers to random.o(.text) for Random_Init
    spaceinvaders.o(i.main) refers to nokia5110.o(i.Nokia5110_Init) for Nokia5110_Init
    spaceinvaders.o(i.main) refers to spaceinvaders.o(i.PF1Init) for PF1Init
    spaceinvaders.o(i.main) refers to spaceinvaders.o(i.SysTick_Init) for SysTick_Init
    spaceinvaders.o(i.main) refers to nokia5110.o(i.Nokia5110_ClearBuffer) for Nokia5110_ClearBuffer
    spaceinvaders.o(i.main) refers to nokia5110.o(i.Nokia5110_DisplayBuffer) for Nokia5110_DisplayBuffer
    spaceinvaders.o(i.main) refers to adc.o(i.ADC0_Init) for ADC0_Init
    spaceinvaders.o(i.main) refers to gameengine.o(i.Game_Init) for Game_Init
[...]
    gameengine.o(i.Draw_GameFrame) refers to gameengine.o(i.DrawSpecMissiles) for DrawSpecMissiles
    gameengine.o(i.Draw_GameFrame) refers to gameengine.o(i.DrawLasers) for DrawLasers
    gameengine.o(i.Draw_GameFrame) refers to nokia5110.o(i.Nokia5110_DisplayBuffer) for Nokia5110_DisplayBuffer
    gameengine.o(i.Draw_GameFrame) refers to gameengine.o(.data) for FrameCount
    gameengine.o(i.EnemyLaserFire) refers to gameengine.o(i.RandomGenerator) for RandomGenerator
    gameengine.o(i.EnemyLaserFire) refers to sound.o(i.Sound_InvaderShoot) for Sound_InvaderShoot
    gameengine.o(i.EnemyLaserFire) refers to gameengine.o(.data) for LaserDelay
    gameengine.o(i.EnemyLaserFire) refers to gameengine.o(.bss) for Enemy
    gameengine.o(i.EnemyLaserFire) refers to gameengine.o(.constdata) for Laser0
    gameengine.o(i.EnemyMove) refers to gameengine.o(.bss) for Enemy
    gameengine.o(i.Game_Init) refers to gameengine.o(i.RandomGenerator) for RandomGenerator
    gameengine.o(i.Game_Init) refers to gameengine.o(.data) for Score
    gameengine.o(i.Game_Init) refers to gameengine.o(.bss) for Player
    gameengine.o(i.Game_Init) refers to gameengine.o(.constdata) for PlayerShip0
    gameengine.o(i.LaserMove) refers to gameengine.o(i.EnemyLaserFire) for EnemyLaserFire
    gameengine.o(i.LaserMove) refers to gameengine.o(.bss) for Lasers
    gameengine.o(i.LaserMove) refers to gameengine.o(.data) for LaserCount
    gameengine.o(i.Move_ActiveObjects) refers to gameengine.o(i.PlayerMove) for PlayerMove
    gameengine.o(i.Move_ActiveObjects) refers to gameengine.o(i.EnemyMove) for EnemyMove
    gameengine.o(i.Move_ActiveObjects) refers to gameengine.o(i.RegMissileMove) for RegMissileMove
    gameengine.o(i.Move_ActiveObjects) refers to gameengine.o(i.SpecMissileMove) for SpecMissileMove
    gameengine.o(i.Move_ActiveObjects) refers to gameengine.o(i.LaserMove) for LaserMove
    gameengine.o(i.PlayerMove) refers to adc.o(i.ADC0_In) for ADC0_In
    gameengine.o(i.PlayerMove) refers to gameengine.o(i.ConvertToDistance) for ConvertToDistance
    gameengine.o(i.PlayerMove) refers to gameengine.o(.bss) for Player
    gameengine.o(i.RandomGenerator) refers to random.o(.text) for Random
    gameengine.o(i.RegMissileMove) refers to gameengine.o(.bss) for RegMissiles
    gameengine.o(i.RegMissileMove) refers to gameengine.o(.constdata) for Laser0
    gameengine.o(i.RegMissileMove) refers to gameengine.o(.data) for RegMissileCount
    gameengine.o(i.RegMissile_Fire) refers to gameengine.o(.data) for RegMissileCount
    gameengine.o(i.RegMissile_Fire) refers to gameengine.o(.bss) for Player
    gameengine.o(i.RegMissile_Fire) refers to gameengine.o(.constdata) for PlayerShip0
    gameengine.o(i.Set_Difficulty) refers to gameengine.o(.data) for KilledEnemyCount
    gameengine.o(i.SpecMissileMove) refers to gameengine.o(.bss) for SpecMissiles
    gameengine.o(i.SpecMissileMove) refers to gameengine.o(.constdata) for Laser0
    gameengine.o(i.SpecMissileMove) refers to gameengine.o(.data) for SpecMissileDecrementCheck
    gameengine.o(i.SpecMissile_Fire) refers to gameengine.o(.data) for SpecMissileCount
    gameengine.o(i.SpecMissile_Fire) refers to gameengine.o(.bss) for Player
    gameengine.o(i.SpecMissile_Fire) refers to gameengine.o(.constdata) for PlayerShip0
    gameengine.o(i.State_GameOver) refers to nokia5110.o(i.Nokia5110_Clear) for Nokia5110_Clear
    gameengine.o(i.State_GameOver) refers to nokia5110.o(i.Nokia5110_SetCursor) for Nokia5110_SetCursor
    gameengine.o(i.State_GameOver) refers to nokia5110.o(i.Nokia5110_OutString) for Nokia5110_OutString
    gameengine.o(i.State_GameOver) refers to gameengine.o(i.Check_GameOver) for Check_GameOver
    gameengine.o(i.State_GameOver) refers to nokia5110.o(i.Nokia5110_OutUDec) for Nokia5110_OutUDec
    gameengine.o(i.State_GameOver) refers to gameengine.o(.data) for Score
    switchled.o(i.Failure_LedCount) refers to switchled.o(.data) for FailureLedCount
    switchled.o(i.Failure_LedOn) refers to switchled.o(.data) for FailureLedCount
    switchled.o(i.Success_LedCount) refers to switchled.o(.data) for SuccessLedCount
    switchled.o(i.Success_LedOn) refers to switchled.o(.data) for SuccessLedCount
    switchled.o(i.Switch_Fire) refers to switchled.o(.data) for PrevRegFire
    switchled.o(i.Switch_SpecialFire) refers to switchled.o(.data) for PrevSpecFire
    sound.o(i.SoundOut) refers to sound.o(.data) for Wave
    sound.o(i.Sound_Explosion) refers to sound.o(i.SoundOut) for SoundOut
    sound.o(i.Sound_Explosion) refers to sound.o(.constdata) for explosion
    sound.o(i.Sound_Init) refers to dac.o(i.DAC_Init) for DAC_Init
    sound.o(i.Sound_Init) refers to sound.o(.data) for Index
    sound.o(i.Sound_InvaderShoot) refers to sound.o(i.SoundOut) for SoundOut
    sound.o(i.Sound_InvaderShoot) refers to sound.o(.constdata) for invadershoot
    sound.o(i.Sound_Killed) refers to sound.o(i.SoundOut) for SoundOut
    sound.o(i.Sound_Killed) refers to sound.o(.constdata) for invaderkilled
    sound.o(i.Sound_Play) refers to dac.o(i.DAC_Out) for DAC_Out
    sound.o(i.Sound_Play) refers to sound.o(.data) for SoundCount
    sound.o(i.Sound_Shoot) refers to sound.o(i.SoundOut) for SoundOut
    sound.o(i.Sound_Shoot) refers to sound.o(.constdata) for shoot
    __main.o(!!!main) refers to rtentry.o(.ARM.Collect$$rtentry$$00000000) for __rt_entry
    rtentry.o(.ARM.Collect$$rtentry$$00000000) refers (Special) to rtentry2.o(.ARM.Collect$$rtentry$$0000000A) for __rt_entry_li
    rtentry.o(.ARM.Collect$$rtentry$$00000000) refers (Special) to rtentry2.o(.ARM.Collect$$rtentry$$0000000D) for __rt_entry_main
    rtentry.o(.ARM.Collect$$rtentry$$00000000) refers (Special) to rtentry2.o(.ARM.Collect$$rtentry$$0000000C) for __rt_entry_postli_1
    rtentry.o(.ARM.Collect$$rtentry$$00000000) refers (Special) to rtentry2.o(.ARM.Collect$$rtentry$$00000009) for __rt_entry_postsh_1
    rtentry.o(.ARM.Collect$$rtentry$$00000000) refers (Special) to rtentry2.o(.ARM.Collect$$rtentry$$00000002) for __rt_entry_presh_1
    rtentry.o(.ARM.Collect$$rtentry$$00000000) refers (Special) to rtentry4.o(.ARM.Collect$$rtentry$$00000004) for __rt_entry_sh
    rtentry2.o(.ARM.Collect$$rtentry$$00000008) refers to boardinit2.o(.text) for _platform_post_stackheap_init
    rtentry2.o(.ARM.Collect$$rtentry$$0000000A) refers to libinit.o(.ARM.Collect$$libinit$$00000000) for __rt_lib_init
    rtentry2.o(.ARM.Collect$$rtentry$$0000000B) refers to boardinit3.o(.text) for _platform_post_lib_init
    rtentry2.o(.ARM.Collect$$rtentry$$0000000D) refers to spaceinvaders.o(i.main) for main
    rtentry2.o(.ARM.Collect$$rtentry$$0000000D) refers to exit.o(.text) for exit
    rtentry2.o(.ARM.exidx) refers to rtentry2.o(.ARM.Collect$$rtentry$$00000001) for .ARM.Collect$$rtentry$$00000001
    rtentry2.o(.ARM.exidx) refers to rtentry2.o(.ARM.Collect$$rtentry$$00000008) for .ARM.Collect$$rtentry$$00000008
    rtentry2.o(.ARM.exidx) refers to rtentry2.o(.ARM.Collect$$rtentry$$0000000A) for .ARM.Collect$$rtentry$$0000000A
    rtentry2.o(.ARM.exidx) refers to rtentry2.o(.ARM.Collect$$rtentry$$0000000B) for .ARM.Collect$$rtentry$$0000000B
    rtentry2.o(.ARM.exidx) refers to rtentry2.o(.ARM.Collect$$rtentry$$0000000D) for .ARM.Collect$$rtentry$$0000000D
    rtentry4.o(.ARM.Collect$$rtentry$$00000004) refers to sys_stackheap_outer.o(.text) for __user_setup_stackheap
    rtentry4.o(.ARM.exidx) refers to rtentry4.o(.ARM.Collect$$rtentry$$00000004) for .ARM.Collect$$rtentry$$00000004
    sys_stackheap_outer.o(.text) refers to libspace.o(.text) for __user_perproc_libspace
    sys_stackheap_outer.o(.text) refers to startup.o(.text) for __user_initial_stackheap
    exit.o(.text) refers to rtexit.o(.ARM.Collect$$rtexit$$00000000) for __rt_exit
    libinit.o(.ARM.Collect$$libinit$$00000000) refers (Special) to libinit2.o(.ARM.Collect$$libinit$$0000002C) for __rt_lib_init_alloca_1
    libinit.o(.ARM.Collect$$libinit$$00000000) refers (Special) to libinit2.o(.ARM.Collect$$libinit$$0000002A) for __rt_lib_init_argv_1
    libinit.o(.ARM.Collect$$libinit$$00000000) refers (Special) to libinit2.o(.ARM.Collect$$libinit$$00000019) for __rt_lib_init_atexit_1
    libinit.o(.ARM.Collect$$libinit$$00000000) refers (Special) to libinit2.o(.ARM.Collect$$libinit$$0000001F) for __rt_lib_init_clock_1
    libinit.o(.ARM.Collect$$libinit$$00000000) refers (Special) to libinit2.o(.ARM.Collect$$libinit$$00000030) for __rt_lib_init_cpp_1
    libinit.o(.ARM.Collect$$libinit$$00000000) refers (Special) to libinit2.o(.ARM.Collect$$libinit$$0000002E) for __rt_lib_init_exceptions_1
    libinit.o(.ARM.Collect$$libinit$$00000000) refers (Special) to libinit2.o(.ARM.Collect$$libinit$$00000002) for __rt_lib_init_fp_1
    libinit.o(.ARM.Collect$$libinit$$00000000) refers (Special) to libinit2.o(.ARM.Collect$$libinit$$0000001D) for __rt_lib_init_fp_trap_1
    libinit.o(.ARM.Collect$$libinit$$00000000) refers (Special) to libinit2.o(.ARM.Collect$$libinit$$00000021) for __rt_lib_init_getenv_1
    libinit.o(.ARM.Collect$$libinit$$00000000) refers (Special) to libinit2.o(.ARM.Collect$$libinit$$00000008) for __rt_lib_init_heap_1
    libinit.o(.ARM.Collect$$libinit$$00000000) refers (Special) to libinit2.o(.ARM.Collect$$libinit$$0000000F) for __rt_lib_init_lc_collate_1
    libinit.o(.ARM.Collect$$libinit$$00000000) refers (Special) to libinit2.o(.ARM.Collect$$libinit$$00000011) for __rt_lib_init_lc_ctype_1
    libinit.o(.ARM.Collect$$libinit$$00000000) refers (Special) to libinit2.o(.ARM.Collect$$libinit$$00000013) for __rt_lib_init_lc_monetary_1
    libinit.o(.ARM.Collect$$libinit$$00000000) refers (Special) to libinit2.o(.ARM.Collect$$libinit$$00000015) for __rt_lib_init_lc_numeric_1
    libinit.o(.ARM.Collect$$libinit$$00000000) refers (Special) to libinit2.o(.ARM.Collect$$libinit$$00000017) for __rt_lib_init_lc_time_1
    libinit.o(.ARM.Collect$$libinit$$00000000) refers (Special) to libinit2.o(.ARM.Collect$$libinit$$0000000C) for __rt_lib_init_rand_1
    libinit.o(.ARM.Collect$$libinit$$00000000) refers (Special) to libinit2.o(.ARM.Collect$$libinit$$00000031) for __rt_lib_init_return
    libinit.o(.ARM.Collect$$libinit$$00000000) refers (Special) to libinit2.o(.ARM.Collect$$libinit$$0000001B) for __rt_lib_init_signal_1
    libinit.o(.ARM.Collect$$libinit$$00000000) refers (Special) to libinit2.o(.ARM.Collect$$libinit$$00000023) for __rt_lib_init_stdio_1
    libinit.o(.ARM.Collect$$libinit$$00000000) refers (Special) to libinit2.o(.ARM.Collect$$libinit$$0000000A) for __rt_lib_init_user_alloc_1
    libspace.o(.text) refers to libspace.o(.bss) for __libspace_start
    rtexit.o(.ARM.Collect$$rtexit$$00000000) refers (Special) to rtexit2.o(.ARM.Collect$$rtexit$$00000004) for __rt_exit_exit
    rtexit.o(.ARM.Collect$$rtexit$$00000000) refers (Special) to rtexit2.o(.ARM.Collect$$rtexit$$00000003) for __rt_exit_ls
    rtexit.o(.ARM.Collect$$rtexit$$00000000) refers (Special) to rtexit2.o(.ARM.Collect$$rtexit$$00000002) for __rt_exit_prels_1
    rtexit.o(.ARM.exidx) refers (Special) to rtexit2.o(.ARM.Collect$$rtexit$$00000004) for __rt_exit_exit
    rtexit.o(.ARM.exidx) refers (Special) to rtexit2.o(.ARM.Collect$$rtexit$$00000003) for __rt_exit_ls
    rtexit.o(.ARM.exidx) refers (Special) to rtexit2.o(.ARM.Collect$$rtexit$$00000002) for __rt_exit_prels_1
    rtexit.o(.ARM.exidx) refers to rtexit.o(.ARM.Collect$$rtexit$$00000000) for .ARM.Collect$$rtexit$$00000000
    libinit2.o(.ARM.Collect$$libinit$$0000000E) refers to libinit2.o(.ARM.Collect$$libinit$$0000000D) for .ARM.Collect$$libinit$$0000000D
    libinit2.o(.ARM.Collect$$libinit$$00000010) refers to libinit2.o(.ARM.Collect$$libinit$$0000000D) for .ARM.Collect$$libinit$$0000000D
    libinit2.o(.ARM.Collect$$libinit$$00000012) refers to libinit2.o(.ARM.Collect$$libinit$$0000000D) for .ARM.Collect$$libinit$$0000000D
    libinit2.o(.ARM.Collect$$libinit$$00000014) refers to libinit2.o(.ARM.Collect$$libinit$$0000000D) for .ARM.Collect$$libinit$$0000000D
    libinit2.o(.ARM.Collect$$libinit$$00000016) refers to libinit2.o(.ARM.Collect$$libinit$$0000000D) for .ARM.Collect$$libinit$$0000000D
    libinit2.o(.ARM.Collect$$libinit$$00000024) refers to argv_veneer.o(.emb_text) for __ARM_argv_veneer
    libinit2.o(.ARM.Collect$$libinit$$00000025) refers to argv_veneer.o(.emb_text) for __ARM_argv_veneer
    rtexit2.o(.ARM.Collect$$rtexit$$00000003) refers to libshutdown.o(.ARM.Collect$$libshutdown$$00000000) for __rt_lib_shutdown
    rtexit2.o(.ARM.Collect$$rtexit$$00000004) refers to sys_exit.o(.text) for _sys_exit
    rtexit2.o(.ARM.exidx) refers to rtexit2.o(.ARM.Collect$$rtexit$$00000001) for .ARM.Collect$$rtexit$$00000001
    rtexit2.o(.ARM.exidx) refers to rtexit2.o(.ARM.Collect$$rtexit$$00000003) for .ARM.Collect$$rtexit$$00000003
    rtexit2.o(.ARM.exidx) refers to rtexit2.o(.ARM.Collect$$rtexit$$00000004) for .ARM.Collect$$rtexit$$00000004
    argv_veneer.o(.emb_text) refers to no_argv.o(.text) for __ARM_get_argv
    sys_exit.o(.text) refers (Special) to use_no_semi.o(.text) for __I$use$semihosting
    sys_exit.o(.text) refers (Special) to indicate_semi.o(.text) for __semihosting_library_function
    _get_argv_nomalloc.o(.text) refers (Special) to hrguard.o(.text) for __heap_region$guard
    _get_argv_nomalloc.o(.text) refers to defsig_rtmem_outer.o(.text) for __rt_SIGRTMEM
    _get_argv_nomalloc.o(.text) refers to sys_command.o(.text) for _sys_command_string
    libshutdown.o(.ARM.Collect$$libshutdown$$00000000) refers (Special) to libshutdown2.o(.ARM.Collect$$libshutdown$$00000006) for __rt_lib_shutdown_fp_trap_1
    libshutdown.o(.ARM.Collect$$libshutdown$$00000000) refers (Special) to libshutdown2.o(.ARM.Collect$$libshutdown$$0000000E) for __rt_lib_shutdown_heap_1
    libshutdown.o(.ARM.Collect$$libshutdown$$00000000) refers (Special) to libshutdown2.o(.ARM.Collect$$libshutdown$$0000000F) for __rt_lib_shutdown_return
    libshutdown.o(.ARM.Collect$$libshutdown$$00000000) refers (Special) to libshutdown2.o(.ARM.Collect$$libshutdown$$00000009) for __rt_lib_shutdown_signal_1
    libshutdown.o(.ARM.Collect$$libshutdown$$00000000) refers (Special) to libshutdown2.o(.ARM.Collect$$libshutdown$$00000003) for __rt_lib_shutdown_stdio_1
    libshutdown.o(.ARM.Collect$$libshutdown$$00000000) refers (Special) to libshutdown2.o(.ARM.Collect$$libshutdown$$0000000B) for __rt_lib_shutdown_user_alloc_1
    sys_command.o(.text) refers (Special) to use_no_semi.o(.text) for __I$use$semihosting
    sys_command.o(.text) refers (Special) to indicate_semi.o(.text) for __semihosting_library_function
    defsig_rtmem_outer.o(.text) refers to defsig_rtmem_inner.o(.text) for __rt_SIGRTMEM_inner
    defsig_rtmem_outer.o(.text) refers to defsig_exit.o(.text) for __sig_exit
    defsig_rtmem_formal.o(.text) refers to rt_raise.o(.text) for __rt_raise
    rt_raise.o(.text) refers to __raise.o(.text) for __raise
    rt_raise.o(.text) refers to sys_exit.o(.text) for _sys_exit
    defsig_exit.o(.text) refers to sys_exit.o(.text) for _sys_exit
    defsig_rtmem_inner.o(.text) refers to defsig_general.o(.text) for __default_signal_display
    __raise.o(.text) refers to defsig.o(CL$$defsig) for __default_signal_handler
    defsig_general.o(.text) refers to sys_wrch.o(.text) for _ttywrch
    sys_wrch.o(.text) refers (Special) to use_no_semi.o(.text) for __I$use$semihosting
    sys_wrch.o(.text) refers (Special) to indicate_semi.o(.text) for __semihosting_library_function
    defsig.o(CL$$defsig) refers to defsig_rtmem_inner.o(.text) for __rt_SIGRTMEM_inner
    defsig_abrt_inner.o(.text) refers to defsig_general.o(.text) for __default_signal_display
    defsig_fpe_inner.o(.text) refers to defsig_general.o(.text) for __default_signal_display
    defsig_rtred_inner.o(.text) refers to defsig_general.o(.text) for __default_signal_display
    defsig_stak_inner.o(.text) refers to defsig_general.o(.text) for __default_signal_display
    defsig_pvfn_inner.o(.text) refers to defsig_general.o(.text) for __default_signal_display
    defsig_cppl_inner.o(.text) refers to defsig_general.o(.text) for __default_signal_display
    defsig_segv_inner.o(.text) refers to defsig_general.o(.text) for __default_signal_display
    defsig_other.o(.text) refers to defsig_general.o(.text) for __default_signal_display


==============================================================================

Removing Unused input sections from the image.

    Removing spaceinvaders.o(.constdata), (480 bytes).
    Removing texas.o(i.SetMode), (24 bytes).
    Removing texas.o(i.StartTimer4), (36 bytes).
    Removing texas.o(i.StopTimer4), (24 bytes).
    Removing texas.o(i.TExaS_Stop), (28 bytes).
    Removing texas.o(i.UART0_InChar), (24 bytes).
    Removing texas.o(i.UART0_InCharNonBlocking), (28 bytes).
    Removing texas.o(i.UART0_OutChar), (24 bytes).
    Removing texas.o(i.UART0_OutCharNonBlock), (12 bytes).
    Removing texas.o(i.copy), (18 bytes).

10 unused section(s) (total 698 bytes) removed from the image.

==============================================================================

Image Symbol Table

    Local Symbols

    Symbol Name                              Value     Ov Type        Size  Object(Section)

    RESET                                    0x00000000   Section      644  startup.o(RESET)
    ../clib/angel/boardlib.s                 0x00000000   Number         0  boardshut.o ABSOLUTE
    ../clib/angel/boardlib.s                 0x00000000   Number         0  boardinit2.o ABSOLUTE
    ../clib/angel/boardlib.s                 0x00000000   Number         0  boardinit1.o ABSOLUTE
    ../clib/angel/boardlib.s                 0x00000000   Number         0  boardinit3.o ABSOLUTE
    ../clib/angel/handlers.s                 0x00000000   Number         0  __scatter_zi.o ABSOLUTE
    ../clib/angel/handlers.s                 0x00000000   Number         0  __scatter_copy.o ABSOLUTE
    ../clib/angel/kernel.s                   0x00000000   Number         0  rtentry.o ABSOLUTE
    ../clib/angel/kernel.s                   0x00000000   Number         0  rtexit2.o ABSOLUTE
    ../clib/angel/kernel.s                   0x00000000   Number         0  rtentry2.o ABSOLUTE
    ../clib/angel/kernel.s                   0x00000000   Number         0  rtexit.o ABSOLUTE
    ../clib/angel/kernel.s                   0x00000000   Number         0  rtentry4.o ABSOLUTE
    ../clib/angel/rt.s                       0x00000000   Number         0  rt_raise.o ABSOLUTE
    ../clib/angel/scatter.s                  0x00000000   Number         0  __scatter.o ABSOLUTE
    ../clib/angel/startup.s                  0x00000000   Number         0  __main.o ABSOLUTE
    ../clib/angel/sys.s                      0x00000000   Number         0  use_no_semi.o ABSOLUTE
    ../clib/angel/sys.s                      0x00000000   Number         0  indicate_semi.o ABSOLUTE
    ../clib/angel/sys.s                      0x00000000   Number         0  libspace.o ABSOLUTE
    ../clib/angel/sys.s                      0x00000000   Number         0  sys_stackheap_outer.o ABSOLUTE
    ../clib/angel/sysapp.c                   0x00000000   Number         0  sys_command.o ABSOLUTE
    ../clib/angel/sysapp.c                   0x00000000   Number         0  sys_wrch.o ABSOLUTE
    ../clib/angel/sysapp.c                   0x00000000   Number         0  sys_exit.o ABSOLUTE
    ../clib/armsys.c                         0x00000000   Number         0  argv_veneer.o ABSOLUTE
    ../clib/armsys.c                         0x00000000   Number         0  argv_veneer.o ABSOLUTE
    ../clib/armsys.c                         0x00000000   Number         0  _get_argv_nomalloc.o ABSOLUTE
    ../clib/armsys.c                         0x00000000   Number         0  no_argv.o ABSOLUTE
    ../clib/heapalloc.c                      0x00000000   Number         0  hrguard.o ABSOLUTE
    ../clib/heapaux.c                        0x00000000   Number         0  heapauxi.o ABSOLUTE
    ../clib/libinit.s                        0x00000000   Number         0  libinit2.o ABSOLUTE
    ../clib/libinit.s                        0x00000000   Number         0  libshutdown2.o ABSOLUTE
    ../clib/libinit.s                        0x00000000   Number         0  libinit.o ABSOLUTE
    ../clib/libinit.s                        0x00000000   Number         0  libshutdown.o ABSOLUTE
    ../clib/signal.c                         0x00000000   Number         0  defsig_general.o ABSOLUTE
    ../clib/signal.c                         0x00000000   Number         0  defsig_other.o ABSOLUTE
    ../clib/signal.c                         0x00000000   Number         0  defsig_segv_inner.o ABSOLUTE
    ../clib/signal.c                         0x00000000   Number         0  defsig_abrt_inner.o ABSOLUTE
    ../clib/signal.c                         0x00000000   Number         0  defsig_exit.o ABSOLUTE
    ../clib/signal.c                         0x00000000   Number         0  defsig_pvfn_inner.o ABSOLUTE
    ../clib/signal.c                         0x00000000   Number         0  defsig_stak_inner.o ABSOLUTE
    ../clib/signal.c                         0x00000000   Number         0  defsig_rtred_inner.o ABSOLUTE
    ../clib/signal.c                         0x00000000   Number         0  __raise.o ABSOLUTE
    ../clib/signal.c                         0x00000000   Number         0  defsig_fpe_inner.o ABSOLUTE
    ../clib/signal.c                         0x00000000   Number         0  defsig_rtmem_formal.o ABSOLUTE
    ../clib/signal.c                         0x00000000   Number         0  defsig_rtmem_outer.o ABSOLUTE
    ../clib/signal.c                         0x00000000   Number         0  defsig_rtmem_inner.o ABSOLUTE
    ../clib/signal.c                         0x00000000   Number         0  defsig_cppl_inner.o ABSOLUTE
    ../clib/signal.s                         0x00000000   Number         0  defsig.o ABSOLUTE
    ../clib/stdlib.c                         0x00000000   Number         0  exit.o ABSOLUTE
    ../fplib/fpinit.s                        0x00000000   Number         0  fpinit.o ABSOLUTE
    ADC.c                                    0x00000000   Number         0  adc.o ABSOLUTE
    DAC.c                                    0x00000000   Number         0  dac.o ABSOLUTE
    GameEngine.c                             0x00000000   Number         0  gameengine.o ABSOLUTE
    Nokia5110.c                              0x00000000   Number         0  nokia5110.o ABSOLUTE
    Sound.c                                  0x00000000   Number         0  sound.o ABSOLUTE
    SpaceInvaders.c                          0x00000000   Number         0  spaceinvaders.o ABSOLUTE
    SwitchLed.c                              0x00000000   Number         0  switchled.o ABSOLUTE
    TExaS.c                                  0x00000000   Number         0  texas.o ABSOLUTE
    dc.s                                     0x00000000   Number         0  dc.o ABSOLUTE
    random.s                                 0x00000000   Number         0  random.o ABSOLUTE
    startup.s                                0x00000000   Number         0  startup.o ABSOLUTE
    !!!main                                  0x00000284   Section        8  __main.o(!!!main)
    !!!scatter                               0x0000028c   Section       52  __scatter.o(!!!scatter)
    !!handler_copy                           0x000002c0   Section       26  __scatter_copy.o(!!handler_copy)
    !!handler_zi                             0x000002dc   Section       28  __scatter_zi.o(!!handler_zi)
    .ARM.Collect$$libinit$$00000000          0x000002f8   Section        2  libinit.o(.ARM.Collect$$libinit$$00000000)
    .ARM.Collect$$libinit$$00000002          0x000002fa   Section        0  libinit2.o(.ARM.Collect$$libinit$$00000002)
    .ARM.Collect$$libinit$$00000008          0x000002fa   Section        0  libinit2.o(.ARM.Collect$$libinit$$00000008)
    .ARM.Collect$$libinit$$0000000A          0x000002fa   Section        0  libinit2.o(.ARM.Collect$$libinit$$0000000A)
    .ARM.Collect$$libinit$$0000000C          0x000002fa   Section        0  libinit2.o(.ARM.Collect$$libinit$$0000000C)
    .ARM.Collect$$libinit$$0000000F          0x000002fa   Section        0  libinit2.o(.ARM.Collect$$libinit$$0000000F)
    .ARM.Collect$$libinit$$00000011          0x000002fa   Section        0  libinit2.o(.ARM.Collect$$libinit$$00000011)
    .ARM.Collect$$libinit$$00000013          0x000002fa   Section        0  libinit2.o(.ARM.Collect$$libinit$$00000013)
    .ARM.Collect$$libinit$$00000015          0x000002fa   Section        0  libinit2.o(.ARM.Collect$$libinit$$00000015)
    .ARM.Collect$$libinit$$00000017          0x000002fa   Section        0  libinit2.o(.ARM.Collect$$libinit$$00000017)
    .ARM.Collect$$libinit$$00000019          0x000002fa   Section        0  libinit2.o(.ARM.Collect$$libinit$$00000019)
    .ARM.Collect$$libinit$$0000001B          0x000002fa   Section        0  libinit2.o(.ARM.Collect$$libinit$$0000001B)
    .ARM.Collect$$libinit$$0000001D          0x000002fa   Section        0  libinit2.o(.ARM.Collect$$libinit$$0000001D)
    .ARM.Collect$$libinit$$0000001F          0x000002fa   Section        0  libinit2.o(.ARM.Collect$$libinit$$0000001F)
    .ARM.Collect$$libinit$$00000021          0x000002fa   Section        0  libinit2.o(.ARM.Collect$$libinit$$00000021)
    .ARM.Collect$$libinit$$00000023          0x000002fa   Section        0  libinit2.o(.ARM.Collect$$libinit$$00000023)
    .ARM.Collect$$libinit$$0000002A          0x000002fa   Section        0  libinit2.o(.ARM.Collect$$libinit$$0000002A)
    .ARM.Collect$$libinit$$0000002C          0x000002fa   Section        0  libinit2.o(.ARM.Collect$$libinit$$0000002C)
    .ARM.Collect$$libinit$$0000002E          0x000002fa   Section        0  libinit2.o(.ARM.Collect$$libinit$$0000002E)
    .ARM.Collect$$libinit$$00000030          0x000002fa   Section        0  libinit2.o(.ARM.Collect$$libinit$$00000030)
    .ARM.Collect$$libinit$$00000031          0x000002fa   Section        2  libinit2.o(.ARM.Collect$$libinit$$00000031)
    .ARM.Collect$$libshutdown$$00000000      0x000002fc   Section        2  libshutdown.o(.ARM.Collect$$libshutdown$$00000000)
    .ARM.Collect$$libshutdown$$00000003      0x000002fe   Section        0  libshutdown2.o(.ARM.Collect$$libshutdown$$00000003)
    .ARM.Collect$$libshutdown$$00000006      0x000002fe   Section        0  libshutdown2.o(.ARM.Collect$$libshutdown$$00000006)
    .ARM.Collect$$libshutdown$$00000009      0x000002fe   Section        0  libshutdown2.o(.ARM.Collect$$libshutdown$$00000009)
    .ARM.Collect$$libshutdown$$0000000B      0x000002fe   Section        0  libshutdown2.o(.ARM.Collect$$libshutdown$$0000000B)
    .ARM.Collect$$libshutdown$$0000000E      0x000002fe   Section        0  libshutdown2.o(.ARM.Collect$$libshutdown$$0000000E)
    .ARM.Collect$$libshutdown$$0000000F      0x000002fe   Section        2  libshutdown2.o(.ARM.Collect$$libshutdown$$0000000F)
    .ARM.Collect$$rtentry$$00000000          0x00000300   Section        0  rtentry.o(.ARM.Collect$$rtentry$$00000000)
    .ARM.Collect$$rtentry$$00000002          0x00000300   Section        0  rtentry2.o(.ARM.Collect$$rtentry$$00000002)
    .ARM.Collect$$rtentry$$00000004          0x00000300   Section        6  rtentry4.o(.ARM.Collect$$rtentry$$00000004)
    .ARM.Collect$$rtentry$$00000009          0x00000306   Section        0  rtentry2.o(.ARM.Collect$$rtentry$$00000009)
    .ARM.Collect$$rtentry$$0000000A          0x00000306   Section        4  rtentry2.o(.ARM.Collect$$rtentry$$0000000A)
    .ARM.Collect$$rtentry$$0000000C          0x0000030a   Section        0  rtentry2.o(.ARM.Collect$$rtentry$$0000000C)
    .ARM.Collect$$rtentry$$0000000D          0x0000030a   Section        8  rtentry2.o(.ARM.Collect$$rtentry$$0000000D)
    .ARM.Collect$$rtexit$$00000000           0x00000312   Section        2  rtexit.o(.ARM.Collect$$rtexit$$00000000)
    .ARM.Collect$$rtexit$$00000002           0x00000314   Section        0  rtexit2.o(.ARM.Collect$$rtexit$$00000002)
    .ARM.Collect$$rtexit$$00000003           0x00000314   Section        4  rtexit2.o(.ARM.Collect$$rtexit$$00000003)
    .ARM.Collect$$rtexit$$00000004           0x00000318   Section        6  rtexit2.o(.ARM.Collect$$rtexit$$00000004)
    .text                                    0x00000320   Section       48  startup.o(.text)
    .text                                    0x00000350   Section       40  random.o(.text)
    .text                                    0x00000378   Section        0  heapauxi.o(.text)
    .text                                    0x0000037e   Section       74  sys_stackheap_outer.o(.text)
    .text                                    0x000003c8   Section        0  exit.o(.text)
    .text                                    0x000003d4   Section        8  libspace.o(.text)
    .text                                    0x000003dc   Section        0  sys_exit.o(.text)
    .text                                    0x000003e8   Section        2  use_no_semi.o(.text)
    .text                                    0x000003ea   Section        0  indicate_semi.o(.text)
    i.ADC0_In                                0x000003ec   Section        0  adc.o(i.ADC0_In)
    i.ADC0_Init                              0x00000418   Section        0  adc.o(i.ADC0_Init)
    i.ADC1_In                                0x000004e8   Section        0  texas.o(i.ADC1_In)
    i.ADC1_Init                              0x000004f4   Section        0  texas.o(i.ADC1_Init)
    i.CheckBumperLaserCollision              0x000005c8   Section        0  gameengine.o(i.CheckBumperLaserCollision)
    i.CheckEnemyRegMissileCollisions         0x000006e4   Section        0  gameengine.o(i.CheckEnemyRegMissileCollisions)
    i.CheckEnemySpecMissileCollisions        0x00000820   Section        0  gameengine.o(i.CheckEnemySpecMissileCollisions)
    i.CheckLaserRegMissileCollision          0x00000aa4   Section        0  gameengine.o(i.CheckLaserRegMissileCollision)
    i.CheckLaserSpecMissileCollision         0x00000bb4   Section        0  gameengine.o(i.CheckLaserSpecMissileCollision)
    i.CheckPlayerLaserCollision              0x00000dc8   Section        0  gameengine.o(i.CheckPlayerLaserCollision)
    i.Check_Collisions                       0x00000e94   Section        0  gameengine.o(i.Check_Collisions)
    i.Check_GameOver                         0x00000eb0   Section        0  gameengine.o(i.Check_GameOver)
    i.ConvertToDistance                      0x00000ed0   Section        0  gameengine.o(i.ConvertToDistance)
    i.DAC_Init                               0x00000edc   Section        0  dac.o(i.DAC_Init)
    i.DAC_Out                                0x00000f3c   Section        0  dac.o(i.DAC_Out)
    i.Delay100ms                             0x00000f48   Section        0  spaceinvaders.o(i.Delay100ms)
    i.DrawBunkers                            0x00000f6c   Section        0  gameengine.o(i.DrawBunkers)
    i.DrawEnemies                            0x00000fb8   Section        0  gameengine.o(i.DrawEnemies)
    i.DrawLasers                             0x0000104c   Section        0  gameengine.o(i.DrawLasers)
    i.DrawPlayer                             0x00001094   Section        0  gameengine.o(i.DrawPlayer)
    i.DrawRegMissiles                        0x000010d0   Section        0  gameengine.o(i.DrawRegMissiles)
    i.DrawSpecMissiles                       0x00001118   Section        0  gameengine.o(i.DrawSpecMissiles)
    i.Draw_GameFrame                         0x000011b8   Section        0  gameengine.o(i.Draw_GameFrame)
    i.EnemyLaserFire                         0x000011f0   Section        0  gameengine.o(i.EnemyLaserFire)
    i.EnemyMove                              0x000012c8   Section        0  gameengine.o(i.EnemyMove)
    i.Failure_LedCount                       0x0000130c   Section        0  switchled.o(i.Failure_LedCount)
    i.Failure_LedOff                         0x00001328   Section        0  switchled.o(i.Failure_LedOff)
    i.Failure_LedOn                          0x00001340   Section        0  switchled.o(i.Failure_LedOn)
    i.Game_Init                              0x00001360   Section        0  gameengine.o(i.Game_Init)
    i.LaserMove                              0x000015d4   Section        0  gameengine.o(i.LaserMove)
    i.Move_ActiveObjects                     0x0000164c   Section        0  gameengine.o(i.Move_ActiveObjects)
    i.Nokia5110_Clear                        0x00001664   Section        0  nokia5110.o(i.Nokia5110_Clear)
    i.Nokia5110_ClearBuffer                  0x00001684   Section        0  nokia5110.o(i.Nokia5110_ClearBuffer)
    i.Nokia5110_DisplayBuffer                0x0000169c   Section        0  nokia5110.o(i.Nokia5110_DisplayBuffer)
    i.Nokia5110_DrawFullImage                0x000016ac   Section        0  nokia5110.o(i.Nokia5110_DrawFullImage)
    i.Nokia5110_Init                         0x000016d0   Section        0  nokia5110.o(i.Nokia5110_Init)
    i.Nokia5110_OutChar                      0x0000183c   Section        0  nokia5110.o(i.Nokia5110_OutChar)
    i.Nokia5110_OutString                    0x00001874   Section        0  nokia5110.o(i.Nokia5110_OutString)
    i.Nokia5110_OutUDec                      0x0000188c   Section        0  nokia5110.o(i.Nokia5110_OutUDec)
    i.Nokia5110_PrintBMP                     0x00001a28   Section        0  nokia5110.o(i.Nokia5110_PrintBMP)
    i.Nokia5110_SetCursor                    0x00001bd0   Section        0  nokia5110.o(i.Nokia5110_SetCursor)
    i.PF1Init                                0x00001c00   Section        0  spaceinvaders.o(i.PF1Init)
    i.PLL_Init                               0x00001c70   Section        0  texas.o(i.PLL_Init)
    i.PlayerMove                             0x00001cec   Section        0  gameengine.o(i.PlayerMove)
    i.RandomGenerator                        0x00001d08   Section        0  gameengine.o(i.RandomGenerator)
    i.RegMissileMove                         0x00001d1c   Section        0  gameengine.o(i.RegMissileMove)
    i.RegMissile_Fire                        0x00001d94   Section        0  gameengine.o(i.RegMissile_Fire)
    i.SetCode                                0x00001e18   Section        0  texas.o(i.SetCode)
    i.SetCourse                              0x00001e30   Section        0  texas.o(i.SetCourse)
    i.Set_Difficulty                         0x00001e48   Section        0  gameengine.o(i.Set_Difficulty)
    i.SoundOut                               0x00001e64   Section        0  sound.o(i.SoundOut)
    i.Sound_Explosion                        0x00001e80   Section        0  sound.o(i.Sound_Explosion)
    i.Sound_Init                             0x00001e94   Section        0  sound.o(i.Sound_Init)
    i.Sound_InvaderShoot                     0x00001eb0   Section        0  sound.o(i.Sound_InvaderShoot)
    i.Sound_Killed                           0x00001ec4   Section        0  sound.o(i.Sound_Killed)
    i.Sound_Play                             0x00001ed8   Section        0  sound.o(i.Sound_Play)
    i.Sound_Shoot                            0x00001f1c   Section        0  sound.o(i.Sound_Shoot)
    i.SpecMissileMove                        0x00001f30   Section        0  gameengine.o(i.SpecMissileMove)
    i.SpecMissile_Fire                       0x00002104   Section        0  gameengine.o(i.SpecMissile_Fire)
    i.State_GameOver                         0x00002238   Section        0  gameengine.o(i.State_GameOver)
    i.Success_LedCount                       0x00002308   Section        0  switchled.o(i.Success_LedCount)
    i.Success_LedOff                         0x00002324   Section        0  switchled.o(i.Success_LedOff)
    i.Success_LedOn                          0x0000233c   Section        0  switchled.o(i.Success_LedOn)
    i.SwitchLed_Init                         0x0000235c   Section        0  switchled.o(i.SwitchLed_Init)
    i.Switch_Fire                            0x00002418   Section        0  switchled.o(i.Switch_Fire)
    i.Switch_SpecialFire                     0x00002444   Section        0  switchled.o(i.Switch_SpecialFire)
    i.SysTick_Handler                        0x00002470   Section        0  spaceinvaders.o(i.SysTick_Handler)
    i.SysTick_Init                           0x000024e4   Section        0  spaceinvaders.o(i.SysTick_Init)
    i.TExaS_Init                             0x00002514   Section        0  texas.o(i.TExaS_Init)
    i.Timer2A_Handler                        0x000026d8   Section        0  spaceinvaders.o(i.Timer2A_Handler)
    i.Timer2_Init                            0x00002708   Section        0  spaceinvaders.o(i.Timer2_Init)
    i.Timer4A_Handler                        0x00002770   Section        0  texas.o(i.Timer4A_Handler)
    i.Timer5A_Handler                        0x00002790   Section        0  texas.o(i.Timer5A_Handler)
    i.UART0_Init                             0x000027c0   Section        0  texas.o(i.UART0_Init)
    i.lcdwrite                               0x00002880   Section        0  nokia5110.o(i.lcdwrite)
    lcdwrite                                 0x00002881   Thumb Code    66  nokia5110.o(i.lcdwrite)
    i.main                                   0x000028cc   Section        0  spaceinvaders.o(i.main)
    .constdata                               0x0000296c   Section      480  nokia5110.o(.constdata)
    ASCII                                    0x0000296c   Data         480  nokia5110.o(.constdata)
    .constdata                               0x00002b4c   Section      360  texas.o(.constdata)
    .constdata                               0x00002cb4   Section     4411  gameengine.o(.constdata)
    ASCII                                    0x00002cb4   Data         480  gameengine.o(.constdata)
    .constdata                               0x00003def   Section    10439  sound.o(.constdata)
    .data                                    0x20000000   Section        8  spaceinvaders.o(.data)
    .data                                    0x20000008   Section       52  texas.o(.data)
    .data                                    0x2000003c   Section       22  gameengine.o(.data)
    .data                                    0x20000054   Section       16  switchled.o(.data)
    .data                                    0x20000064   Section       12  sound.o(.data)
    DATA                                     0x20000070   Section        4  random.o(DATA)
    M                                        0x20000070   Data           4  random.o(DATA)
    .bss                                     0x20000074   Section      504  nokia5110.o(.bss)
    .bss                                     0x20000270   Section       56  texas.o(.bss)
    .bss                                     0x200002a8   Section      680  gameengine.o(.bss)
    .bss                                     0x20000550   Section       96  libspace.o(.bss)
    HEAP                                     0x200005b0   Section        0  startup.o(HEAP)
    STACK                                    0x200005b0   Section     1024  startup.o(STACK)
    HeapMem                                  0x200005b0   Data           0  startup.o(HEAP)
    StackMem                                 0x200005b0   Data           0  startup.o(STACK)

    Global Symbols

    Symbol Name                              Value     Ov Type        Size  Object(Section)

    BuildAttributes$$THM_ISAv4$E$P$D$K$B$S$7EM$PE$A:L22UL41UL21$X:L11$S22US41US21$IEEE1$IW$USESV6$~STKCKD$USESV7$~SHL$OSPACE$ROPI$EBA8$UX$STANDARDLIB$REQ8$PRES8$EABIv2 0x00000000   Number         0  anon$$obj.o ABSOLUTE
    __ARM_use_no_argv                        0x00000000   Number         0  spaceinvaders.o ABSOLUTE
    __Vectors                                0x00000000   Data           0  startup.o(RESET)
    __ARM_exceptions_init                     - Undefined Weak Reference
    __alloca_initialize                       - Undefined Weak Reference
    __cpp_initialize__aeabi_                  - Undefined Weak Reference
    __cxa_finalize                            - Undefined Weak Reference
    __rt_locale                               - Undefined Weak Reference
    __sigvec_lookup                           - Undefined Weak Reference
    _atexit_init                              - Undefined Weak Reference
    _call_atexit_fns                          - Undefined Weak Reference
    _clock_init                               - Undefined Weak Reference
    _fp_trap_init                             - Undefined Weak Reference
    _fp_trap_shutdown                         - Undefined Weak Reference
    _get_lc_collate                           - Undefined Weak Reference
    _get_lc_ctype                             - Undefined Weak Reference
    _get_lc_monetary                          - Undefined Weak Reference
    _get_lc_numeric                           - Undefined Weak Reference
    _get_lc_time                              - Undefined Weak Reference
    _getenv_init                              - Undefined Weak Reference
    _handle_redirection                       - Undefined Weak Reference
    _init_alloc                               - Undefined Weak Reference
    _init_user_alloc                          - Undefined Weak Reference
    _initio                                   - Undefined Weak Reference
    _rand_init                                - Undefined Weak Reference
    _signal_finish                            - Undefined Weak Reference
    _signal_init                              - Undefined Weak Reference
    _terminate_alloc                          - Undefined Weak Reference
    _terminate_user_alloc                     - Undefined Weak Reference
    _terminateio                              - Undefined Weak Reference
    Reset_Handler                            0x0000026d   Thumb Code     0  startup.o(RESET)
    NMI_Handler                              0x00000271   Thumb Code     2  startup.o(RESET)
    HardFault_Handler                        0x00000273   Thumb Code     2  startup.o(RESET)
    MemManage_Handler                        0x00000275   Thumb Code     2  startup.o(RESET)
    BusFault_Handler                         0x00000277   Thumb Code     2  startup.o(RESET)
    UsageFault_Handler                       0x00000279   Thumb Code     2  startup.o(RESET)
    SVC_Handler                              0x0000027b   Thumb Code     2  startup.o(RESET)
    DebugMon_Handler                         0x0000027d   Thumb Code     2  startup.o(RESET)
    PendSV_Handler                           0x0000027f   Thumb Code     2  startup.o(RESET)
    ADC0Seq0_Handler                         0x00000283   Thumb Code     0  startup.o(RESET)
    ADC0Seq1_Handler                         0x00000283   Thumb Code     0  startup.o(RESET)
    ADC0Seq2_Handler                         0x00000283   Thumb Code     0  startup.o(RESET)
    ADC0Seq3_Handler                         0x00000283   Thumb Code     0  startup.o(RESET)
    ADC1Seq0_Handler                         0x00000283   Thumb Code     0  startup.o(RESET)
    ADC1Seq1_Handler                         0x00000283   Thumb Code     0  startup.o(RESET)
    ADC1Seq2_Handler                         0x00000283   Thumb Code     0  startup.o(RESET)
    ADC1Seq3_Handler                         0x00000283   Thumb Code     0  startup.o(RESET)
    CAN0_Handler                             0x00000283   Thumb Code     0  startup.o(RESET)
    CAN1_Handler                             0x00000283   Thumb Code     0  startup.o(RESET)
    CAN2_Handler                             0x00000283   Thumb Code     0  startup.o(RESET)
    Comp0_Handler                            0x00000283   Thumb Code     0  startup.o(RESET)
    Comp1_Handler                            0x00000283   Thumb Code     0  startup.o(RESET)
    Comp2_Handler                            0x00000283   Thumb Code     0  startup.o(RESET)
    Ethernet_Handler                         0x00000283   Thumb Code     0  startup.o(RESET)
    ExtBus_Handler                           0x00000283   Thumb Code     0  startup.o(RESET)
    FPU_Handler                              0x00000283   Thumb Code     0  startup.o(RESET)
    Fan0_Handler                             0x00000283   Thumb Code     0  startup.o(RESET)
    FlashCtl_Handler                         0x00000283   Thumb Code     0  startup.o(RESET)
    GPIOPortA_Handler                        0x00000283   Thumb Code     0  startup.o(RESET)
    GPIOPortB_Handler                        0x00000283   Thumb Code     0  startup.o(RESET)
    GPIOPortC_Handler                        0x00000283   Thumb Code     0  startup.o(RESET)
    GPIOPortD_Handler                        0x00000283   Thumb Code     0  startup.o(RESET)
    GPIOPortE_Handler                        0x00000283   Thumb Code     0  startup.o(RESET)
    GPIOPortF_Handler                        0x00000283   Thumb Code     0  startup.o(RESET)
    GPIOPortG_Handler                        0x00000283   Thumb Code     0  startup.o(RESET)
    GPIOPortH_Handler                        0x00000283   Thumb Code     0  startup.o(RESET)
    GPIOPortJ_Handler                        0x00000283   Thumb Code     0  startup.o(RESET)
    GPIOPortK_Handler                        0x00000283   Thumb Code     0  startup.o(RESET)
    GPIOPortL_Handler                        0x00000283   Thumb Code     0  startup.o(RESET)
    GPIOPortM_Handler                        0x00000283   Thumb Code     0  startup.o(RESET)
    GPIOPortN_Handler                        0x00000283   Thumb Code     0  startup.o(RESET)
    GPIOPortP1_Handler                       0x00000283   Thumb Code     0  startup.o(RESET)
    GPIOPortP2_Handler                       0x00000283   Thumb Code     0  startup.o(RESET)
    GPIOPortP3_Handler                       0x00000283   Thumb Code     0  startup.o(RESET)
    GPIOPortP4_Handler                       0x00000283   Thumb Code     0  startup.o(RESET)
    GPIOPortP5_Handler                       0x00000283   Thumb Code     0  startup.o(RESET)
    GPIOPortP6_Handler                       0x00000283   Thumb Code     0  startup.o(RESET)
    GPIOPortP7_Handler                       0x00000283   Thumb Code     0  startup.o(RESET)
    GPIOPortP_Handler                        0x00000283   Thumb Code     0  startup.o(RESET)
    GPIOPortQ1_Handler                       0x00000283   Thumb Code     0  startup.o(RESET)
    GPIOPortQ2_Handler                       0x00000283   Thumb Code     0  startup.o(RESET)
    GPIOPortQ3_Handler                       0x00000283   Thumb Code     0  startup.o(RESET)
    GPIOPortQ4_Handler                       0x00000283   Thumb Code     0  startup.o(RESET)
    GPIOPortQ5_Handler                       0x00000283   Thumb Code     0  startup.o(RESET)
    GPIOPortQ6_Handler                       0x00000283   Thumb Code     0  startup.o(RESET)
    GPIOPortQ7_Handler                       0x00000283   Thumb Code     0  startup.o(RESET)
    GPIOPortQ_Handler                        0x00000283   Thumb Code     0  startup.o(RESET)
    GPIOPortR_Handler                        0x00000283   Thumb Code     0  startup.o(RESET)
    GPIOPortS_Handler                        0x00000283   Thumb Code     0  startup.o(RESET)
    Hibernate_Handler                        0x00000283   Thumb Code     0  startup.o(RESET)
    I2C0_Handler                             0x00000283   Thumb Code     0  startup.o(RESET)
    I2C1_Handler                             0x00000283   Thumb Code     0  startup.o(RESET)
    I2C2_Handler                             0x00000283   Thumb Code     0  startup.o(RESET)
    I2C3_Handler                             0x00000283   Thumb Code     0  startup.o(RESET)
    I2C4_Handler                             0x00000283   Thumb Code     0  startup.o(RESET)
    I2C5_Handler                             0x00000283   Thumb Code     0  startup.o(RESET)
    I2S0_Handler                             0x00000283   Thumb Code     0  startup.o(RESET)
    LPC0_Handler                             0x00000283   Thumb Code     0  startup.o(RESET)
    PECI0_Handler                            0x00000283   Thumb Code     0  startup.o(RESET)
    PWM0Fault_Handler                        0x00000283   Thumb Code     0  startup.o(RESET)
    PWM0Generator0_Handler                   0x00000283   Thumb Code     0  startup.o(RESET)
    PWM0Generator1_Handler                   0x00000283   Thumb Code     0  startup.o(RESET)
    PWM0Generator2_Handler                   0x00000283   Thumb Code     0  startup.o(RESET)
    PWM0Generator3_Handler                   0x00000283   Thumb Code     0  startup.o(RESET)
    PWM1Fault_Handler                        0x00000283   Thumb Code     0  startup.o(RESET)
    PWM1Generator0_Handler                   0x00000283   Thumb Code     0  startup.o(RESET)
    PWM1Generator1_Handler                   0x00000283   Thumb Code     0  startup.o(RESET)
    PWM1Generator2_Handler                   0x00000283   Thumb Code     0  startup.o(RESET)
    PWM1Generator3_Handler                   0x00000283   Thumb Code     0  startup.o(RESET)
    Quadrature0_Handler                      0x00000283   Thumb Code     0  startup.o(RESET)
    Quadrature1_Handler                      0x00000283   Thumb Code     0  startup.o(RESET)
    Quadrature2_Handler                      0x00000283   Thumb Code     0  startup.o(RESET)
    SSI0_Handler                             0x00000283   Thumb Code     0  startup.o(RESET)
    SSI1_Handler                             0x00000283   Thumb Code     0  startup.o(RESET)
    SSI2_Handler                             0x00000283   Thumb Code     0  startup.o(RESET)
    SSI3_Handler                             0x00000283   Thumb Code     0  startup.o(RESET)
    SysCtl_Handler                           0x00000283   Thumb Code     0  startup.o(RESET)
    Timer0A_Handler                          0x00000283   Thumb Code     0  startup.o(RESET)
    Timer0B_Handler                          0x00000283   Thumb Code     0  startup.o(RESET)
    Timer1A_Handler                          0x00000283   Thumb Code     0  startup.o(RESET)
    Timer1B_Handler                          0x00000283   Thumb Code     0  startup.o(RESET)
    Timer2B_Handler                          0x00000283   Thumb Code     0  startup.o(RESET)
    Timer3A_Handler                          0x00000283   Thumb Code     0  startup.o(RESET)
    Timer3B_Handler                          0x00000283   Thumb Code     0  startup.o(RESET)
    Timer4B_Handler                          0x00000283   Thumb Code     0  startup.o(RESET)
    Timer5B_Handler                          0x00000283   Thumb Code     0  startup.o(RESET)
    UART0_Handler                            0x00000283   Thumb Code     0  startup.o(RESET)
    UART1_Handler                            0x00000283   Thumb Code     0  startup.o(RESET)
    UART2_Handler                            0x00000283   Thumb Code     0  startup.o(RESET)
    UART3_Handler                            0x00000283   Thumb Code     0  startup.o(RESET)
    UART4_Handler                            0x00000283   Thumb Code     0  startup.o(RESET)
    UART5_Handler                            0x00000283   Thumb Code     0  startup.o(RESET)
    UART6_Handler                            0x00000283   Thumb Code     0  startup.o(RESET)
    UART7_Handler                            0x00000283   Thumb Code     0  startup.o(RESET)
    USB0_Handler                             0x00000283   Thumb Code     0  startup.o(RESET)
    WDT_Handler                              0x00000283   Thumb Code     0  startup.o(RESET)
    WideTimer0A_Handler                      0x00000283   Thumb Code     0  startup.o(RESET)
    WideTimer0B_Handler                      0x00000283   Thumb Code     0  startup.o(RESET)
    WideTimer1A_Handler                      0x00000283   Thumb Code     0  startup.o(RESET)
    WideTimer1B_Handler                      0x00000283   Thumb Code     0  startup.o(RESET)
    WideTimer2A_Handler                      0x00000283   Thumb Code     0  startup.o(RESET)
    WideTimer2B_Handler                      0x00000283   Thumb Code     0  startup.o(RESET)
    WideTimer3A_Handler                      0x00000283   Thumb Code     0  startup.o(RESET)
    WideTimer3B_Handler                      0x00000283   Thumb Code     0  startup.o(RESET)
    WideTimer4A_Handler                      0x00000283   Thumb Code     0  startup.o(RESET)
    WideTimer4B_Handler                      0x00000283   Thumb Code     0  startup.o(RESET)
    WideTimer5A_Handler                      0x00000283   Thumb Code     0  startup.o(RESET)
    WideTimer5B_Handler                      0x00000283   Thumb Code     0  startup.o(RESET)
    uDMA_Error                               0x00000283   Thumb Code     0  startup.o(RESET)
    uDMA_Handler                             0x00000283   Thumb Code     0  startup.o(RESET)
    __main                                   0x00000285   Thumb Code     8  __main.o(!!!main)
    __scatterload                            0x0000028d   Thumb Code     0  __scatter.o(!!!scatter)
    __scatterload_rt2                        0x0000028d   Thumb Code    44  __scatter.o(!!!scatter)
    __scatterload_rt2_thumb_only             0x0000028d   Thumb Code     0  __scatter.o(!!!scatter)
    __scatterload_null                       0x0000029b   Thumb Code     0  __scatter.o(!!!scatter)
    __scatterload_copy                       0x000002c1   Thumb Code    26  __scatter_copy.o(!!handler_copy)
    __scatterload_zeroinit                   0x000002dd   Thumb Code    28  __scatter_zi.o(!!handler_zi)
    __rt_lib_init                            0x000002f9   Thumb Code     0  libinit.o(.ARM.Collect$$libinit$$00000000)
    __rt_lib_init_alloca_1                   0x000002fb   Thumb Code     0  libinit2.o(.ARM.Collect$$libinit$$0000002C)
    __rt_lib_init_argv_1                     0x000002fb   Thumb Code     0  libinit2.o(.ARM.Collect$$libinit$$0000002A)
    __rt_lib_init_atexit_1                   0x000002fb   Thumb Code     0  libinit2.o(.ARM.Collect$$libinit$$00000019)
    __rt_lib_init_clock_1                    0x000002fb   Thumb Code     0  libinit2.o(.ARM.Collect$$libinit$$0000001F)
    __rt_lib_init_cpp_1                      0x000002fb   Thumb Code     0  libinit2.o(.ARM.Collect$$libinit$$00000030)
    __rt_lib_init_exceptions_1               0x000002fb   Thumb Code     0  libinit2.o(.ARM.Collect$$libinit$$0000002E)
    __rt_lib_init_fp_1                       0x000002fb   Thumb Code     0  libinit2.o(.ARM.Collect$$libinit$$00000002)
    __rt_lib_init_fp_trap_1                  0x000002fb   Thumb Code     0  libinit2.o(.ARM.Collect$$libinit$$0000001D)
    __rt_lib_init_getenv_1                   0x000002fb   Thumb Code     0  libinit2.o(.ARM.Collect$$libinit$$00000021)
    __rt_lib_init_heap_1                     0x000002fb   Thumb Code     0  libinit2.o(.ARM.Collect$$libinit$$00000008)
    __rt_lib_init_lc_collate_1               0x000002fb   Thumb Code     0  libinit2.o(.ARM.Collect$$libinit$$0000000F)
    __rt_lib_init_lc_ctype_1                 0x000002fb   Thumb Code     0  libinit2.o(.ARM.Collect$$libinit$$00000011)
    __rt_lib_init_lc_monetary_1              0x000002fb   Thumb Code     0  libinit2.o(.ARM.Collect$$libinit$$00000013)
    __rt_lib_init_lc_numeric_1               0x000002fb   Thumb Code     0  libinit2.o(.ARM.Collect$$libinit$$00000015)
    __rt_lib_init_lc_time_1                  0x000002fb   Thumb Code     0  libinit2.o(.ARM.Collect$$libinit$$00000017)
    __rt_lib_init_rand_1                     0x000002fb   Thumb Code     0  libinit2.o(.ARM.Collect$$libinit$$0000000C)
    __rt_lib_init_return                     0x000002fb   Thumb Code     0  libinit2.o(.ARM.Collect$$libinit$$00000031)
    __rt_lib_init_signal_1                   0x000002fb   Thumb Code     0  libinit2.o(.ARM.Collect$$libinit$$0000001B)
    __rt_lib_init_stdio_1                    0x000002fb   Thumb Code     0  libinit2.o(.ARM.Collect$$libinit$$00000023)
    __rt_lib_init_user_alloc_1               0x000002fb   Thumb Code     0  libinit2.o(.ARM.Collect$$libinit$$0000000A)
    __rt_lib_shutdown                        0x000002fd   Thumb Code     0  libshutdown.o(.ARM.Collect$$libshutdown$$00000000)
    __rt_lib_shutdown_fp_trap_1              0x000002ff   Thumb Code     0  libshutdown2.o(.ARM.Collect$$libshutdown$$00000006)
    __rt_lib_shutdown_heap_1                 0x000002ff   Thumb Code     0  libshutdown2.o(.ARM.Collect$$libshutdown$$0000000E)
    __rt_lib_shutdown_return                 0x000002ff   Thumb Code     0  libshutdown2.o(.ARM.Collect$$libshutdown$$0000000F)
    __rt_lib_shutdown_signal_1               0x000002ff   Thumb Code     0  libshutdown2.o(.ARM.Collect$$libshutdown$$00000009)
    __rt_lib_shutdown_stdio_1                0x000002ff   Thumb Code     0  libshutdown2.o(.ARM.Collect$$libshutdown$$00000003)
    __rt_lib_shutdown_user_alloc_1           0x000002ff   Thumb Code     0  libshutdown2.o(.ARM.Collect$$libshutdown$$0000000B)
    __rt_entry                               0x00000301   Thumb Code     0  rtentry.o(.ARM.Collect$$rtentry$$00000000)
    __rt_entry_presh_1                       0x00000301   Thumb Code     0  rtentry2.o(.ARM.Collect$$rtentry$$00000002)
    __rt_entry_sh                            0x00000301   Thumb Code     0  rtentry4.o(.ARM.Collect$$rtentry$$00000004)
    __rt_entry_li                            0x00000307   Thumb Code     0  rtentry2.o(.ARM.Collect$$rtentry$$0000000A)
    __rt_entry_postsh_1                      0x00000307   Thumb Code     0  rtentry2.o(.ARM.Collect$$rtentry$$00000009)
    __rt_entry_main                          0x0000030b   Thumb Code     0  rtentry2.o(.ARM.Collect$$rtentry$$0000000D)
    __rt_entry_postli_1                      0x0000030b   Thumb Code     0  rtentry2.o(.ARM.Collect$$rtentry$$0000000C)
    __rt_exit                                0x00000313   Thumb Code     0  rtexit.o(.ARM.Collect$$rtexit$$00000000)
    __rt_exit_ls                             0x00000315   Thumb Code     0  rtexit2.o(.ARM.Collect$$rtexit$$00000003)
    __rt_exit_prels_1                        0x00000315   Thumb Code     0  rtexit2.o(.ARM.Collect$$rtexit$$00000002)
    __rt_exit_exit                           0x00000319   Thumb Code     0  rtexit2.o(.ARM.Collect$$rtexit$$00000004)
    DisableInterrupts                        0x00000321   Thumb Code     0  startup.o(.text)
    EnableInterrupts                         0x00000325   Thumb Code     0  startup.o(.text)
    StartCritical                            0x00000329   Thumb Code     0  startup.o(.text)
    EndCritical                              0x00000331   Thumb Code     0  startup.o(.text)
    WaitForInterrupt                         0x00000337   Thumb Code     0  startup.o(.text)
    __user_initial_stackheap                 0x0000033b   Thumb Code     0  startup.o(.text)
    Random_Init                              0x00000351   Thumb Code     0  random.o(.text)
    Random                                   0x0000035b   Thumb Code     2  random.o(.text)
    __use_two_region_memory                  0x00000379   Thumb Code     2  heapauxi.o(.text)
    __rt_heap_escrow$2region                 0x0000037b   Thumb Code     2  heapauxi.o(.text)
    __rt_heap_expand$2region                 0x0000037d   Thumb Code     2  heapauxi.o(.text)
    __user_setup_stackheap                   0x0000037f   Thumb Code    74  sys_stackheap_outer.o(.text)
    exit                                     0x000003c9   Thumb Code    12  exit.o(.text)
    __user_libspace                          0x000003d5   Thumb Code     8  libspace.o(.text)
    __user_perproc_libspace                  0x000003d5   Thumb Code     0  libspace.o(.text)
    __user_perthread_libspace                0x000003d5   Thumb Code     0  libspace.o(.text)
    _sys_exit                                0x000003dd   Thumb Code     8  sys_exit.o(.text)
    __I$use$semihosting                      0x000003e9   Thumb Code     0  use_no_semi.o(.text)
    __use_no_semihosting_swi                 0x000003e9   Thumb Code     2  use_no_semi.o(.text)
    __semihosting_library_function           0x000003eb   Thumb Code     0  indicate_semi.o(.text)
    ADC0_In                                  0x000003ed   Thumb Code    36  adc.o(i.ADC0_In)
    ADC0_Init                                0x00000419   Thumb Code   172  adc.o(i.ADC0_Init)
    ADC1_In                                  0x000004e9   Thumb Code     6  texas.o(i.ADC1_In)
    ADC1_Init                                0x000004f5   Thumb Code   174  texas.o(i.ADC1_Init)
    CheckBumperLaserCollision                0x000005c9   Thumb Code   262  gameengine.o(i.CheckBumperLaserCollision)
    CheckEnemyRegMissileCollisions           0x000006e5   Thumb Code   286  gameengine.o(i.CheckEnemyRegMissileCollisions)
    CheckEnemySpecMissileCollisions          0x00000821   Thumb Code   614  gameengine.o(i.CheckEnemySpecMissileCollisions)
    CheckLaserRegMissileCollision            0x00000aa5   Thumb Code   248  gameengine.o(i.CheckLaserRegMissileCollision)
    CheckLaserSpecMissileCollision           0x00000bb5   Thumb Code   502  gameengine.o(i.CheckLaserSpecMissileCollision)
    CheckPlayerLaserCollision                0x00000dc9   Thumb Code   184  gameengine.o(i.CheckPlayerLaserCollision)
    Check_Collisions                         0x00000e95   Thumb Code    28  gameengine.o(i.Check_Collisions)
    Check_GameOver                           0x00000eb1   Thumb Code    22  gameengine.o(i.Check_GameOver)
    ConvertToDistance                        0x00000ed1   Thumb Code    12  gameengine.o(i.ConvertToDistance)
    DAC_Init                                 0x00000edd   Thumb Code    86  dac.o(i.DAC_Init)
    DAC_Out                                  0x00000f3d   Thumb Code     6  dac.o(i.DAC_Out)
    Delay100ms                               0x00000f49   Thumb Code    30  spaceinvaders.o(i.Delay100ms)
    DrawBunkers                              0x00000f6d   Thumb Code    70  gameengine.o(i.DrawBunkers)
    DrawEnemies                              0x00000fb9   Thumb Code   136  gameengine.o(i.DrawEnemies)
    DrawLasers                               0x0000104d   Thumb Code    66  gameengine.o(i.DrawLasers)
    DrawPlayer                               0x00001095   Thumb Code    52  gameengine.o(i.DrawPlayer)
    DrawRegMissiles                          0x000010d1   Thumb Code    68  gameengine.o(i.DrawRegMissiles)
    DrawSpecMissiles                         0x00001119   Thumb Code   154  gameengine.o(i.DrawSpecMissiles)
    Draw_GameFrame                           0x000011b9   Thumb Code    50  gameengine.o(i.Draw_GameFrame)
    EnemyLaserFire                           0x000011f1   Thumb Code   194  gameengine.o(i.EnemyLaserFire)
    EnemyMove                                0x000012c9   Thumb Code    62  gameengine.o(i.EnemyMove)
    Failure_LedCount                         0x0000130d   Thumb Code    22  switchled.o(i.Failure_LedCount)
    Failure_LedOff                           0x00001329   Thumb Code    16  switchled.o(i.Failure_LedOff)
    Failure_LedOn                            0x00001341   Thumb Code    20  switchled.o(i.Failure_LedOn)
    Game_Init                                0x00001361   Thumb Code   532  gameengine.o(i.Game_Init)
    LaserMove                                0x000015d5   Thumb Code   110  gameengine.o(i.LaserMove)
    Move_ActiveObjects                       0x0000164d   Thumb Code    24  gameengine.o(i.Move_ActiveObjects)
    Nokia5110_Clear                          0x00001665   Thumb Code    32  nokia5110.o(i.Nokia5110_Clear)
    Nokia5110_ClearBuffer                    0x00001685   Thumb Code    20  nokia5110.o(i.Nokia5110_ClearBuffer)
    Nokia5110_DisplayBuffer                  0x0000169d   Thumb Code    10  nokia5110.o(i.Nokia5110_DisplayBuffer)
    Nokia5110_DrawFullImage                  0x000016ad   Thumb Code    34  nokia5110.o(i.Nokia5110_DrawFullImage)
    Nokia5110_Init                           0x000016d1   Thumb Code   316  nokia5110.o(i.Nokia5110_Init)
    Nokia5110_OutChar                        0x0000183d   Thumb Code    52  nokia5110.o(i.Nokia5110_OutChar)
    Nokia5110_OutString                      0x00001875   Thumb Code    22  nokia5110.o(i.Nokia5110_OutString)
    Nokia5110_OutUDec                        0x0000188d   Thumb Code   394  nokia5110.o(i.Nokia5110_OutUDec)
    Nokia5110_PrintBMP                       0x00001a29   Thumb Code   420  nokia5110.o(i.Nokia5110_PrintBMP)
    Nokia5110_SetCursor                      0x00001bd1   Thumb Code    48  nokia5110.o(i.Nokia5110_SetCursor)
    PF1Init                                  0x00001c01   Thumb Code    88  spaceinvaders.o(i.PF1Init)
    PLL_Init                                 0x00001c71   Thumb Code   118  texas.o(i.PLL_Init)
    PlayerMove                               0x00001ced   Thumb Code    24  gameengine.o(i.PlayerMove)
    RandomGenerator                          0x00001d09   Thumb Code    20  gameengine.o(i.RandomGenerator)
    RegMissileMove                           0x00001d1d   Thumb Code   108  gameengine.o(i.RegMissileMove)
    RegMissile_Fire                          0x00001d95   Thumb Code   110  gameengine.o(i.RegMissile_Fire)
    SetCode                                  0x00001e19   Thumb Code    20  texas.o(i.SetCode)
    SetCourse                                0x00001e31   Thumb Code    20  texas.o(i.SetCourse)
    Set_Difficulty                           0x00001e49   Thumb Code    16  gameengine.o(i.Set_Difficulty)
    SoundOut                                 0x00001e65   Thumb Code    16  sound.o(i.SoundOut)
    Sound_Explosion                          0x00001e81   Thumb Code    14  sound.o(i.Sound_Explosion)
    Sound_Init                               0x00001e95   Thumb Code    18  sound.o(i.Sound_Init)
    Sound_InvaderShoot                       0x00001eb1   Thumb Code    14  sound.o(i.Sound_InvaderShoot)
    Sound_Killed                             0x00001ec5   Thumb Code    14  sound.o(i.Sound_Killed)
    Sound_Play                               0x00001ed9   Thumb Code    54  sound.o(i.Sound_Play)
    Sound_Shoot                              0x00001f1d   Thumb Code    14  sound.o(i.Sound_Shoot)
    SpecMissileMove                          0x00001f31   Thumb Code   446  gameengine.o(i.SpecMissileMove)
    SpecMissile_Fire                         0x00002105   Thumb Code   282  gameengine.o(i.SpecMissile_Fire)
    State_GameOver                           0x00002239   Thumb Code   124  gameengine.o(i.State_GameOver)
    Success_LedCount                         0x00002309   Thumb Code    22  switchled.o(i.Success_LedCount)
    Success_LedOff                           0x00002325   Thumb Code    16  switchled.o(i.Success_LedOff)
    Success_LedOn                            0x0000233d   Thumb Code    20  switchled.o(i.Success_LedOn)
    SwitchLed_Init                           0x0000235d   Thumb Code   156  switchled.o(i.SwitchLed_Init)
    Switch_Fire                              0x00002419   Thumb Code    36  switchled.o(i.Switch_Fire)
    Switch_SpecialFire                       0x00002445   Thumb Code    36  switchled.o(i.Switch_SpecialFire)
    SysTick_Handler                          0x00002471   Thumb Code   100  spaceinvaders.o(i.SysTick_Handler)
    SysTick_Init                             0x000024e5   Thumb Code    42  spaceinvaders.o(i.SysTick_Init)
    TExaS_Init                               0x00002515   Thumb Code   324  texas.o(i.TExaS_Init)
    Timer2A_Handler                          0x000026d9   Thumb Code    40  spaceinvaders.o(i.Timer2A_Handler)
    Timer2_Init                              0x00002709   Thumb Code    84  spaceinvaders.o(i.Timer2_Init)
    Timer4A_Handler                          0x00002771   Thumb Code    20  texas.o(i.Timer4A_Handler)
    Timer5A_Handler                          0x00002791   Thumb Code    34  texas.o(i.Timer5A_Handler)
    UART0_Init                               0x000027c1   Thumb Code   160  texas.o(i.UART0_Init)
    main                                     0x000028cd   Thumb Code   142  spaceinvaders.o(i.main)
    NoInputMsg                               0x00002b4c   Data          40  texas.o(.constdata)
    OutputPortMsg0                           0x00002b74   Data          40  texas.o(.constdata)
    OutputPortMsg1                           0x00002b9c   Data          40  texas.o(.constdata)
    OutputPortMsg2                           0x00002bc4   Data          40  texas.o(.constdata)
    OutputPortMsg3                           0x00002bec   Data          40  texas.o(.constdata)
    BlankMsg                                 0x00002c14   Data          40  texas.o(.constdata)
    InitializedMsg                           0x00002c3c   Data          40  texas.o(.constdata)
    IntroMsg                                 0x00002c64   Data          40  texas.o(.constdata)
    DoneMsg                                  0x00002c8c   Data          40  texas.o(.constdata)
    SmallEnemy30PointA                       0x00002e94   Data         199  gameengine.o(.constdata)
    SmallEnemy30PointB                       0x00002f5b   Data         199  gameengine.o(.constdata)
    SmallEnemy20PointA                       0x00003022   Data         199  gameengine.o(.constdata)
    SmallEnemy20PointB                       0x000030e9   Data         199  gameengine.o(.constdata)
    SmallEnemy10PointA                       0x000031b0   Data         199  gameengine.o(.constdata)
    SmallEnemy10PointB                       0x00003277   Data         199  gameengine.o(.constdata)
    PlayerShip0                              0x0000333e   Data         215  gameengine.o(.constdata)
    SmallEnemyBonus0                         0x00003415   Data         203  gameengine.o(.constdata)
    Bunker0                                  0x000034e0   Data         179  gameengine.o(.constdata)
    Bunker1                                  0x00003593   Data         179  gameengine.o(.constdata)
    Bunker2                                  0x00003646   Data         179  gameengine.o(.constdata)
    Bunker3                                  0x000036f9   Data         179  gameengine.o(.constdata)
    BigExplosion0                            0x000037ac   Data         215  gameengine.o(.constdata)
    BigExplosion1                            0x00003883   Data         215  gameengine.o(.constdata)
    SmallExplosion0                          0x0000395a   Data         199  gameengine.o(.constdata)
    SmallExplosion1                          0x00003a21   Data         199  gameengine.o(.constdata)
    Missile0                                 0x00003ae8   Data         155  gameengine.o(.constdata)
    Missile1                                 0x00003b83   Data         155  gameengine.o(.constdata)
    Missile2                                 0x00003c1e   Data         155  gameengine.o(.constdata)
    Laser0                                   0x00003cb9   Data         155  gameengine.o(.constdata)
    Laser1                                   0x00003d54   Data         155  gameengine.o(.constdata)
    shoot                                    0x00003def   Data        4080  sound.o(.constdata)
    invaderkilled                            0x00004ddf   Data        3377  sound.o(.constdata)
    explosion                                0x00005b10   Data        2000  sound.o(.constdata)
    invadershoot                             0x000062e0   Data         982  sound.o(.constdata)
    Region$$Table$$Base                      0x000066b8   Number         0  anon$$obj.o(Region$$Table)
    Region$$Table$$Limit                     0x000066d8   Number         0  anon$$obj.o(Region$$Table)
    Semaphore                                0x20000000   Data           1  spaceinvaders.o(.data)
    GameOverFlag                             0x20000001   Data           1  spaceinvaders.o(.data)
    PeriodicTask                             0x20000004   Data           4  spaceinvaders.o(.data)
    TExaS_Period                             0x20000008   Data           4  texas.o(.data)
    TExaS_Ports                              0x2000000c   Data           8  texas.o(.data)
    Display                                  0x20000014   Data           1  texas.o(.data)
    TExaS_Meter                              0x20000018   Data           4  texas.o(.data)
    ADCnum                                   0x2000001c   Data           4  texas.o(.data)
    LastMode                                 0x20000020   Data           4  texas.o(.data)
    bFlag                                    0x20000024   Data           4  texas.o(.data)
    Count                                    0x20000028   Data           4  texas.o(.data)
    DelayBetweenTests                        0x2000002c   Data           4  texas.o(.data)
    TExaS_Test                               0x20000030   Data           4  texas.o(.data)
    ScopeMode                                0x20000034   Data           4  texas.o(.data)
    ScopeCount                               0x20000038   Data           4  texas.o(.data)
    FrameCount                               0x2000003c   Data           4  gameengine.o(.data)
    Distance                                 0x20000040   Data           4  gameengine.o(.data)
    ADCdata                                  0x20000044   Data           4  gameengine.o(.data)
    Score                                    0x20000048   Data           4  gameengine.o(.data)
    RegMissileCount                          0x2000004c   Data           1  gameengine.o(.data)
    SpecMissileCount                         0x2000004d   Data           1  gameengine.o(.data)
    SpecMissileDecrementCheck                0x2000004e   Data           1  gameengine.o(.data)
    LaserCount                               0x2000004f   Data           1  gameengine.o(.data)
    KilledEnemyCount                         0x20000050   Data           1  gameengine.o(.data)
    LaserDelay                               0x20000051   Data           1  gameengine.o(.data)
    PrevRegFire                              0x20000054   Data           4  switchled.o(.data)
    PrevSpecFire                             0x20000058   Data           4  switchled.o(.data)
    SuccessLedCount                          0x2000005c   Data           4  switchled.o(.data)
    FailureLedCount                          0x20000060   Data           4  switchled.o(.data)
    Index                                    0x20000064   Data           4  sound.o(.data)
    SoundCount                               0x20000068   Data           4  sound.o(.data)
    Wave                                     0x2000006c   Data           4  sound.o(.data)
    Screen                                   0x20000074   Data         504  nokia5110.o(.bss)
    TExaS                                    0x20000270   Data          56  texas.o(.bss)
    Player                                   0x200002a8   Data          20  gameengine.o(.bss)
    RegMissiles                              0x200002bc   Data          80  gameengine.o(.bss)
    SpecMissiles                             0x2000030c   Data          88  gameengine.o(.bss)
    Bunkers                                  0x20000364   Data          56  gameengine.o(.bss)
    Enemy                                    0x2000039c   Data         336  gameengine.o(.bss)
    Lasers                                   0x200004ec   Data         100  gameengine.o(.bss)
    __libspace_start                         0x20000550   Data          96  libspace.o(.bss)
    __temporary_stack_top$libspace           0x200005b0   Data           0  libspace.o(.bss)



==============================================================================

Memory Map of the image

  Image Entry point : 0x0000026d

  Load Region LR_1 (Base: 0x00000000, Size: 0x0000674c, Max: 0xffffffff, ABSOLUTE)

    Execution Region ER_RO (Base: 0x00000000, Size: 0x000066d8, Max: 0xffffffff, ABSOLUTE)

    Base Addr    Size         Type   Attr      Idx    E Section Name        Object

    0x00000000   0x00000284   Code   RO            3  * RESET               startup.o
    0x00000284   0x00000008   Code   RO          614  * !!!main             c_w.l(__main.o)
    0x0000028c   0x00000034   Code   RO          768    !!!scatter          c_w.l(__scatter.o)
    0x000002c0   0x0000001a   Code   RO          770    !!handler_copy      c_w.l(__scatter_copy.o)
    0x000002da   0x00000002   PAD
    0x000002dc   0x0000001c   Code   RO          772    !!handler_zi        c_w.l(__scatter_zi.o)
    0x000002f8   0x00000002   Code   RO          641    .ARM.Collect$$libinit$$00000000  c_w.l(libinit.o)
    0x000002fa   0x00000000   Code   RO          648    .ARM.Collect$$libinit$$00000002  c_w.l(libinit2.o)
    0x000002fa   0x00000000   Code   RO          651    .ARM.Collect$$libinit$$00000008  c_w.l(libinit2.o)
    0x000002fa   0x00000000   Code   RO          653    .ARM.Collect$$libinit$$0000000A  c_w.l(libinit2.o)
    0x000002fa   0x00000000   Code   RO          655    .ARM.Collect$$libinit$$0000000C  c_w.l(libinit2.o)
    0x000002fa   0x00000000   Code   RO          658    .ARM.Collect$$libinit$$0000000F  c_w.l(libinit2.o)
    0x000002fa   0x00000000   Code   RO          660    .ARM.Collect$$libinit$$00000011  c_w.l(libinit2.o)
    0x000002fa   0x00000000   Code   RO          662    .ARM.Collect$$libinit$$00000013  c_w.l(libinit2.o)
    0x000002fa   0x00000000   Code   RO          664    .ARM.Collect$$libinit$$00000015  c_w.l(libinit2.o)
    0x000002fa   0x00000000   Code   RO          666    .ARM.Collect$$libinit$$00000017  c_w.l(libinit2.o)
    0x000002fa   0x00000000   Code   RO          668    .ARM.Collect$$libinit$$00000019  c_w.l(libinit2.o)
    0x000002fa   0x00000000   Code   RO          670    .ARM.Collect$$libinit$$0000001B  c_w.l(libinit2.o)
    0x000002fa   0x00000000   Code   RO          672    .ARM.Collect$$libinit$$0000001D  c_w.l(libinit2.o)
    0x000002fa   0x00000000   Code   RO          674    .ARM.Collect$$libinit$$0000001F  c_w.l(libinit2.o)
    0x000002fa   0x00000000   Code   RO          676    .ARM.Collect$$libinit$$00000021  c_w.l(libinit2.o)
    0x000002fa   0x00000000   Code   RO          678    .ARM.Collect$$libinit$$00000023  c_w.l(libinit2.o)
    0x000002fa   0x00000000   Code   RO          682    .ARM.Collect$$libinit$$0000002A  c_w.l(libinit2.o)
    0x000002fa   0x00000000   Code   RO          684    .ARM.Collect$$libinit$$0000002C  c_w.l(libinit2.o)
    0x000002fa   0x00000000   Code   RO          686    .ARM.Collect$$libinit$$0000002E  c_w.l(libinit2.o)
    0x000002fa   0x00000000   Code   RO          688    .ARM.Collect$$libinit$$00000030  c_w.l(libinit2.o)
    0x000002fa   0x00000002   Code   RO          689    .ARM.Collect$$libinit$$00000031  c_w.l(libinit2.o)
    0x000002fc   0x00000002   Code   RO          709    .ARM.Collect$$libshutdown$$00000000  c_w.l(libshutdown.o)
    0x000002fe   0x00000000   Code   RO          723    .ARM.Collect$$libshutdown$$00000003  c_w.l(libshutdown2.o)
    0x000002fe   0x00000000   Code   RO          726    .ARM.Collect$$libshutdown$$00000006  c_w.l(libshutdown2.o)
    0x000002fe   0x00000000   Code   RO          729    .ARM.Collect$$libshutdown$$00000009  c_w.l(libshutdown2.o)
    0x000002fe   0x00000000   Code   RO          731    .ARM.Collect$$libshutdown$$0000000B  c_w.l(libshutdown2.o)
    0x000002fe   0x00000000   Code   RO          734    .ARM.Collect$$libshutdown$$0000000E  c_w.l(libshutdown2.o)
    0x000002fe   0x00000002   Code   RO          735    .ARM.Collect$$libshutdown$$0000000F  c_w.l(libshutdown2.o)
    0x00000300   0x00000000   Code   RO          616    .ARM.Collect$$rtentry$$00000000  c_w.l(rtentry.o)
    0x00000300   0x00000000   Code   RO          618    .ARM.Collect$$rtentry$$00000002  c_w.l(rtentry2.o)
    0x00000300   0x00000006   Code   RO          630    .ARM.Collect$$rtentry$$00000004  c_w.l(rtentry4.o)
    0x00000306   0x00000000   Code   RO          620    .ARM.Collect$$rtentry$$00000009  c_w.l(rtentry2.o)
    0x00000306   0x00000004   Code   RO          621    .ARM.Collect$$rtentry$$0000000A  c_w.l(rtentry2.o)
    0x0000030a   0x00000000   Code   RO          623    .ARM.Collect$$rtentry$$0000000C  c_w.l(rtentry2.o)
    0x0000030a   0x00000008   Code   RO          624    .ARM.Collect$$rtentry$$0000000D  c_w.l(rtentry2.o)
    0x00000312   0x00000002   Code   RO          645    .ARM.Collect$$rtexit$$00000000  c_w.l(rtexit.o)
    0x00000314   0x00000000   Code   RO          691    .ARM.Collect$$rtexit$$00000002  c_w.l(rtexit2.o)
    0x00000314   0x00000004   Code   RO          692    .ARM.Collect$$rtexit$$00000003  c_w.l(rtexit2.o)
    0x00000318   0x00000006   Code   RO          693    .ARM.Collect$$rtexit$$00000004  c_w.l(rtexit2.o)
    0x0000031e   0x00000002   PAD
    0x00000320   0x00000030   Code   RO            4    .text               startup.o
    0x00000350   0x00000028   Code   RO           92    .text               random.o
    0x00000378   0x00000006   Code   RO          612    .text               c_w.l(heapauxi.o)
    0x0000037e   0x0000004a   Code   RO          632    .text               c_w.l(sys_stackheap_outer.o)
    0x000003c8   0x0000000c   Code   RO          634    .text               c_w.l(exit.o)
    0x000003d4   0x00000008   Code   RO          642    .text               c_w.l(libspace.o)
    0x000003dc   0x0000000c   Code   RO          701    .text               c_w.l(sys_exit.o)
    0x000003e8   0x00000002   Code   RO          712    .text               c_w.l(use_no_semi.o)
    0x000003ea   0x00000000   Code   RO          714    .text               c_w.l(indicate_semi.o)
    0x000003ea   0x00000002   PAD
    0x000003ec   0x0000002c   Code   RO          270    i.ADC0_In           adc.o
    0x00000418   0x000000d0   Code   RO          271    i.ADC0_Init         adc.o
    0x000004e8   0x0000000c   Code   RO          151    i.ADC1_In           texas.o
    0x000004f4   0x000000d4   Code   RO          152    i.ADC1_Init         texas.o
    0x000005c8   0x0000011c   Code   RO          306    i.CheckBumperLaserCollision  gameengine.o
    0x000006e4   0x0000013c   Code   RO          307    i.CheckEnemyRegMissileCollisions  gameengine.o
    0x00000820   0x00000284   Code   RO          308    i.CheckEnemySpecMissileCollisions  gameengine.o
    0x00000aa4   0x00000110   Code   RO          309    i.CheckLaserRegMissileCollision  gameengine.o
    0x00000bb4   0x00000214   Code   RO          310    i.CheckLaserSpecMissileCollision  gameengine.o
    0x00000dc8   0x000000cc   Code   RO          311    i.CheckPlayerLaserCollision  gameengine.o
    0x00000e94   0x0000001c   Code   RO          312    i.Check_Collisions  gameengine.o
    0x00000eb0   0x00000020   Code   RO          313    i.Check_GameOver    gameengine.o
    0x00000ed0   0x0000000c   Code   RO          314    i.ConvertToDistance  gameengine.o
    0x00000edc   0x00000060   Code   RO          288    i.DAC_Init          dac.o
    0x00000f3c   0x0000000c   Code   RO          289    i.DAC_Out           dac.o
    0x00000f48   0x00000024   Code   RO           95    i.Delay100ms        spaceinvaders.o
    0x00000f6c   0x0000004c   Code   RO          315    i.DrawBunkers       gameengine.o
    0x00000fb8   0x00000094   Code   RO          316    i.DrawEnemies       gameengine.o
    0x0000104c   0x00000048   Code   RO          317    i.DrawLasers        gameengine.o
    0x00001094   0x0000003c   Code   RO          318    i.DrawPlayer        gameengine.o
    0x000010d0   0x00000048   Code   RO          319    i.DrawRegMissiles   gameengine.o
    0x00001118   0x000000a0   Code   RO          320    i.DrawSpecMissiles  gameengine.o
    0x000011b8   0x00000038   Code   RO          321    i.Draw_GameFrame    gameengine.o
    0x000011f0   0x000000d8   Code   RO          322    i.EnemyLaserFire    gameengine.o
    0x000012c8   0x00000044   Code   RO          323    i.EnemyMove         gameengine.o
    0x0000130c   0x0000001c   Code   RO          494    i.Failure_LedCount  switchled.o
    0x00001328   0x00000018   Code   RO          495    i.Failure_LedOff    switchled.o
    0x00001340   0x00000020   Code   RO          496    i.Failure_LedOn     switchled.o
    0x00001360   0x00000274   Code   RO          324    i.Game_Init         gameengine.o
    0x000015d4   0x00000078   Code   RO          325    i.LaserMove         gameengine.o
    0x0000164c   0x00000018   Code   RO          326    i.Move_ActiveObjects  gameengine.o
    0x00001664   0x00000020   Code   RO           12    i.Nokia5110_Clear   nokia5110.o
    0x00001684   0x00000018   Code   RO           13    i.Nokia5110_ClearBuffer  nokia5110.o
    0x0000169c   0x00000010   Code   RO           14    i.Nokia5110_DisplayBuffer  nokia5110.o
    0x000016ac   0x00000022   Code   RO           15    i.Nokia5110_DrawFullImage  nokia5110.o
    0x000016ce   0x00000002   PAD
    0x000016d0   0x0000016c   Code   RO           16    i.Nokia5110_Init    nokia5110.o
    0x0000183c   0x00000038   Code   RO           17    i.Nokia5110_OutChar  nokia5110.o
    0x00001874   0x00000016   Code   RO           18    i.Nokia5110_OutString  nokia5110.o
    0x0000188a   0x00000002   PAD
    0x0000188c   0x0000019c   Code   RO           19    i.Nokia5110_OutUDec  nokia5110.o
    0x00001a28   0x000001a8   Code   RO           20    i.Nokia5110_PrintBMP  nokia5110.o
    0x00001bd0   0x00000030   Code   RO           21    i.Nokia5110_SetCursor  nokia5110.o
    0x00001c00   0x00000070   Code   RO           96    i.PF1Init           spaceinvaders.o
    0x00001c70   0x0000007c   Code   RO          153    i.PLL_Init          texas.o
    0x00001cec   0x0000001c   Code   RO          327    i.PlayerMove        gameengine.o
    0x00001d08   0x00000014   Code   RO          328    i.RandomGenerator   gameengine.o
    0x00001d1c   0x00000078   Code   RO          329    i.RegMissileMove    gameengine.o
    0x00001d94   0x00000084   Code   RO          330    i.RegMissile_Fire   gameengine.o
    0x00001e18   0x00000018   Code   RO          154    i.SetCode           texas.o
    0x00001e30   0x00000018   Code   RO          155    i.SetCourse         texas.o
    0x00001e48   0x0000001c   Code   RO          331    i.Set_Difficulty    gameengine.o
    0x00001e64   0x0000001c   Code   RO          557    i.SoundOut          sound.o
    0x00001e80   0x00000014   Code   RO          558    i.Sound_Explosion   sound.o
    0x00001e94   0x0000001c   Code   RO          559    i.Sound_Init        sound.o
    0x00001eb0   0x00000014   Code   RO          560    i.Sound_InvaderShoot  sound.o
    0x00001ec4   0x00000014   Code   RO          561    i.Sound_Killed      sound.o
    0x00001ed8   0x00000044   Code   RO          562    i.Sound_Play        sound.o
    0x00001f1c   0x00000014   Code   RO          563    i.Sound_Shoot       sound.o
    0x00001f30   0x000001d4   Code   RO          332    i.SpecMissileMove   gameengine.o
    0x00002104   0x00000134   Code   RO          333    i.SpecMissile_Fire  gameengine.o
    0x00002238   0x000000d0   Code   RO          334    i.State_GameOver    gameengine.o
    0x00002308   0x0000001c   Code   RO          497    i.Success_LedCount  switchled.o
    0x00002324   0x00000018   Code   RO          498    i.Success_LedOff    switchled.o
    0x0000233c   0x00000020   Code   RO          499    i.Success_LedOn     switchled.o
    0x0000235c   0x000000bc   Code   RO          500    i.SwitchLed_Init    switchled.o
    0x00002418   0x0000002c   Code   RO          501    i.Switch_Fire       switchled.o
    0x00002444   0x0000002c   Code   RO          502    i.Switch_SpecialFire  switchled.o
    0x00002470   0x00000074   Code   RO           97    i.SysTick_Handler   spaceinvaders.o
    0x000024e4   0x00000030   Code   RO           98    i.SysTick_Init      spaceinvaders.o
    0x00002514   0x000001c4   Code   RO          159    i.TExaS_Init        texas.o
    0x000026d8   0x00000030   Code   RO           99    i.Timer2A_Handler   spaceinvaders.o
    0x00002708   0x00000068   Code   RO          100    i.Timer2_Init       spaceinvaders.o
    0x00002770   0x00000020   Code   RO          161    i.Timer4A_Handler   texas.o
    0x00002790   0x00000030   Code   RO          162    i.Timer5A_Handler   texas.o
    0x000027c0   0x000000c0   Code   RO          165    i.UART0_Init        texas.o
    0x00002880   0x0000004c   Code   RO           22    i.lcdwrite          nokia5110.o
    0x000028cc   0x000000a0   Code   RO          101    i.main              spaceinvaders.o
    0x0000296c   0x000001e0   Data   RO           24    .constdata          nokia5110.o
    0x00002b4c   0x00000168   Data   RO          170    .constdata          texas.o
    0x00002cb4   0x0000113b   Data   RO          336    .constdata          gameengine.o
    0x00003def   0x000028c7   Data   RO          564    .constdata          sound.o
    0x000066b6   0x00000002   PAD
    0x000066b8   0x00000020   Data   RO          766    Region$$Table       anon$$obj.o


    Execution Region ER_RW (Base: 0x20000000, Size: 0x00000074, Max: 0xffffffff, ABSOLUTE)

    Base Addr    Size         Type   Attr      Idx    E Section Name        Object

    0x20000000   0x00000008   Data   RW          103    .data               spaceinvaders.o
    0x20000008   0x00000034   Data   RW          171    .data               texas.o
    0x2000003c   0x00000016   Data   RW          337    .data               gameengine.o
    0x20000052   0x00000002   PAD
    0x20000054   0x00000010   Data   RW          503    .data               switchled.o
    0x20000064   0x0000000c   Data   RW          565    .data               sound.o
    0x20000070   0x00000004   Data   RW           91    DATA                random.o


    Execution Region ER_ZI (Base: 0x20000074, Size: 0x0000093c, Max: 0xffffffff, ABSOLUTE)

    Base Addr    Size         Type   Attr      Idx    E Section Name        Object

    0x20000074   0x000001f8   Zero   RW           23    .bss                nokia5110.o
    0x2000026c   0x00000004   PAD
    0x20000270   0x00000038   Zero   RW          169    .bss                texas.o
    0x200002a8   0x000002a8   Zero   RW          335    .bss                gameengine.o
    0x20000550   0x00000060   Zero   RW          643    .bss                c_w.l(libspace.o)
    0x200005b0   0x00000000   Zero   RW            2    HEAP                startup.o
    0x200005b0   0x00000400   Zero   RW            1    STACK               startup.o


==============================================================================

Image component sizes


      Code (inc. data)   RO Data    RW Data    ZI Data      Debug   Object Name

       252         44          0          0          0        918   adc.o
       108         16          0          0          0        805   dac.o
      5336        530       4411         22        680      18666   gameengine.o
      1508         94        480          0        504       9797   nokia5110.o
        40         12          0          4          0        220   random.o
       204         60      10439         12          0       3584   sound.o
       624         98          0          8          0       4601   spaceinvaders.o
       692        632          0          0       1024        964   startup.o
       444        100          0         16          0       4367   switchled.o
      1120        244        360         52         56      15972   texas.o

    ----------------------------------------------------------------------
     10332       1830      15724        116       2268      59894   Object Totals
         0          0         32          0          0          0   (incl. Generated)
         4          0          2          2          4          0   (incl. Padding)

    ----------------------------------------------------------------------

      Code (inc. data)   RO Data    RW Data    ZI Data      Debug   Library Member Name

         8          0          0          0          0         68   __main.o
        52          8          0          0          0          0   __scatter.o
        26          0          0          0          0          0   __scatter_copy.o
        28          0          0          0          0          0   __scatter_zi.o
        12          0          0          0          0         72   exit.o
         6          0          0          0          0        152   heapauxi.o
         0          0          0          0          0          0   indicate_semi.o
         2          0          0          0          0          0   libinit.o
         2          0          0          0          0          0   libinit2.o
         2          0          0          0          0          0   libshutdown.o
         2          0          0          0          0          0   libshutdown2.o
         8          4          0          0         96         68   libspace.o
         0          0          0          0          0          0   rtentry.o
        12          0          0          0          0          0   rtentry2.o
         6          0          0          0          0          0   rtentry4.o
         2          0          0          0          0          0   rtexit.o
        10          0          0          0          0          0   rtexit2.o
        12          4          0          0          0         68   sys_exit.o
        74          0          0          0          0         80   sys_stackheap_outer.o
         2          0          0          0          0         68   use_no_semi.o

    ----------------------------------------------------------------------
       272         16          0          0         96        576   Library Totals
         6          0          0          0          0          0   (incl. Padding)

    ----------------------------------------------------------------------

      Code (inc. data)   RO Data    RW Data    ZI Data      Debug   Library Name

       266         16          0          0         96        576   c_w.l

    ----------------------------------------------------------------------
       272         16          0          0         96        576   Library Totals

    ----------------------------------------------------------------------

==============================================================================


      Code (inc. data)   RO Data    RW Data    ZI Data      Debug   

     10604       1846      15724        116       2364      56414   Grand Totals
     10604       1846      15724        116       2364      56414   ELF Image Totals
     10604       1846      15724        116          0          0   ROM Totals

==============================================================================

    Total RO  Size (Code + RO Data)                26328 (  25.71kB)
    Total RW  Size (RW Data + ZI Data)              2480 (   2.42kB)
    Total ROM Size (Code + RO Data + RW Data)      26444 (  25.82kB)

==============================================================================

