<html>
<body>
<pre>
<h1>µVision Build Log</h1>
<h2>Project:</h2>
C:\Users\talal\Desktop\summer2014\Embeddedsystems\SpaceInvaders\Lab15_SpaceInvaders\SpaceInvaders.uvproj
Project File Date:  08/12/2014

<h2>Output:</h2>
Build target 'SpaceInvaders'
compiling SwitchLed.c...
linking...
Program Size: Code=5000 RO-data=4804 RW-data=88 ZI-data=2088  
".\SpaceInvaders.axf" - 0 Error(s), 0 Warning(s).
rning, 0 errors
linking...
Program Size: Code=5000 RO-data=4804 RW-data=88 ZI-data=2088  
".\SpaceInvaders.axf" - 0 Error(s), 1 Warning(s).
am Size: Code=4660 RO-data=4804 RW-data=92 ZI-data=2092  
".\SpaceInvaders.axf" - 0 Error(s), 2 Warning(s).
aders.axf" - 0 Error(s), 2 Warning(s).
error
".\SpaceInvaders.axf" - 1 Error(s), 2 Warning(s).
Target not created
