ARM Linker, 5.03 [Build 76] [MDK-ARM Lite]

==============================================================================

Section Cross References

    startup.o(STACK) refers (Special) to heapauxi.o(.text) for __use_two_region_memory
    startup.o(HEAP) refers (Special) to heapauxi.o(.text) for __use_two_region_memory
    startup.o(RESET) refers (Special) to heapauxi.o(.text) for __use_two_region_memory
    startup.o(RESET) refers to startup.o(STACK) for StackMem
    startup.o(RESET) refers to spaceinvaders.o(i.SysTick_Handler) for SysTick_Handler
    startup.o(RESET) refers to spaceinvaders.o(i.Timer2A_Handler) for Timer2A_Handler
    startup.o(RESET) refers to texas.o(i.Timer4A_Handler) for Timer4A_Handler
    startup.o(RESET) refers to texas.o(i.Timer5A_Handler) for Timer5A_Handler
    startup.o(RESET) refers to __main.o(!!!main) for __main
    startup.o(.text) refers (Special) to heapauxi.o(.text) for __use_two_region_memory
    startup.o(.text) refers to startup.o(HEAP) for HeapMem
    startup.o(.text) refers to startup.o(STACK) for StackMem
    nokia5110.o(i.Nokia5110_Clear) refers to nokia5110.o(i.lcdwrite) for lcdwrite
    nokia5110.o(i.Nokia5110_Clear) refers to nokia5110.o(i.Nokia5110_SetCursor) for Nokia5110_SetCursor
    nokia5110.o(i.Nokia5110_ClearBuffer) refers to nokia5110.o(.bss) for Screen
    nokia5110.o(i.Nokia5110_DisplayBuffer) refers to nokia5110.o(i.Nokia5110_DrawFullImage) for Nokia5110_DrawFullImage
    nokia5110.o(i.Nokia5110_DisplayBuffer) refers to nokia5110.o(.bss) for Screen
    nokia5110.o(i.Nokia5110_DrawFullImage) refers to nokia5110.o(i.Nokia5110_SetCursor) for Nokia5110_SetCursor
    nokia5110.o(i.Nokia5110_DrawFullImage) refers to nokia5110.o(i.lcdwrite) for lcdwrite
    nokia5110.o(i.Nokia5110_Init) refers to nokia5110.o(i.lcdwrite) for lcdwrite
    nokia5110.o(i.Nokia5110_OutChar) refers to nokia5110.o(i.lcdwrite) for lcdwrite
    nokia5110.o(i.Nokia5110_OutChar) refers to nokia5110.o(.constdata) for ASCII
    nokia5110.o(i.Nokia5110_OutString) refers to nokia5110.o(i.Nokia5110_OutChar) for Nokia5110_OutChar
    nokia5110.o(i.Nokia5110_OutUDec) refers to nokia5110.o(i.Nokia5110_OutString) for Nokia5110_OutString
    nokia5110.o(i.Nokia5110_OutUDec) refers to nokia5110.o(i.Nokia5110_OutChar) for Nokia5110_OutChar
    nokia5110.o(i.Nokia5110_PrintBMP) refers to nokia5110.o(.bss) for Screen
    nokia5110.o(i.Nokia5110_SetCursor) refers to nokia5110.o(i.lcdwrite) for lcdwrite
    random.o(.text) refers to random.o(DATA) for M
    spaceinvaders.o(i.SysTick_Handler) refers to switchled.o(i.Switch_Fire) for Switch_Fire
    spaceinvaders.o(i.SysTick_Handler) refers to switchled.o(i.Success_LedOn) for Success_LedOn
    spaceinvaders.o(i.SysTick_Handler) refers to gameengine.o(i.RegMissile_Fire) for RegMissile_Fire
    spaceinvaders.o(i.SysTick_Handler) refers to sound.o(i.Sound_Shoot) for Sound_Shoot
    spaceinvaders.o(i.SysTick_Handler) refers to switchled.o(i.Switch_SpecialFire) for Switch_SpecialFire
    spaceinvaders.o(i.SysTick_Handler) refers to switchled.o(i.Failure_LedOn) for Failure_LedOn
    spaceinvaders.o(i.SysTick_Handler) refers to gameengine.o(i.SpecMissile_Fire) for SpecMissile_Fire
    spaceinvaders.o(i.SysTick_Handler) refers to gameengine.o(i.Move_ActiveObjects) for Move_ActiveObjects
    spaceinvaders.o(i.SysTick_Handler) refers to spaceinvaders.o(.data) for SuccessLedCount
    spaceinvaders.o(i.Timer2A_Handler) refers to switchled.o(i.Success_LedOff) for Success_LedOff
    spaceinvaders.o(i.Timer2A_Handler) refers to switchled.o(i.Failure_LedOff) for Failure_LedOff
    spaceinvaders.o(i.Timer2A_Handler) refers to spaceinvaders.o(.data) for SuccessLedCount
    spaceinvaders.o(i.Timer2_Init) refers to spaceinvaders.o(.data) for PeriodicTask
    spaceinvaders.o(i.main) refers to startup.o(.text) for DisableInterrupts
    spaceinvaders.o(i.main) refers to texas.o(i.TExaS_Init) for TExaS_Init
    spaceinvaders.o(i.main) refers to random.o(.text) for Random_Init
    spaceinvaders.o(i.main) refers to nokia5110.o(i.Nokia5110_Init) for Nokia5110_Init
    spaceinvaders.o(i.main) refers to spaceinvaders.o(i.PF1Init) for PF1Init
    spaceinvaders.o(i.main) refers to spaceinvaders.o(i.SysTick_Init) for SysTick_Init
    spaceinvaders.o(i.main) refers to nokia5110.o(i.Nokia5110_ClearBuffer) for Nokia5110_ClearBuffer
    spaceinvaders.o(i.main) refers to nokia5110.o(i.Nokia5110_DisplayBuffer) for Nokia5110_DisplayBuffer
    spaceinvaders.o(i.main) refers to gameengine.o(i.Game_Init) for Game_Init
    spaceinvaders.o(i.main) refers to switchled.o(i.SwitchLed_Init) for SwitchLed_Init
    spaceinvaders.o(i.main) refers to sound.o(i.Sound_Init) for Sound_Init
    spaceinvaders.o(i.main) refers to spaceinvaders.o(i.Timer2_Init) for Timer2_Init
    spaceinvaders.o(i.main) refers to gameengine.o(i.Draw_Frame) for Draw_Frame
    spaceinvaders.o(i.main) refers to sound.o(i.Sound_Play) for Sound_Play
    spaceinvaders.o(i.main) refers to spaceinvaders.o(.data) for Semaphore
    texas.o(i.SetCode) refers to texas.o(.bss) for TExaS
    texas.o(i.SetCourse) refers to texas.o(.bss) for TExaS
    texas.o(i.SetMode) refers to texas.o(.bss) for TExaS
    texas.o(i.StartTimer4) refers to texas.o(.data) for ScopeCount
    texas.o(i.TExaS_Init) refers to texas.o(i.PLL_Init) for PLL_Init
    texas.o(i.TExaS_Init) refers to texas.o(i.SetCourse) for SetCourse
    texas.o(i.TExaS_Init) refers to texas.o(i.UART0_Init) for UART0_Init
    texas.o(i.TExaS_Init) refers to texas.o(i.SetCode) for SetCode
    texas.o(i.TExaS_Init) refers to texas.o(i.ADC1_Init) for ADC1_Init
    texas.o(i.TExaS_Init) refers to texas.o(.constdata) for IntroMsg
    texas.o(i.TExaS_Init) refers to texas.o(.bss) for TExaS
    texas.o(i.TExaS_Init) refers to texas.o(.data) for LastMode
    texas.o(i.Timer5A_Handler) refers to texas.o(i.ADC1_In) for ADC1_In
    texas.o(i.Timer5A_Handler) refers to texas.o(.data) for TExaS_Period
    gameengine.o(i.DrawBunkers) refers to nokia5110.o(i.Nokia5110_PrintBMP) for Nokia5110_PrintBMP
    gameengine.o(i.DrawBunkers) refers to gameengine.o(.bss) for Bunkers
    gameengine.o(i.DrawEnemies) refers to nokia5110.o(i.Nokia5110_PrintBMP) for Nokia5110_PrintBMP
    gameengine.o(i.DrawEnemies) refers to gameengine.o(.bss) for Enemy
    gameengine.o(i.DrawEnemies) refers to gameengine.o(.data) for FrameCount
    gameengine.o(i.DrawPlayer) refers to nokia5110.o(i.Nokia5110_PrintBMP) for Nokia5110_PrintBMP
    gameengine.o(i.DrawPlayer) refers to gameengine.o(.bss) for Player
    gameengine.o(i.DrawRegMissiles) refers to nokia5110.o(i.Nokia5110_PrintBMP) for Nokia5110_PrintBMP
    gameengine.o(i.DrawRegMissiles) refers to gameengine.o(.bss) for RegMissiles
    gameengine.o(i.DrawSpecMissiles) refers to nokia5110.o(i.Nokia5110_PrintBMP) for Nokia5110_PrintBMP
    gameengine.o(i.DrawSpecMissiles) refers to gameengine.o(.bss) for SpecMissiles
    gameengine.o(i.Draw_Frame) refers to nokia5110.o(i.Nokia5110_ClearBuffer) for Nokia5110_ClearBuffer
    gameengine.o(i.Draw_Frame) refers to gameengine.o(i.DrawPlayer) for DrawPlayer
    gameengine.o(i.Draw_Frame) refers to gameengine.o(i.DrawBunkers) for DrawBunkers
    gameengine.o(i.Draw_Frame) refers to gameengine.o(i.DrawEnemies) for DrawEnemies
    gameengine.o(i.Draw_Frame) refers to gameengine.o(i.DrawRegMissiles) for DrawRegMissiles
    gameengine.o(i.Draw_Frame) refers to gameengine.o(i.DrawSpecMissiles) for DrawSpecMissiles
    gameengine.o(i.Draw_Frame) refers to nokia5110.o(i.Nokia5110_DisplayBuffer) for Nokia5110_DisplayBuffer
    gameengine.o(i.Draw_Frame) refers to gameengine.o(.data) for FrameCount
    gameengine.o(i.EnemyMove) refers to gameengine.o(.bss) for Enemy
    gameengine.o(i.Game_Init) refers to adc.o(i.ADC0_Init) for ADC0_Init
    gameengine.o(i.Game_Init) refers to gameengine.o(.bss) for Player
    gameengine.o(i.Game_Init) refers to gameengine.o(.constdata) for PlayerShip0
    gameengine.o(i.Move_ActiveObjects) refers to gameengine.o(i.PlayerMove) for PlayerMove
    gameengine.o(i.Move_ActiveObjects) refers to gameengine.o(i.EnemyMove) for EnemyMove
    gameengine.o(i.Move_ActiveObjects) refers to gameengine.o(i.RegMissileMove) for RegMissileMove
    gameengine.o(i.Move_ActiveObjects) refers to gameengine.o(i.SpecMissileMove) for SpecMissileMove
    gameengine.o(i.PlayerMove) refers to adc.o(i.ADC0_In) for ADC0_In
    gameengine.o(i.PlayerMove) refers to gameengine.o(i.ConvertToDistance) for ConvertToDistance
    gameengine.o(i.PlayerMove) refers to gameengine.o(.bss) for Player
    gameengine.o(i.RegMissileMove) refers to gameengine.o(.bss) for RegMissiles
    gameengine.o(i.RegMissileMove) refers to gameengine.o(.constdata) for Laser0
    gameengine.o(i.RegMissileMove) refers to gameengine.o(.data) for RegMissileCount
    gameengine.o(i.RegMissile_Fire) refers to gameengine.o(.data) for RegMissileCount
    gameengine.o(i.RegMissile_Fire) refers to gameengine.o(.bss) for Player
    gameengine.o(i.RegMissile_Fire) refers to gameengine.o(.constdata) for PlayerShip0
    gameengine.o(i.SpecMissileMove) refers to gameengine.o(.bss) for SpecMissiles
    gameengine.o(i.SpecMissileMove) refers to gameengine.o(.constdata) for Laser0
    gameengine.o(i.SpecMissileMove) refers to gameengine.o(.data) for SpecMissileDecrementCheck
    gameengine.o(i.SpecMissile_Fire) refers to gameengine.o(.data) for SpecMissileCount
    gameengine.o(i.SpecMissile_Fire) refers to gameengine.o(.bss) for Player
    gameengine.o(i.SpecMissile_Fire) refers to gameengine.o(.constdata) for PlayerShip0
    switchled.o(i.Switch_Fire) refers to switchled.o(.data) for PrevRegFire
    switchled.o(i.Switch_SpecialFire) refers to switchled.o(.data) for PrevSpecFire
    sound.o(i.SoundOut) refers to sound.o(.data) for Wave
    sound.o(i.Sound_Explosion) refers to sound.o(i.SoundOut) for SoundOut
    sound.o(i.Sound_Explosion) refers to sound.o(.constdata) for explosion
    sound.o(i.Sound_Fastinvader1) refers to sound.o(i.SoundOut) for SoundOut
    sound.o(i.Sound_Fastinvader1) refers to sound.o(.constdata) for fastinvader1
    sound.o(i.Sound_Fastinvader2) refers to sound.o(i.SoundOut) for SoundOut
    sound.o(i.Sound_Fastinvader2) refers to sound.o(.constdata) for fastinvader2
    sound.o(i.Sound_Fastinvader3) refers to sound.o(i.SoundOut) for SoundOut
    sound.o(i.Sound_Fastinvader3) refers to sound.o(.constdata) for fastinvader3
    sound.o(i.Sound_Fastinvader4) refers to sound.o(i.SoundOut) for SoundOut
    sound.o(i.Sound_Fastinvader4) refers to sound.o(.constdata) for fastinvader4
    sound.o(i.Sound_Highpitch) refers to sound.o(i.SoundOut) for SoundOut
    sound.o(i.Sound_Highpitch) refers to sound.o(.constdata) for highpitch
    sound.o(i.Sound_Init) refers to dac.o(i.DAC_Init) for DAC_Init
    sound.o(i.Sound_Init) refers to sound.o(.data) for Index
    sound.o(i.Sound_Killed) refers to sound.o(i.SoundOut) for SoundOut
    sound.o(i.Sound_Killed) refers to sound.o(.constdata) for invaderkilled
    sound.o(i.Sound_Play) refers to dac.o(i.DAC_Out) for DAC_Out
    sound.o(i.Sound_Play) refers to sound.o(.data) for SoundCount
    sound.o(i.Sound_Shoot) refers to sound.o(i.SoundOut) for SoundOut
    sound.o(i.Sound_Shoot) refers to sound.o(.constdata) for shoot
    __main.o(!!!main) refers to rtentry.o(.ARM.Collect$$rtentry$$00000000) for __rt_entry
    rtentry.o(.ARM.Collect$$rtentry$$00000000) refers (Special) to rtentry2.o(.ARM.Collect$$rtentry$$0000000A) for __rt_entry_li
    rtentry.o(.ARM.Collect$$rtentry$$00000000) refers (Special) to rtentry2.o(.ARM.Collect$$rtentry$$0000000D) for __rt_entry_main
    rtentry.o(.ARM.Collect$$rtentry$$00000000) refers (Special) to rtentry2.o(.ARM.Collect$$rtentry$$0000000C) for __rt_entry_postli_1
    rtentry.o(.ARM.Collect$$rtentry$$00000000) refers (Special) to rtentry2.o(.ARM.Collect$$rtentry$$00000009) for __rt_entry_postsh_1
    rtentry.o(.ARM.Collect$$rtentry$$00000000) refers (Special) to rtentry2.o(.ARM.Collect$$rtentry$$00000002) for __rt_entry_presh_1
    rtentry.o(.ARM.Collect$$rtentry$$00000000) refers (Special) to rtentry4.o(.ARM.Collect$$rtentry$$00000004) for __rt_entry_sh
    rtentry2.o(.ARM.Collect$$rtentry$$00000008) refers to boardinit2.o(.text) for _platform_post_stackheap_init
    rtentry2.o(.ARM.Collect$$rtentry$$0000000A) refers to libinit.o(.ARM.Collect$$libinit$$00000000) for __rt_lib_init
    rtentry2.o(.ARM.Collect$$rtentry$$0000000B) refers to boardinit3.o(.text) for _platform_post_lib_init
    rtentry2.o(.ARM.Collect$$rtentry$$0000000D) refers to spaceinvaders.o(i.main) for main
    rtentry2.o(.ARM.Collect$$rtentry$$0000000D) refers to exit.o(.text) for exit
    rtentry2.o(.ARM.exidx) refers to rtentry2.o(.ARM.Collect$$rtentry$$00000001) for .ARM.Collect$$rtentry$$00000001
    rtentry2.o(.ARM.exidx) refers to rtentry2.o(.ARM.Collect$$rtentry$$00000008) for .ARM.Collect$$rtentry$$00000008
    rtentry2.o(.ARM.exidx) refers to rtentry2.o(.ARM.Collect$$rtentry$$0000000A) for .ARM.Collect$$rtentry$$0000000A
    rtentry2.o(.ARM.exidx) refers to rtentry2.o(.ARM.Collect$$rtentry$$0000000B) for .ARM.Collect$$rtentry$$0000000B
    rtentry2.o(.ARM.exidx) refers to rtentry2.o(.ARM.Collect$$rtentry$$0000000D) for .ARM.Collect$$rtentry$$0000000D
    rtentry4.o(.ARM.Collect$$rtentry$$00000004) refers to sys_stackheap_outer.o(.text) for __user_setup_stackheap
    rtentry4.o(.ARM.exidx) refers to rtentry4.o(.ARM.Collect$$rtentry$$00000004) for .ARM.Collect$$rtentry$$00000004
    sys_stackheap_outer.o(.text) refers to libspace.o(.text) for __user_perproc_libspace
    sys_stackheap_outer.o(.text) refers to startup.o(.text) for __user_initial_stackheap
    exit.o(.text) refers to rtexit.o(.ARM.Collect$$rtexit$$00000000) for __rt_exit
    libinit.o(.ARM.Collect$$libinit$$00000000) refers (Special) to libinit2.o(.ARM.Collect$$libinit$$0000002C) for __rt_lib_init_alloca_1
    libinit.o(.ARM.Collect$$libinit$$00000000) refers (Special) to libinit2.o(.ARM.Collect$$libinit$$0000002A) for __rt_lib_init_argv_1
    libinit.o(.ARM.Collect$$libinit$$00000000) refers (Special) to libinit2.o(.ARM.Collect$$libinit$$00000019) for __rt_lib_init_atexit_1
    libinit.o(.ARM.Collect$$libinit$$00000000) refers (Special) to libinit2.o(.ARM.Collect$$libinit$$0000001F) for __rt_lib_init_clock_1
    libinit.o(.ARM.Collect$$libinit$$00000000) refers (Special) to libinit2.o(.ARM.Collect$$libinit$$00000030) for __rt_lib_init_cpp_1
    libinit.o(.ARM.Collect$$libinit$$00000000) refers (Special) to libinit2.o(.ARM.Collect$$libinit$$0000002E) for __rt_lib_init_exceptions_1
    libinit.o(.ARM.Collect$$libinit$$00000000) refers (Special) to libinit2.o(.ARM.Collect$$libinit$$00000002) for __rt_lib_init_fp_1
    libinit.o(.ARM.Collect$$libinit$$00000000) refers (Special) to libinit2.o(.ARM.Collect$$libinit$$0000001D) for __rt_lib_init_fp_trap_1
    libinit.o(.ARM.Collect$$libinit$$00000000) refers (Special) to libinit2.o(.ARM.Collect$$libinit$$00000021) for __rt_lib_init_getenv_1
    libinit.o(.ARM.Collect$$libinit$$00000000) refers (Special) to libinit2.o(.ARM.Collect$$libinit$$00000008) for __rt_lib_init_heap_1
    libinit.o(.ARM.Collect$$libinit$$00000000) refers (Special) to libinit2.o(.ARM.Collect$$libinit$$0000000F) for __rt_lib_init_lc_collate_1
    libinit.o(.ARM.Collect$$libinit$$00000000) refers (Special) to libinit2.o(.ARM.Collect$$libinit$$00000011) for __rt_lib_init_lc_ctype_1
    libinit.o(.ARM.Collect$$libinit$$00000000) refers (Special) to libinit2.o(.ARM.Collect$$libinit$$00000013) for __rt_lib_init_lc_monetary_1
    libinit.o(.ARM.Collect$$libinit$$00000000) refers (Special) to libinit2.o(.ARM.Collect$$libinit$$00000015) for __rt_lib_init_lc_numeric_1
    libinit.o(.ARM.Collect$$libinit$$00000000) refers (Special) to libinit2.o(.ARM.Collect$$libinit$$00000017) for __rt_lib_init_lc_time_1
    libinit.o(.ARM.Collect$$libinit$$00000000) refers (Special) to libinit2.o(.ARM.Collect$$libinit$$0000000C) for __rt_lib_init_rand_1
    libinit.o(.ARM.Collect$$libinit$$00000000) refers (Special) to libinit2.o(.ARM.Collect$$libinit$$00000031) for __rt_lib_init_return
    libinit.o(.ARM.Collect$$libinit$$00000000) refers (Special) to libinit2.o(.ARM.Collect$$libinit$$0000001B) for __rt_lib_init_signal_1
    libinit.o(.ARM.Collect$$libinit$$00000000) refers (Special) to libinit2.o(.ARM.Collect$$libinit$$00000023) for __rt_lib_init_stdio_1
    libinit.o(.ARM.Collect$$libinit$$00000000) refers (Special) to libinit2.o(.ARM.Collect$$libinit$$0000000A) for __rt_lib_init_user_alloc_1
    libspace.o(.text) refers to libspace.o(.bss) for __libspace_start
    rtexit.o(.ARM.Collect$$rtexit$$00000000) refers (Special) to rtexit2.o(.ARM.Collect$$rtexit$$00000004) for __rt_exit_exit
    rtexit.o(.ARM.Collect$$rtexit$$00000000) refers (Special) to rtexit2.o(.ARM.Collect$$rtexit$$00000003) for __rt_exit_ls
    rtexit.o(.ARM.Collect$$rtexit$$00000000) refers (Special) to rtexit2.o(.ARM.Collect$$rtexit$$00000002) for __rt_exit_prels_1
    rtexit.o(.ARM.exidx) refers (Special) to rtexit2.o(.ARM.Collect$$rtexit$$00000004) for __rt_exit_exit
    rtexit.o(.ARM.exidx) refers (Special) to rtexit2.o(.ARM.Collect$$rtexit$$00000003) for __rt_exit_ls
    rtexit.o(.ARM.exidx) refers (Special) to rtexit2.o(.ARM.Collect$$rtexit$$00000002) for __rt_exit_prels_1
    rtexit.o(.ARM.exidx) refers to rtexit.o(.ARM.Collect$$rtexit$$00000000) for .ARM.Collect$$rtexit$$00000000
    libinit2.o(.ARM.Collect$$libinit$$0000000E) refers to libinit2.o(.ARM.Collect$$libinit$$0000000D) for .ARM.Collect$$libinit$$0000000D
    libinit2.o(.ARM.Collect$$libinit$$00000010) refers to libinit2.o(.ARM.Collect$$libinit$$0000000D) for .ARM.Collect$$libinit$$0000000D
    libinit2.o(.ARM.Collect$$libinit$$00000012) refers to libinit2.o(.ARM.Collect$$libinit$$0000000D) for .ARM.Collect$$libinit$$0000000D
    libinit2.o(.ARM.Collect$$libinit$$00000014) refers to libinit2.o(.ARM.Collect$$libinit$$0000000D) for .ARM.Collect$$libinit$$0000000D
    libinit2.o(.ARM.Collect$$libinit$$00000016) refers to libinit2.o(.ARM.Collect$$libinit$$0000000D) for .ARM.Collect$$libinit$$0000000D
    libinit2.o(.ARM.Collect$$libinit$$00000024) refers to argv_veneer.o(.emb_text) for __ARM_argv_veneer
    libinit2.o(.ARM.Collect$$libinit$$00000025) refers to argv_veneer.o(.emb_text) for __ARM_argv_veneer
    rtexit2.o(.ARM.Collect$$rtexit$$00000003) refers to libshutdown.o(.ARM.Collect$$libshutdown$$00000000) for __rt_lib_shutdown
    rtexit2.o(.ARM.Collect$$rtexit$$00000004) refers to sys_exit.o(.text) for _sys_exit
    rtexit2.o(.ARM.exidx) refers to rtexit2.o(.ARM.Collect$$rtexit$$00000001) for .ARM.Collect$$rtexit$$00000001
    rtexit2.o(.ARM.exidx) refers to rtexit2.o(.ARM.Collect$$rtexit$$00000003) for .ARM.Collect$$rtexit$$00000003
    rtexit2.o(.ARM.exidx) refers to rtexit2.o(.ARM.Collect$$rtexit$$00000004) for .ARM.Collect$$rtexit$$00000004
    argv_veneer.o(.emb_text) refers to no_argv.o(.text) for __ARM_get_argv
    sys_exit.o(.text) refers (Special) to use_no_semi.o(.text) for __I$use$semihosting
    sys_exit.o(.text) refers (Special) to indicate_semi.o(.text) for __semihosting_library_function
    _get_argv_nomalloc.o(.text) refers (Special) to hrguard.o(.text) for __heap_region$guard
    _get_argv_nomalloc.o(.text) refers to defsig_rtmem_outer.o(.text) for __rt_SIGRTMEM
    _get_argv_nomalloc.o(.text) refers to sys_command.o(.text) for _sys_command_string
    libshutdown.o(.ARM.Collect$$libshutdown$$00000000) refers (Special) to libshutdown2.o(.ARM.Collect$$libshutdown$$00000006) for __rt_lib_shutdown_fp_trap_1
    libshutdown.o(.ARM.Collect$$libshutdown$$00000000) refers (Special) to libshutdown2.o(.ARM.Collect$$libshutdown$$0000000E) for __rt_lib_shutdown_heap_1
    libshutdown.o(.ARM.Collect$$libshutdown$$00000000) refers (Special) to libshutdown2.o(.ARM.Collect$$libshutdown$$0000000F) for __rt_lib_shutdown_return
    libshutdown.o(.ARM.Collect$$libshutdown$$00000000) refers (Special) to libshutdown2.o(.ARM.Collect$$libshutdown$$00000009) for __rt_lib_shutdown_signal_1
    libshutdown.o(.ARM.Collect$$libshutdown$$00000000) refers (Special) to libshutdown2.o(.ARM.Collect$$libshutdown$$00000003) for __rt_lib_shutdown_stdio_1
    libshutdown.o(.ARM.Collect$$libshutdown$$00000000) refers (Special) to libshutdown2.o(.ARM.Collect$$libshutdown$$0000000B) for __rt_lib_shutdown_user_alloc_1
    sys_command.o(.text) refers (Special) to use_no_semi.o(.text) for __I$use$semihosting
    sys_command.o(.text) refers (Special) to indicate_semi.o(.text) for __semihosting_library_function
    defsig_rtmem_outer.o(.text) refers to defsig_rtmem_inner.o(.text) for __rt_SIGRTMEM_inner
    defsig_rtmem_outer.o(.text) refers to defsig_exit.o(.text) for __sig_exit
    defsig_rtmem_formal.o(.text) refers to rt_raise.o(.text) for __rt_raise
    rt_raise.o(.text) refers to __raise.o(.text) for __raise
    rt_raise.o(.text) refers to sys_exit.o(.text) for _sys_exit
    defsig_exit.o(.text) refers to sys_exit.o(.text) for _sys_exit
    defsig_rtmem_inner.o(.text) refers to defsig_general.o(.text) for __default_signal_display
    __raise.o(.text) refers to defsig.o(CL$$defsig) for __default_signal_handler
    defsig_general.o(.text) refers to sys_wrch.o(.text) for _ttywrch
    sys_wrch.o(.text) refers (Special) to use_no_semi.o(.text) for __I$use$semihosting
    sys_wrch.o(.text) refers (Special) to indicate_semi.o(.text) for __semihosting_library_function
    defsig.o(CL$$defsig) refers to defsig_rtmem_inner.o(.text) for __rt_SIGRTMEM_inner
    defsig_abrt_inner.o(.text) refers to defsig_general.o(.text) for __default_signal_display
    defsig_fpe_inner.o(.text) refers to defsig_general.o(.text) for __default_signal_display
    defsig_rtred_inner.o(.text) refers to defsig_general.o(.text) for __default_signal_display
    defsig_stak_inner.o(.text) refers to defsig_general.o(.text) for __default_signal_display
    defsig_pvfn_inner.o(.text) refers to defsig_general.o(.text) for __default_signal_display
    defsig_cppl_inner.o(.text) refers to defsig_general.o(.text) for __default_signal_display
    defsig_segv_inner.o(.text) refers to defsig_general.o(.text) for __default_signal_display
    defsig_other.o(.text) refers to defsig_general.o(.text) for __default_signal_display


==============================================================================

Removing Unused input sections from the image.

    Removing nokia5110.o(i.Nokia5110_Clear), (32 bytes).
    Removing nokia5110.o(i.Nokia5110_OutChar), (56 bytes).
    Removing nokia5110.o(i.Nokia5110_OutString), (22 bytes).
    Removing nokia5110.o(i.Nokia5110_OutUDec), (412 bytes).
    Removing nokia5110.o(.constdata), (480 bytes).
    Removing spaceinvaders.o(i.Delay100ms), (36 bytes).
    Removing spaceinvaders.o(.constdata), (480 bytes).
    Removing texas.o(i.SetMode), (24 bytes).
    Removing texas.o(i.StartTimer4), (36 bytes).
    Removing texas.o(i.StopTimer4), (24 bytes).
    Removing texas.o(i.TExaS_Stop), (28 bytes).
    Removing texas.o(i.UART0_InChar), (24 bytes).
    Removing texas.o(i.UART0_InCharNonBlocking), (28 bytes).
    Removing texas.o(i.UART0_OutChar), (24 bytes).
    Removing texas.o(i.UART0_OutCharNonBlock), (12 bytes).
    Removing texas.o(i.copy), (18 bytes).
    Removing sound.o(i.Sound_Explosion), (20 bytes).
    Removing sound.o(i.Sound_Fastinvader1), (20 bytes).
    Removing sound.o(i.Sound_Fastinvader2), (20 bytes).
    Removing sound.o(i.Sound_Fastinvader3), (20 bytes).
    Removing sound.o(i.Sound_Fastinvader4), (20 bytes).
    Removing sound.o(i.Sound_Highpitch), (20 bytes).
    Removing sound.o(i.Sound_Killed), (20 bytes).

23 unused section(s) (total 1876 bytes) removed from the image.

==============================================================================

Image Symbol Table

    Local Symbols

    Symbol Name                              Value     Ov Type        Size  Object(Section)

    RESET                                    0x00000000   Section      644  startup.o(RESET)
    ../clib/angel/boardlib.s                 0x00000000   Number         0  boardshut.o ABSOLUTE
    ../clib/angel/boardlib.s                 0x00000000   Number         0  boardinit2.o ABSOLUTE
    ../clib/angel/boardlib.s                 0x00000000   Number         0  boardinit3.o ABSOLUTE
    ../clib/angel/boardlib.s                 0x00000000   Number         0  boardinit1.o ABSOLUTE
    ../clib/angel/handlers.s                 0x00000000   Number         0  __scatter_copy.o ABSOLUTE
    ../clib/angel/handlers.s                 0x00000000   Number         0  __scatter_zi.o ABSOLUTE
    ../clib/angel/kernel.s                   0x00000000   Number         0  rtentry2.o ABSOLUTE
    ../clib/angel/kernel.s                   0x00000000   Number         0  rtentry.o ABSOLUTE
    ../clib/angel/kernel.s                   0x00000000   Number         0  rtexit2.o ABSOLUTE
    ../clib/angel/kernel.s                   0x00000000   Number         0  rtentry4.o ABSOLUTE
    ../clib/angel/kernel.s                   0x00000000   Number         0  rtexit.o ABSOLUTE
    ../clib/angel/rt.s                       0x00000000   Number         0  rt_raise.o ABSOLUTE
    ../clib/angel/scatter.s                  0x00000000   Number         0  __scatter.o ABSOLUTE
    ../clib/angel/startup.s                  0x00000000   Number         0  __main.o ABSOLUTE
    ../clib/angel/sys.s                      0x00000000   Number         0  indicate_semi.o ABSOLUTE
    ../clib/angel/sys.s                      0x00000000   Number         0  use_no_semi.o ABSOLUTE
    ../clib/angel/sys.s                      0x00000000   Number         0  sys_stackheap_outer.o ABSOLUTE
    ../clib/angel/sys.s                      0x00000000   Number         0  libspace.o ABSOLUTE
    ../clib/angel/sysapp.c                   0x00000000   Number         0  sys_exit.o ABSOLUTE
    ../clib/angel/sysapp.c                   0x00000000   Number         0  sys_command.o ABSOLUTE
    ../clib/angel/sysapp.c                   0x00000000   Number         0  sys_wrch.o ABSOLUTE
    ../clib/armsys.c                         0x00000000   Number         0  argv_veneer.o ABSOLUTE
    ../clib/armsys.c                         0x00000000   Number         0  no_argv.o ABSOLUTE
    ../clib/armsys.c                         0x00000000   Number         0  _get_argv_nomalloc.o ABSOLUTE
    ../clib/armsys.c                         0x00000000   Number         0  argv_veneer.o ABSOLUTE
    ../clib/heapalloc.c                      0x00000000   Number         0  hrguard.o ABSOLUTE
    ../clib/heapaux.c                        0x00000000   Number         0  heapauxi.o ABSOLUTE
    ../clib/libinit.s                        0x00000000   Number         0  libshutdown.o ABSOLUTE
    ../clib/libinit.s                        0x00000000   Number         0  libinit.o ABSOLUTE
    ../clib/libinit.s                        0x00000000   Number         0  libinit2.o ABSOLUTE
    ../clib/libinit.s                        0x00000000   Number         0  libshutdown2.o ABSOLUTE
    ../clib/signal.c                         0x00000000   Number         0  defsig_stak_inner.o ABSOLUTE
    ../clib/signal.c                         0x00000000   Number         0  defsig_exit.o ABSOLUTE
    ../clib/signal.c                         0x00000000   Number         0  defsig_other.o ABSOLUTE
    ../clib/signal.c                         0x00000000   Number         0  defsig_segv_inner.o ABSOLUTE
    ../clib/signal.c                         0x00000000   Number         0  defsig_cppl_inner.o ABSOLUTE
    ../clib/signal.c                         0x00000000   Number         0  defsig_pvfn_inner.o ABSOLUTE
    ../clib/signal.c                         0x00000000   Number         0  defsig_rtred_inner.o ABSOLUTE
    ../clib/signal.c                         0x00000000   Number         0  defsig_fpe_inner.o ABSOLUTE
    ../clib/signal.c                         0x00000000   Number         0  defsig_abrt_inner.o ABSOLUTE
    ../clib/signal.c                         0x00000000   Number         0  defsig_general.o ABSOLUTE
    ../clib/signal.c                         0x00000000   Number         0  __raise.o ABSOLUTE
    ../clib/signal.c                         0x00000000   Number         0  defsig_rtmem_inner.o ABSOLUTE
    ../clib/signal.c                         0x00000000   Number         0  defsig_rtmem_formal.o ABSOLUTE
    ../clib/signal.c                         0x00000000   Number         0  defsig_rtmem_outer.o ABSOLUTE
    ../clib/signal.s                         0x00000000   Number         0  defsig.o ABSOLUTE
    ../clib/stdlib.c                         0x00000000   Number         0  exit.o ABSOLUTE
    ../fplib/fpinit.s                        0x00000000   Number         0  fpinit.o ABSOLUTE
    ADC.c                                    0x00000000   Number         0  adc.o ABSOLUTE
    DAC.c                                    0x00000000   Number         0  dac.o ABSOLUTE
    GameEngine.c                             0x00000000   Number         0  gameengine.o ABSOLUTE
    Nokia5110.c                              0x00000000   Number         0  nokia5110.o ABSOLUTE
    Sound.c                                  0x00000000   Number         0  sound.o ABSOLUTE
    SpaceInvaders.c                          0x00000000   Number         0  spaceinvaders.o ABSOLUTE
    SwitchLed.c                              0x00000000   Number         0  switchled.o ABSOLUTE
    TExaS.c                                  0x00000000   Number         0  texas.o ABSOLUTE
    dc.s                                     0x00000000   Number         0  dc.o ABSOLUTE
    random.s                                 0x00000000   Number         0  random.o ABSOLUTE
    startup.s                                0x00000000   Number         0  startup.o ABSOLUTE
    !!!main                                  0x00000284   Section        8  __main.o(!!!main)
    !!!scatter                               0x0000028c   Section       52  __scatter.o(!!!scatter)
    !!handler_copy                           0x000002c0   Section       26  __scatter_copy.o(!!handler_copy)
    !!handler_zi                             0x000002dc   Section       28  __scatter_zi.o(!!handler_zi)
    .ARM.Collect$$libinit$$00000000          0x000002f8   Section        2  libinit.o(.ARM.Collect$$libinit$$00000000)
    .ARM.Collect$$libinit$$00000002          0x000002fa   Section        0  libinit2.o(.ARM.Collect$$libinit$$00000002)
    .ARM.Collect$$libinit$$00000008          0x000002fa   Section        0  libinit2.o(.ARM.Collect$$libinit$$00000008)
    .ARM.Collect$$libinit$$0000000A          0x000002fa   Section        0  libinit2.o(.ARM.Collect$$libinit$$0000000A)
    .ARM.Collect$$libinit$$0000000C          0x000002fa   Section        0  libinit2.o(.ARM.Collect$$libinit$$0000000C)
    .ARM.Collect$$libinit$$0000000F          0x000002fa   Section        0  libinit2.o(.ARM.Collect$$libinit$$0000000F)
    .ARM.Collect$$libinit$$00000011          0x000002fa   Section        0  libinit2.o(.ARM.Collect$$libinit$$00000011)
    .ARM.Collect$$libinit$$00000013          0x000002fa   Section        0  libinit2.o(.ARM.Collect$$libinit$$00000013)
    .ARM.Collect$$libinit$$00000015          0x000002fa   Section        0  libinit2.o(.ARM.Collect$$libinit$$00000015)
    .ARM.Collect$$libinit$$00000017          0x000002fa   Section        0  libinit2.o(.ARM.Collect$$libinit$$00000017)
    .ARM.Collect$$libinit$$00000019          0x000002fa   Section        0  libinit2.o(.ARM.Collect$$libinit$$00000019)
    .ARM.Collect$$libinit$$0000001B          0x000002fa   Section        0  libinit2.o(.ARM.Collect$$libinit$$0000001B)
    .ARM.Collect$$libinit$$0000001D          0x000002fa   Section        0  libinit2.o(.ARM.Collect$$libinit$$0000001D)
    .ARM.Collect$$libinit$$0000001F          0x000002fa   Section        0  libinit2.o(.ARM.Collect$$libinit$$0000001F)
    .ARM.Collect$$libinit$$00000021          0x000002fa   Section        0  libinit2.o(.ARM.Collect$$libinit$$00000021)
    .ARM.Collect$$libinit$$00000023          0x000002fa   Section        0  libinit2.o(.ARM.Collect$$libinit$$00000023)
    .ARM.Collect$$libinit$$0000002A          0x000002fa   Section        0  libinit2.o(.ARM.Collect$$libinit$$0000002A)
    .ARM.Collect$$libinit$$0000002C          0x000002fa   Section        0  libinit2.o(.ARM.Collect$$libinit$$0000002C)
    .ARM.Collect$$libinit$$0000002E          0x000002fa   Section        0  libinit2.o(.ARM.Collect$$libinit$$0000002E)
    .ARM.Collect$$libinit$$00000030          0x000002fa   Section        0  libinit2.o(.ARM.Collect$$libinit$$00000030)
    .ARM.Collect$$libinit$$00000031          0x000002fa   Section        2  libinit2.o(.ARM.Collect$$libinit$$00000031)
    .ARM.Collect$$libshutdown$$00000000      0x000002fc   Section        2  libshutdown.o(.ARM.Collect$$libshutdown$$00000000)
    .ARM.Collect$$libshutdown$$00000003      0x000002fe   Section        0  libshutdown2.o(.ARM.Collect$$libshutdown$$00000003)
    .ARM.Collect$$libshutdown$$00000006      0x000002fe   Section        0  libshutdown2.o(.ARM.Collect$$libshutdown$$00000006)
    .ARM.Collect$$libshutdown$$00000009      0x000002fe   Section        0  libshutdown2.o(.ARM.Collect$$libshutdown$$00000009)
    .ARM.Collect$$libshutdown$$0000000B      0x000002fe   Section        0  libshutdown2.o(.ARM.Collect$$libshutdown$$0000000B)
    .ARM.Collect$$libshutdown$$0000000E      0x000002fe   Section        0  libshutdown2.o(.ARM.Collect$$libshutdown$$0000000E)
    .ARM.Collect$$libshutdown$$0000000F      0x000002fe   Section        2  libshutdown2.o(.ARM.Collect$$libshutdown$$0000000F)
    .ARM.Collect$$rtentry$$00000000          0x00000300   Section        0  rtentry.o(.ARM.Collect$$rtentry$$00000000)
    .ARM.Collect$$rtentry$$00000002          0x00000300   Section        0  rtentry2.o(.ARM.Collect$$rtentry$$00000002)
    .ARM.Collect$$rtentry$$00000004          0x00000300   Section        6  rtentry4.o(.ARM.Collect$$rtentry$$00000004)
    .ARM.Collect$$rtentry$$00000009          0x00000306   Section        0  rtentry2.o(.ARM.Collect$$rtentry$$00000009)
    .ARM.Collect$$rtentry$$0000000A          0x00000306   Section        4  rtentry2.o(.ARM.Collect$$rtentry$$0000000A)
    .ARM.Collect$$rtentry$$0000000C          0x0000030a   Section        0  rtentry2.o(.ARM.Collect$$rtentry$$0000000C)
    .ARM.Collect$$rtentry$$0000000D          0x0000030a   Section        8  rtentry2.o(.ARM.Collect$$rtentry$$0000000D)
    .ARM.Collect$$rtexit$$00000000           0x00000312   Section        2  rtexit.o(.ARM.Collect$$rtexit$$00000000)
    .ARM.Collect$$rtexit$$00000002           0x00000314   Section        0  rtexit2.o(.ARM.Collect$$rtexit$$00000002)
    .ARM.Collect$$rtexit$$00000003           0x00000314   Section        4  rtexit2.o(.ARM.Collect$$rtexit$$00000003)
    .ARM.Collect$$rtexit$$00000004           0x00000318   Section        6  rtexit2.o(.ARM.Collect$$rtexit$$00000004)
    .text                                    0x00000320   Section       48  startup.o(.text)
    .text                                    0x00000350   Section       40  random.o(.text)
    .text                                    0x00000378   Section        0  heapauxi.o(.text)
    .text                                    0x0000037e   Section       74  sys_stackheap_outer.o(.text)
    .text                                    0x000003c8   Section        0  exit.o(.text)
    .text                                    0x000003d4   Section        8  libspace.o(.text)
    .text                                    0x000003dc   Section        0  sys_exit.o(.text)
    .text                                    0x000003e8   Section        2  use_no_semi.o(.text)
    .text                                    0x000003ea   Section        0  indicate_semi.o(.text)
    i.ADC0_In                                0x000003ec   Section        0  adc.o(i.ADC0_In)
    i.ADC0_Init                              0x00000418   Section        0  adc.o(i.ADC0_Init)
    i.ADC1_In                                0x000004e8   Section        0  texas.o(i.ADC1_In)
    i.ADC1_Init                              0x000004f4   Section        0  texas.o(i.ADC1_Init)
    i.ConvertToDistance                      0x000005c8   Section        0  gameengine.o(i.ConvertToDistance)
    i.DAC_Init                               0x000005d4   Section        0  dac.o(i.DAC_Init)
    i.DAC_Out                                0x00000634   Section        0  dac.o(i.DAC_Out)
    i.DrawBunkers                            0x00000640   Section        0  gameengine.o(i.DrawBunkers)
    i.DrawEnemies                            0x00000678   Section        0  gameengine.o(i.DrawEnemies)
    i.DrawPlayer                             0x000006d0   Section        0  gameengine.o(i.DrawPlayer)
    i.DrawRegMissiles                        0x000006e8   Section        0  gameengine.o(i.DrawRegMissiles)
    i.DrawSpecMissiles                       0x00000730   Section        0  gameengine.o(i.DrawSpecMissiles)
    i.Draw_Frame                             0x000007b0   Section        0  gameengine.o(i.Draw_Frame)
    i.EnemyMove                              0x000007e4   Section        0  gameengine.o(i.EnemyMove)
    i.Failure_LedOff                         0x00000828   Section        0  switchled.o(i.Failure_LedOff)
    i.Failure_LedOn                          0x00000840   Section        0  switchled.o(i.Failure_LedOn)
    i.Game_Init                              0x00000858   Section        0  gameengine.o(i.Game_Init)
    i.Move_ActiveObjects                     0x00000a1c   Section        0  gameengine.o(i.Move_ActiveObjects)
    i.Nokia5110_ClearBuffer                  0x00000a30   Section        0  nokia5110.o(i.Nokia5110_ClearBuffer)
    i.Nokia5110_DisplayBuffer                0x00000a48   Section        0  nokia5110.o(i.Nokia5110_DisplayBuffer)
    i.Nokia5110_DrawFullImage                0x00000a58   Section        0  nokia5110.o(i.Nokia5110_DrawFullImage)
    i.Nokia5110_Init                         0x00000a7c   Section        0  nokia5110.o(i.Nokia5110_Init)
    i.Nokia5110_PrintBMP                     0x00000be8   Section        0  nokia5110.o(i.Nokia5110_PrintBMP)
    i.Nokia5110_SetCursor                    0x00000d90   Section        0  nokia5110.o(i.Nokia5110_SetCursor)
    i.PF1Init                                0x00000dc0   Section        0  spaceinvaders.o(i.PF1Init)
    i.PLL_Init                               0x00000e30   Section        0  texas.o(i.PLL_Init)
    i.PlayerMove                             0x00000eac   Section        0  gameengine.o(i.PlayerMove)
    i.RegMissileMove                         0x00000ec8   Section        0  gameengine.o(i.RegMissileMove)
    i.RegMissile_Fire                        0x00000f40   Section        0  gameengine.o(i.RegMissile_Fire)
    i.SetCode                                0x00000fd4   Section        0  texas.o(i.SetCode)
    i.SetCourse                              0x00000fec   Section        0  texas.o(i.SetCourse)
    i.SoundOut                               0x00001004   Section        0  sound.o(i.SoundOut)
    i.Sound_Init                             0x00001020   Section        0  sound.o(i.Sound_Init)
    i.Sound_Play                             0x0000103c   Section        0  sound.o(i.Sound_Play)
    i.Sound_Shoot                            0x00001080   Section        0  sound.o(i.Sound_Shoot)
    i.SpecMissileMove                        0x00001094   Section        0  gameengine.o(i.SpecMissileMove)
    i.SpecMissile_Fire                       0x00001208   Section        0  gameengine.o(i.SpecMissile_Fire)
    i.Success_LedOff                         0x00001308   Section        0  switchled.o(i.Success_LedOff)
    i.Success_LedOn                          0x00001320   Section        0  switchled.o(i.Success_LedOn)
    i.SwitchLed_Init                         0x00001338   Section        0  switchled.o(i.SwitchLed_Init)
    i.Switch_Fire                            0x000013f4   Section        0  switchled.o(i.Switch_Fire)
    i.Switch_SpecialFire                     0x00001420   Section        0  switchled.o(i.Switch_SpecialFire)
    i.SysTick_Handler                        0x0000144c   Section        0  spaceinvaders.o(i.SysTick_Handler)
    i.SysTick_Init                           0x000014b0   Section        0  spaceinvaders.o(i.SysTick_Init)
    i.TExaS_Init                             0x000014e0   Section        0  texas.o(i.TExaS_Init)
    i.Timer2A_Handler                        0x000016a4   Section        0  spaceinvaders.o(i.Timer2A_Handler)
    i.Timer2_Init                            0x000016fc   Section        0  spaceinvaders.o(i.Timer2_Init)
    i.Timer4A_Handler                        0x00001764   Section        0  texas.o(i.Timer4A_Handler)
    i.Timer5A_Handler                        0x00001784   Section        0  texas.o(i.Timer5A_Handler)
    i.UART0_Init                             0x000017b4   Section        0  texas.o(i.UART0_Init)
    i.lcdwrite                               0x00001874   Section        0  nokia5110.o(i.lcdwrite)
    lcdwrite                                 0x00001875   Thumb Code    66  nokia5110.o(i.lcdwrite)
    i.main                                   0x000018c0   Section        0  spaceinvaders.o(i.main)
    .constdata                               0x00001924   Section      360  texas.o(.constdata)
    .constdata                               0x00001a8c   Section     4411  gameengine.o(.constdata)
    ASCII                                    0x00001a8c   Data         480  gameengine.o(.constdata)
    .constdata                               0x00002bc7   Section    15435  sound.o(.constdata)
    .data                                    0x20000000   Section       16  spaceinvaders.o(.data)
    .data                                    0x20000010   Section       52  texas.o(.data)
    .data                                    0x20000044   Section       16  gameengine.o(.data)
    .data                                    0x20000054   Section        8  switchled.o(.data)
    .data                                    0x2000005c   Section       12  sound.o(.data)
    DATA                                     0x20000068   Section        4  random.o(DATA)
    M                                        0x20000068   Data           4  random.o(DATA)
    .bss                                     0x2000006c   Section      504  nokia5110.o(.bss)
    .bss                                     0x20000268   Section       56  texas.o(.bss)
    .bss                                     0x200002a0   Section      668  gameengine.o(.bss)
    .bss                                     0x2000053c   Section       96  libspace.o(.bss)
    HEAP                                     0x200005a0   Section        0  startup.o(HEAP)
    STACK                                    0x200005a0   Section     1024  startup.o(STACK)
    HeapMem                                  0x200005a0   Data           0  startup.o(HEAP)
    StackMem                                 0x200005a0   Data           0  startup.o(STACK)

    Global Symbols

    Symbol Name                              Value     Ov Type        Size  Object(Section)

    BuildAttributes$$THM_ISAv4$E$P$D$K$B$S$7EM$PE$A:L22UL41UL21$X:L11$S22US41US21$IEEE1$IW$USESV6$~STKCKD$USESV7$~SHL$OSPACE$ROPI$EBA8$UX$STANDARDLIB$REQ8$PRES8$EABIv2 0x00000000   Number         0  anon$$obj.o ABSOLUTE
    __ARM_use_no_argv                        0x00000000   Number         0  spaceinvaders.o ABSOLUTE
    __Vectors                                0x00000000   Data           0  startup.o(RESET)
    __ARM_exceptions_init                     - Undefined Weak Reference
    __alloca_initialize                       - Undefined Weak Reference
    __cpp_initialize__aeabi_                  - Undefined Weak Reference
    __cxa_finalize                            - Undefined Weak Reference
    __rt_locale                               - Undefined Weak Reference
    __sigvec_lookup                           - Undefined Weak Reference
    _atexit_init                              - Undefined Weak Reference
    _call_atexit_fns                          - Undefined Weak Reference
    _clock_init                               - Undefined Weak Reference
    _fp_trap_init                             - Undefined Weak Reference
    _fp_trap_shutdown                         - Undefined Weak Reference
    _get_lc_collate                           - Undefined Weak Reference
    _get_lc_ctype                             - Undefined Weak Reference
    _get_lc_monetary                          - Undefined Weak Reference
    _get_lc_numeric                           - Undefined Weak Reference
    _get_lc_time                              - Undefined Weak Reference
    _getenv_init                              - Undefined Weak Reference
    _handle_redirection                       - Undefined Weak Reference
    _init_alloc                               - Undefined Weak Reference
    _init_user_alloc                          - Undefined Weak Reference
    _initio                                   - Undefined Weak Reference
    _rand_init                                - Undefined Weak Reference
    _signal_finish                            - Undefined Weak Reference
    _signal_init                              - Undefined Weak Reference
    _terminate_alloc                          - Undefined Weak Reference
    _terminate_user_alloc                     - Undefined Weak Reference
    _terminateio                              - Undefined Weak Reference
    Reset_Handler                            0x0000026d   Thumb Code     0  startup.o(RESET)
    NMI_Handler                              0x00000271   Thumb Code     2  startup.o(RESET)
    HardFault_Handler                        0x00000273   Thumb Code     2  startup.o(RESET)
    MemManage_Handler                        0x00000275   Thumb Code     2  startup.o(RESET)
    BusFault_Handler                         0x00000277   Thumb Code     2  startup.o(RESET)
    UsageFault_Handler                       0x00000279   Thumb Code     2  startup.o(RESET)
    SVC_Handler                              0x0000027b   Thumb Code     2  startup.o(RESET)
    DebugMon_Handler                         0x0000027d   Thumb Code     2  startup.o(RESET)
    PendSV_Handler                           0x0000027f   Thumb Code     2  startup.o(RESET)
    ADC0Seq0_Handler                         0x00000283   Thumb Code     0  startup.o(RESET)
    ADC0Seq1_Handler                         0x00000283   Thumb Code     0  startup.o(RESET)
    ADC0Seq2_Handler                         0x00000283   Thumb Code     0  startup.o(RESET)
    ADC0Seq3_Handler                         0x00000283   Thumb Code     0  startup.o(RESET)
    ADC1Seq0_Handler                         0x00000283   Thumb Code     0  startup.o(RESET)
    ADC1Seq1_Handler                         0x00000283   Thumb Code     0  startup.o(RESET)
    ADC1Seq2_Handler                         0x00000283   Thumb Code     0  startup.o(RESET)
    ADC1Seq3_Handler                         0x00000283   Thumb Code     0  startup.o(RESET)
    CAN0_Handler                             0x00000283   Thumb Code     0  startup.o(RESET)
    CAN1_Handler                             0x00000283   Thumb Code     0  startup.o(RESET)
    CAN2_Handler                             0x00000283   Thumb Code     0  startup.o(RESET)
    Comp0_Handler                            0x00000283   Thumb Code     0  startup.o(RESET)
    Comp1_Handler                            0x00000283   Thumb Code     0  startup.o(RESET)
    Comp2_Handler                            0x00000283   Thumb Code     0  startup.o(RESET)
    Ethernet_Handler                         0x00000283   Thumb Code     0  startup.o(RESET)
    ExtBus_Handler                           0x00000283   Thumb Code     0  startup.o(RESET)
    FPU_Handler                              0x00000283   Thumb Code     0  startup.o(RESET)
    Fan0_Handler                             0x00000283   Thumb Code     0  startup.o(RESET)
    FlashCtl_Handler                         0x00000283   Thumb Code     0  startup.o(RESET)
    GPIOPortA_Handler                        0x00000283   Thumb Code     0  startup.o(RESET)
    GPIOPortB_Handler                        0x00000283   Thumb Code     0  startup.o(RESET)
    GPIOPortC_Handler                        0x00000283   Thumb Code     0  startup.o(RESET)
    GPIOPortD_Handler                        0x00000283   Thumb Code     0  startup.o(RESET)
    GPIOPortE_Handler                        0x00000283   Thumb Code     0  startup.o(RESET)
    GPIOPortF_Handler                        0x00000283   Thumb Code     0  startup.o(RESET)
    GPIOPortG_Handler                        0x00000283   Thumb Code     0  startup.o(RESET)
    GPIOPortH_Handler                        0x00000283   Thumb Code     0  startup.o(RESET)
    GPIOPortJ_Handler                        0x00000283   Thumb Code     0  startup.o(RESET)
    GPIOPortK_Handler                        0x00000283   Thumb Code     0  startup.o(RESET)
    GPIOPortL_Handler                        0x00000283   Thumb Code     0  startup.o(RESET)
    GPIOPortM_Handler                        0x00000283   Thumb Code     0  startup.o(RESET)
    GPIOPortN_Handler                        0x00000283   Thumb Code     0  startup.o(RESET)
    GPIOPortP1_Handler                       0x00000283   Thumb Code     0  startup.o(RESET)
    GPIOPortP2_Handler                       0x00000283   Thumb Code     0  startup.o(RESET)
    GPIOPortP3_Handler                       0x00000283   Thumb Code     0  startup.o(RESET)
    GPIOPortP4_Handler                       0x00000283   Thumb Code     0  startup.o(RESET)
    GPIOPortP5_Handler                       0x00000283   Thumb Code     0  startup.o(RESET)
    GPIOPortP6_Handler                       0x00000283   Thumb Code     0  startup.o(RESET)
    GPIOPortP7_Handler                       0x00000283   Thumb Code     0  startup.o(RESET)
    GPIOPortP_Handler                        0x00000283   Thumb Code     0  startup.o(RESET)
    GPIOPortQ1_Handler                       0x00000283   Thumb Code     0  startup.o(RESET)
    GPIOPortQ2_Handler                       0x00000283   Thumb Code     0  startup.o(RESET)
    GPIOPortQ3_Handler                       0x00000283   Thumb Code     0  startup.o(RESET)
    GPIOPortQ4_Handler                       0x00000283   Thumb Code     0  startup.o(RESET)
    GPIOPortQ5_Handler                       0x00000283   Thumb Code     0  startup.o(RESET)
    GPIOPortQ6_Handler                       0x00000283   Thumb Code     0  startup.o(RESET)
    GPIOPortQ7_Handler                       0x00000283   Thumb Code     0  startup.o(RESET)
    GPIOPortQ_Handler                        0x00000283   Thumb Code     0  startup.o(RESET)
    GPIOPortR_Handler                        0x00000283   Thumb Code     0  startup.o(RESET)
    GPIOPortS_Handler                        0x00000283   Thumb Code     0  startup.o(RESET)
    Hibernate_Handler                        0x00000283   Thumb Code     0  startup.o(RESET)
    I2C0_Handler                             0x00000283   Thumb Code     0  startup.o(RESET)
    I2C1_Handler                             0x00000283   Thumb Code     0  startup.o(RESET)
    I2C2_Handler                             0x00000283   Thumb Code     0  startup.o(RESET)
    I2C3_Handler                             0x00000283   Thumb Code     0  startup.o(RESET)
    I2C4_Handler                             0x00000283   Thumb Code     0  startup.o(RESET)
    I2C5_Handler                             0x00000283   Thumb Code     0  startup.o(RESET)
    I2S0_Handler                             0x00000283   Thumb Code     0  startup.o(RESET)
    LPC0_Handler                             0x00000283   Thumb Code     0  startup.o(RESET)
    PECI0_Handler                            0x00000283   Thumb Code     0  startup.o(RESET)
    PWM0Fault_Handler                        0x00000283   Thumb Code     0  startup.o(RESET)
    PWM0Generator0_Handler                   0x00000283   Thumb Code     0  startup.o(RESET)
    PWM0Generator1_Handler                   0x00000283   Thumb Code     0  startup.o(RESET)
    PWM0Generator2_Handler                   0x00000283   Thumb Code     0  startup.o(RESET)
    PWM0Generator3_Handler                   0x00000283   Thumb Code     0  startup.o(RESET)
    PWM1Fault_Handler                        0x00000283   Thumb Code     0  startup.o(RESET)
    PWM1Generator0_Handler                   0x00000283   Thumb Code     0  startup.o(RESET)
    PWM1Generator1_Handler                   0x00000283   Thumb Code     0  startup.o(RESET)
    PWM1Generator2_Handler                   0x00000283   Thumb Code     0  startup.o(RESET)
    PWM1Generator3_Handler                   0x00000283   Thumb Code     0  startup.o(RESET)
    Quadrature0_Handler                      0x00000283   Thumb Code     0  startup.o(RESET)
    Quadrature1_Handler                      0x00000283   Thumb Code     0  startup.o(RESET)
    Quadrature2_Handler                      0x00000283   Thumb Code     0  startup.o(RESET)
    SSI0_Handler                             0x00000283   Thumb Code     0  startup.o(RESET)
    SSI1_Handler                             0x00000283   Thumb Code     0  startup.o(RESET)
    SSI2_Handler                             0x00000283   Thumb Code     0  startup.o(RESET)
    SSI3_Handler                             0x00000283   Thumb Code     0  startup.o(RESET)
    SysCtl_Handler                           0x00000283   Thumb Code     0  startup.o(RESET)
    Timer0A_Handler                          0x00000283   Thumb Code     0  startup.o(RESET)
    Timer0B_Handler                          0x00000283   Thumb Code     0  startup.o(RESET)
    Timer1A_Handler                          0x00000283   Thumb Code     0  startup.o(RESET)
    Timer1B_Handler                          0x00000283   Thumb Code     0  startup.o(RESET)
    Timer2B_Handler                          0x00000283   Thumb Code     0  startup.o(RESET)
    Timer3A_Handler                          0x00000283   Thumb Code     0  startup.o(RESET)
    Timer3B_Handler                          0x00000283   Thumb Code     0  startup.o(RESET)
    Timer4B_Handler                          0x00000283   Thumb Code     0  startup.o(RESET)
    Timer5B_Handler                          0x00000283   Thumb Code     0  startup.o(RESET)
    UART0_Handler                            0x00000283   Thumb Code     0  startup.o(RESET)
    UART1_Handler                            0x00000283   Thumb Code     0  startup.o(RESET)
    UART2_Handler                            0x00000283   Thumb Code     0  startup.o(RESET)
    UART3_Handler                            0x00000283   Thumb Code     0  startup.o(RESET)
    UART4_Handler                            0x00000283   Thumb Code     0  startup.o(RESET)
    UART5_Handler                            0x00000283   Thumb Code     0  startup.o(RESET)
    UART6_Handler                            0x00000283   Thumb Code     0  startup.o(RESET)
    UART7_Handler                            0x00000283   Thumb Code     0  startup.o(RESET)
    USB0_Handler                             0x00000283   Thumb Code     0  startup.o(RESET)
    WDT_Handler                              0x00000283   Thumb Code     0  startup.o(RESET)
    WideTimer0A_Handler                      0x00000283   Thumb Code     0  startup.o(RESET)
    WideTimer0B_Handler                      0x00000283   Thumb Code     0  startup.o(RESET)
    WideTimer1A_Handler                      0x00000283   Thumb Code     0  startup.o(RESET)
    WideTimer1B_Handler                      0x00000283   Thumb Code     0  startup.o(RESET)
    WideTimer2A_Handler                      0x00000283   Thumb Code     0  startup.o(RESET)
    WideTimer2B_Handler                      0x00000283   Thumb Code     0  startup.o(RESET)
    WideTimer3A_Handler                      0x00000283   Thumb Code     0  startup.o(RESET)
    WideTimer3B_Handler                      0x00000283   Thumb Code     0  startup.o(RESET)
    WideTimer4A_Handler                      0x00000283   Thumb Code     0  startup.o(RESET)
    WideTimer4B_Handler                      0x00000283   Thumb Code     0  startup.o(RESET)
    WideTimer5A_Handler                      0x00000283   Thumb Code     0  startup.o(RESET)
    WideTimer5B_Handler                      0x00000283   Thumb Code     0  startup.o(RESET)
    uDMA_Error                               0x00000283   Thumb Code     0  startup.o(RESET)
    uDMA_Handler                             0x00000283   Thumb Code     0  startup.o(RESET)
    __main                                   0x00000285   Thumb Code     8  __main.o(!!!main)
    __scatterload                            0x0000028d   Thumb Code     0  __scatter.o(!!!scatter)
    __scatterload_rt2                        0x0000028d   Thumb Code    44  __scatter.o(!!!scatter)
    __scatterload_rt2_thumb_only             0x0000028d   Thumb Code     0  __scatter.o(!!!scatter)
    __scatterload_null                       0x0000029b   Thumb Code     0  __scatter.o(!!!scatter)
    __scatterload_copy                       0x000002c1   Thumb Code    26  __scatter_copy.o(!!handler_copy)
    __scatterload_zeroinit                   0x000002dd   Thumb Code    28  __scatter_zi.o(!!handler_zi)
    __rt_lib_init                            0x000002f9   Thumb Code     0  libinit.o(.ARM.Collect$$libinit$$00000000)
    __rt_lib_init_alloca_1                   0x000002fb   Thumb Code     0  libinit2.o(.ARM.Collect$$libinit$$0000002C)
    __rt_lib_init_argv_1                     0x000002fb   Thumb Code     0  libinit2.o(.ARM.Collect$$libinit$$0000002A)
    __rt_lib_init_atexit_1                   0x000002fb   Thumb Code     0  libinit2.o(.ARM.Collect$$libinit$$00000019)
    __rt_lib_init_clock_1                    0x000002fb   Thumb Code     0  libinit2.o(.ARM.Collect$$libinit$$0000001F)
    __rt_lib_init_cpp_1                      0x000002fb   Thumb Code     0  libinit2.o(.ARM.Collect$$libinit$$00000030)
    __rt_lib_init_exceptions_1               0x000002fb   Thumb Code     0  libinit2.o(.ARM.Collect$$libinit$$0000002E)
    __rt_lib_init_fp_1                       0x000002fb   Thumb Code     0  libinit2.o(.ARM.Collect$$libinit$$00000002)
    __rt_lib_init_fp_trap_1                  0x000002fb   Thumb Code     0  libinit2.o(.ARM.Collect$$libinit$$0000001D)
    __rt_lib_init_getenv_1                   0x000002fb   Thumb Code     0  libinit2.o(.ARM.Collect$$libinit$$00000021)
    __rt_lib_init_heap_1                     0x000002fb   Thumb Code     0  libinit2.o(.ARM.Collect$$libinit$$00000008)
    __rt_lib_init_lc_collate_1               0x000002fb   Thumb Code     0  libinit2.o(.ARM.Collect$$libinit$$0000000F)
    __rt_lib_init_lc_ctype_1                 0x000002fb   Thumb Code     0  libinit2.o(.ARM.Collect$$libinit$$00000011)
    __rt_lib_init_lc_monetary_1              0x000002fb   Thumb Code     0  libinit2.o(.ARM.Collect$$libinit$$00000013)
    __rt_lib_init_lc_numeric_1               0x000002fb   Thumb Code     0  libinit2.o(.ARM.Collect$$libinit$$00000015)
    __rt_lib_init_lc_time_1                  0x000002fb   Thumb Code     0  libinit2.o(.ARM.Collect$$libinit$$00000017)
    __rt_lib_init_rand_1                     0x000002fb   Thumb Code     0  libinit2.o(.ARM.Collect$$libinit$$0000000C)
    __rt_lib_init_return                     0x000002fb   Thumb Code     0  libinit2.o(.ARM.Collect$$libinit$$00000031)
    __rt_lib_init_signal_1                   0x000002fb   Thumb Code     0  libinit2.o(.ARM.Collect$$libinit$$0000001B)
    __rt_lib_init_stdio_1                    0x000002fb   Thumb Code     0  libinit2.o(.ARM.Collect$$libinit$$00000023)
    __rt_lib_init_user_alloc_1               0x000002fb   Thumb Code     0  libinit2.o(.ARM.Collect$$libinit$$0000000A)
    __rt_lib_shutdown                        0x000002fd   Thumb Code     0  libshutdown.o(.ARM.Collect$$libshutdown$$00000000)
    __rt_lib_shutdown_fp_trap_1              0x000002ff   Thumb Code     0  libshutdown2.o(.ARM.Collect$$libshutdown$$00000006)
    __rt_lib_shutdown_heap_1                 0x000002ff   Thumb Code     0  libshutdown2.o(.ARM.Collect$$libshutdown$$0000000E)
    __rt_lib_shutdown_return                 0x000002ff   Thumb Code     0  libshutdown2.o(.ARM.Collect$$libshutdown$$0000000F)
    __rt_lib_shutdown_signal_1               0x000002ff   Thumb Code     0  libshutdown2.o(.ARM.Collect$$libshutdown$$00000009)
    __rt_lib_shutdown_stdio_1                0x000002ff   Thumb Code     0  libshutdown2.o(.ARM.Collect$$libshutdown$$00000003)
    __rt_lib_shutdown_user_alloc_1           0x000002ff   Thumb Code     0  libshutdown2.o(.ARM.Collect$$libshutdown$$0000000B)
    __rt_entry                               0x00000301   Thumb Code     0  rtentry.o(.ARM.Collect$$rtentry$$00000000)
    __rt_entry_presh_1                       0x00000301   Thumb Code     0  rtentry2.o(.ARM.Collect$$rtentry$$00000002)
    __rt_entry_sh                            0x00000301   Thumb Code     0  rtentry4.o(.ARM.Collect$$rtentry$$00000004)
    __rt_entry_li                            0x00000307   Thumb Code     0  rtentry2.o(.ARM.Collect$$rtentry$$0000000A)
    __rt_entry_postsh_1                      0x00000307   Thumb Code     0  rtentry2.o(.ARM.Collect$$rtentry$$00000009)
    __rt_entry_main                          0x0000030b   Thumb Code     0  rtentry2.o(.ARM.Collect$$rtentry$$0000000D)
    __rt_entry_postli_1                      0x0000030b   Thumb Code     0  rtentry2.o(.ARM.Collect$$rtentry$$0000000C)
    __rt_exit                                0x00000313   Thumb Code     0  rtexit.o(.ARM.Collect$$rtexit$$00000000)
    __rt_exit_ls                             0x00000315   Thumb Code     0  rtexit2.o(.ARM.Collect$$rtexit$$00000003)
    __rt_exit_prels_1                        0x00000315   Thumb Code     0  rtexit2.o(.ARM.Collect$$rtexit$$00000002)
    __rt_exit_exit                           0x00000319   Thumb Code     0  rtexit2.o(.ARM.Collect$$rtexit$$00000004)
    DisableInterrupts                        0x00000321   Thumb Code     0  startup.o(.text)
    EnableInterrupts                         0x00000325   Thumb Code     0  startup.o(.text)
    StartCritical                            0x00000329   Thumb Code     0  startup.o(.text)
    EndCritical                              0x00000331   Thumb Code     0  startup.o(.text)
    WaitForInterrupt                         0x00000337   Thumb Code     0  startup.o(.text)
    __user_initial_stackheap                 0x0000033b   Thumb Code     0  startup.o(.text)
    Random_Init                              0x00000351   Thumb Code     0  random.o(.text)
    Random                                   0x0000035b   Thumb Code     2  random.o(.text)
    __use_two_region_memory                  0x00000379   Thumb Code     2  heapauxi.o(.text)
    __rt_heap_escrow$2region                 0x0000037b   Thumb Code     2  heapauxi.o(.text)
    __rt_heap_expand$2region                 0x0000037d   Thumb Code     2  heapauxi.o(.text)
    __user_setup_stackheap                   0x0000037f   Thumb Code    74  sys_stackheap_outer.o(.text)
    exit                                     0x000003c9   Thumb Code    12  exit.o(.text)
    __user_libspace                          0x000003d5   Thumb Code     8  libspace.o(.text)
    __user_perproc_libspace                  0x000003d5   Thumb Code     0  libspace.o(.text)
    __user_perthread_libspace                0x000003d5   Thumb Code     0  libspace.o(.text)
    _sys_exit                                0x000003dd   Thumb Code     8  sys_exit.o(.text)
    __I$use$semihosting                      0x000003e9   Thumb Code     0  use_no_semi.o(.text)
    __use_no_semihosting_swi                 0x000003e9   Thumb Code     2  use_no_semi.o(.text)
    __semihosting_library_function           0x000003eb   Thumb Code     0  indicate_semi.o(.text)
    ADC0_In                                  0x000003ed   Thumb Code    36  adc.o(i.ADC0_In)
    ADC0_Init                                0x00000419   Thumb Code   172  adc.o(i.ADC0_Init)
    ADC1_In                                  0x000004e9   Thumb Code     6  texas.o(i.ADC1_In)
    ADC1_Init                                0x000004f5   Thumb Code   174  texas.o(i.ADC1_Init)
    ConvertToDistance                        0x000005c9   Thumb Code    12  gameengine.o(i.ConvertToDistance)
    DAC_Init                                 0x000005d5   Thumb Code    86  dac.o(i.DAC_Init)
    DAC_Out                                  0x00000635   Thumb Code     6  dac.o(i.DAC_Out)
    DrawBunkers                              0x00000641   Thumb Code    52  gameengine.o(i.DrawBunkers)
    DrawEnemies                              0x00000679   Thumb Code    78  gameengine.o(i.DrawEnemies)
    DrawPlayer                               0x000006d1   Thumb Code    18  gameengine.o(i.DrawPlayer)
    DrawRegMissiles                          0x000006e9   Thumb Code    68  gameengine.o(i.DrawRegMissiles)
    DrawSpecMissiles                         0x00000731   Thumb Code   122  gameengine.o(i.DrawSpecMissiles)
    Draw_Frame                               0x000007b1   Thumb Code    46  gameengine.o(i.Draw_Frame)
    EnemyMove                                0x000007e5   Thumb Code    62  gameengine.o(i.EnemyMove)
    Failure_LedOff                           0x00000829   Thumb Code    16  switchled.o(i.Failure_LedOff)
    Failure_LedOn                            0x00000841   Thumb Code    16  switchled.o(i.Failure_LedOn)
    Game_Init                                0x00000859   Thumb Code   394  gameengine.o(i.Game_Init)
    Move_ActiveObjects                       0x00000a1d   Thumb Code    20  gameengine.o(i.Move_ActiveObjects)
    Nokia5110_ClearBuffer                    0x00000a31   Thumb Code    20  nokia5110.o(i.Nokia5110_ClearBuffer)
    Nokia5110_DisplayBuffer                  0x00000a49   Thumb Code    10  nokia5110.o(i.Nokia5110_DisplayBuffer)
    Nokia5110_DrawFullImage                  0x00000a59   Thumb Code    34  nokia5110.o(i.Nokia5110_DrawFullImage)
    Nokia5110_Init                           0x00000a7d   Thumb Code   316  nokia5110.o(i.Nokia5110_Init)
    Nokia5110_PrintBMP                       0x00000be9   Thumb Code   420  nokia5110.o(i.Nokia5110_PrintBMP)
    Nokia5110_SetCursor                      0x00000d91   Thumb Code    48  nokia5110.o(i.Nokia5110_SetCursor)
    PF1Init                                  0x00000dc1   Thumb Code    88  spaceinvaders.o(i.PF1Init)
    PLL_Init                                 0x00000e31   Thumb Code   118  texas.o(i.PLL_Init)
    PlayerMove                               0x00000ead   Thumb Code    24  gameengine.o(i.PlayerMove)
    RegMissileMove                           0x00000ec9   Thumb Code   108  gameengine.o(i.RegMissileMove)
    RegMissile_Fire                          0x00000f41   Thumb Code   126  gameengine.o(i.RegMissile_Fire)
    SetCode                                  0x00000fd5   Thumb Code    20  texas.o(i.SetCode)
    SetCourse                                0x00000fed   Thumb Code    20  texas.o(i.SetCourse)
    SoundOut                                 0x00001005   Thumb Code    16  sound.o(i.SoundOut)
    Sound_Init                               0x00001021   Thumb Code    18  sound.o(i.Sound_Init)
    Sound_Play                               0x0000103d   Thumb Code    54  sound.o(i.Sound_Play)
    Sound_Shoot                              0x00001081   Thumb Code    14  sound.o(i.Sound_Shoot)
    SpecMissileMove                          0x00001095   Thumb Code   350  gameengine.o(i.SpecMissileMove)
    SpecMissile_Fire                         0x00001209   Thumb Code   230  gameengine.o(i.SpecMissile_Fire)
    Success_LedOff                           0x00001309   Thumb Code    16  switchled.o(i.Success_LedOff)
    Success_LedOn                            0x00001321   Thumb Code    16  switchled.o(i.Success_LedOn)
    SwitchLed_Init                           0x00001339   Thumb Code   156  switchled.o(i.SwitchLed_Init)
    Switch_Fire                              0x000013f5   Thumb Code    36  switchled.o(i.Switch_Fire)
    Switch_SpecialFire                       0x00001421   Thumb Code    36  switchled.o(i.Switch_SpecialFire)
    SysTick_Handler                          0x0000144d   Thumb Code    80  spaceinvaders.o(i.SysTick_Handler)
    SysTick_Init                             0x000014b1   Thumb Code    42  spaceinvaders.o(i.SysTick_Init)
    TExaS_Init                               0x000014e1   Thumb Code   324  texas.o(i.TExaS_Init)
    Timer2A_Handler                          0x000016a5   Thumb Code    72  spaceinvaders.o(i.Timer2A_Handler)
    Timer2_Init                              0x000016fd   Thumb Code    84  spaceinvaders.o(i.Timer2_Init)
    Timer4A_Handler                          0x00001765   Thumb Code    20  texas.o(i.Timer4A_Handler)
    Timer5A_Handler                          0x00001785   Thumb Code    34  texas.o(i.Timer5A_Handler)
    UART0_Init                               0x000017b5   Thumb Code   160  texas.o(i.UART0_Init)
    main                                     0x000018c1   Thumb Code    88  spaceinvaders.o(i.main)
    NoInputMsg                               0x00001924   Data          40  texas.o(.constdata)
    OutputPortMsg0                           0x0000194c   Data          40  texas.o(.constdata)
    OutputPortMsg1                           0x00001974   Data          40  texas.o(.constdata)
    OutputPortMsg2                           0x0000199c   Data          40  texas.o(.constdata)
    OutputPortMsg3                           0x000019c4   Data          40  texas.o(.constdata)
    BlankMsg                                 0x000019ec   Data          40  texas.o(.constdata)
    InitializedMsg                           0x00001a14   Data          40  texas.o(.constdata)
    IntroMsg                                 0x00001a3c   Data          40  texas.o(.constdata)
    DoneMsg                                  0x00001a64   Data          40  texas.o(.constdata)
    SmallEnemy30PointA                       0x00001c6c   Data         199  gameengine.o(.constdata)
    SmallEnemy30PointB                       0x00001d33   Data         199  gameengine.o(.constdata)
    SmallEnemy20PointA                       0x00001dfa   Data         199  gameengine.o(.constdata)
    SmallEnemy20PointB                       0x00001ec1   Data         199  gameengine.o(.constdata)
    SmallEnemy10PointA                       0x00001f88   Data         199  gameengine.o(.constdata)
    SmallEnemy10PointB                       0x0000204f   Data         199  gameengine.o(.constdata)
    PlayerShip0                              0x00002116   Data         215  gameengine.o(.constdata)
    SmallEnemyBonus0                         0x000021ed   Data         203  gameengine.o(.constdata)
    Bunker0                                  0x000022b8   Data         179  gameengine.o(.constdata)
    Bunker1                                  0x0000236b   Data         179  gameengine.o(.constdata)
    Bunker2                                  0x0000241e   Data         179  gameengine.o(.constdata)
    Bunker3                                  0x000024d1   Data         179  gameengine.o(.constdata)
    BigExplosion0                            0x00002584   Data         215  gameengine.o(.constdata)
    BigExplosion1                            0x0000265b   Data         215  gameengine.o(.constdata)
    SmallExplosion0                          0x00002732   Data         199  gameengine.o(.constdata)
    SmallExplosion1                          0x000027f9   Data         199  gameengine.o(.constdata)
    Missile0                                 0x000028c0   Data         155  gameengine.o(.constdata)
    Missile1                                 0x0000295b   Data         155  gameengine.o(.constdata)
    Missile2                                 0x000029f6   Data         155  gameengine.o(.constdata)
    Laser0                                   0x00002a91   Data         155  gameengine.o(.constdata)
    Laser1                                   0x00002b2c   Data         155  gameengine.o(.constdata)
    shoot                                    0x00002bc7   Data        4080  sound.o(.constdata)
    invaderkilled                            0x00003bb7   Data        3377  sound.o(.constdata)
    explosion                                0x000048e8   Data        2000  sound.o(.constdata)
    fastinvader1                             0x000050b8   Data         982  sound.o(.constdata)
    fastinvader2                             0x0000548e   Data        1042  sound.o(.constdata)
    fastinvader3                             0x000058a0   Data        1054  sound.o(.constdata)
    fastinvader4                             0x00005cbe   Data        1098  sound.o(.constdata)
    highpitch                                0x00006108   Data        1802  sound.o(.constdata)
    Region$$Table$$Base                      0x00006814   Number         0  anon$$obj.o(Region$$Table)
    Region$$Table$$Limit                     0x00006834   Number         0  anon$$obj.o(Region$$Table)
    Semaphore                                0x20000000   Data           1  spaceinvaders.o(.data)
    TimerCount                               0x20000001   Data           1  spaceinvaders.o(.data)
    SuccessLedCount                          0x20000004   Data           4  spaceinvaders.o(.data)
    FailureLedCount                          0x20000008   Data           4  spaceinvaders.o(.data)
    PeriodicTask                             0x2000000c   Data           4  spaceinvaders.o(.data)
    TExaS_Period                             0x20000010   Data           4  texas.o(.data)
    TExaS_Ports                              0x20000014   Data           8  texas.o(.data)
    Display                                  0x2000001c   Data           1  texas.o(.data)
    TExaS_Meter                              0x20000020   Data           4  texas.o(.data)
    ADCnum                                   0x20000024   Data           4  texas.o(.data)
    LastMode                                 0x20000028   Data           4  texas.o(.data)
    bFlag                                    0x2000002c   Data           4  texas.o(.data)
    Count                                    0x20000030   Data           4  texas.o(.data)
    DelayBetweenTests                        0x20000034   Data           4  texas.o(.data)
    TExaS_Test                               0x20000038   Data           4  texas.o(.data)
    ScopeMode                                0x2000003c   Data           4  texas.o(.data)
    ScopeCount                               0x20000040   Data           4  texas.o(.data)
    FrameCount                               0x20000044   Data           4  gameengine.o(.data)
    RegMissileCount                          0x20000048   Data           1  gameengine.o(.data)
    SpecMissileCount                         0x20000049   Data           1  gameengine.o(.data)
    SpecMissileDecrementCheck                0x2000004a   Data           1  gameengine.o(.data)
    LaserCount                               0x2000004b   Data           1  gameengine.o(.data)
    Distance                                 0x2000004c   Data           4  gameengine.o(.data)
    ADCdata                                  0x20000050   Data           4  gameengine.o(.data)
    PrevRegFire                              0x20000054   Data           4  switchled.o(.data)
    PrevSpecFire                             0x20000058   Data           4  switchled.o(.data)
    Index                                    0x2000005c   Data           4  sound.o(.data)
    SoundCount                               0x20000060   Data           4  sound.o(.data)
    Wave                                     0x20000064   Data           4  sound.o(.data)
    Screen                                   0x2000006c   Data         504  nokia5110.o(.bss)
    TExaS                                    0x20000268   Data          56  texas.o(.bss)
    Player                                   0x200002a0   Data          16  gameengine.o(.bss)
    RegMissiles                              0x200002b0   Data          80  gameengine.o(.bss)
    SpecMissiles                             0x20000300   Data          80  gameengine.o(.bss)
    Bunkers                                  0x20000350   Data          56  gameengine.o(.bss)
    Enemy                                    0x20000388   Data         336  gameengine.o(.bss)
    Lasers                                   0x200004d8   Data         100  gameengine.o(.bss)
    __libspace_start                         0x2000053c   Data          96  libspace.o(.bss)
    __temporary_stack_top$libspace           0x2000059c   Data           0  libspace.o(.bss)



==============================================================================

Memory Map of the image

  Image Entry point : 0x0000026d

  Load Region LR_1 (Base: 0x00000000, Size: 0x000068a0, Max: 0xffffffff, ABSOLUTE)

    Execution Region ER_RO (Base: 0x00000000, Size: 0x00006834, Max: 0xffffffff, ABSOLUTE)

    Base Addr    Size         Type   Attr      Idx    E Section Name        Object

    0x00000000   0x00000284   Code   RO            3  * RESET               startup.o
    0x00000284   0x00000008   Code   RO          542  * !!!main             c_w.l(__main.o)
    0x0000028c   0x00000034   Code   RO          696    !!!scatter          c_w.l(__scatter.o)
    0x000002c0   0x0000001a   Code   RO          698    !!handler_copy      c_w.l(__scatter_copy.o)
    0x000002da   0x00000002   PAD
    0x000002dc   0x0000001c   Code   RO          700    !!handler_zi        c_w.l(__scatter_zi.o)
    0x000002f8   0x00000002   Code   RO          569    .ARM.Collect$$libinit$$00000000  c_w.l(libinit.o)
    0x000002fa   0x00000000   Code   RO          576    .ARM.Collect$$libinit$$00000002  c_w.l(libinit2.o)
    0x000002fa   0x00000000   Code   RO          579    .ARM.Collect$$libinit$$00000008  c_w.l(libinit2.o)
    0x000002fa   0x00000000   Code   RO          581    .ARM.Collect$$libinit$$0000000A  c_w.l(libinit2.o)
    0x000002fa   0x00000000   Code   RO          583    .ARM.Collect$$libinit$$0000000C  c_w.l(libinit2.o)
    0x000002fa   0x00000000   Code   RO          586    .ARM.Collect$$libinit$$0000000F  c_w.l(libinit2.o)
    0x000002fa   0x00000000   Code   RO          588    .ARM.Collect$$libinit$$00000011  c_w.l(libinit2.o)
    0x000002fa   0x00000000   Code   RO          590    .ARM.Collect$$libinit$$00000013  c_w.l(libinit2.o)
    0x000002fa   0x00000000   Code   RO          592    .ARM.Collect$$libinit$$00000015  c_w.l(libinit2.o)
    0x000002fa   0x00000000   Code   RO          594    .ARM.Collect$$libinit$$00000017  c_w.l(libinit2.o)
    0x000002fa   0x00000000   Code   RO          596    .ARM.Collect$$libinit$$00000019  c_w.l(libinit2.o)
    0x000002fa   0x00000000   Code   RO          598    .ARM.Collect$$libinit$$0000001B  c_w.l(libinit2.o)
    0x000002fa   0x00000000   Code   RO          600    .ARM.Collect$$libinit$$0000001D  c_w.l(libinit2.o)
    0x000002fa   0x00000000   Code   RO          602    .ARM.Collect$$libinit$$0000001F  c_w.l(libinit2.o)
    0x000002fa   0x00000000   Code   RO          604    .ARM.Collect$$libinit$$00000021  c_w.l(libinit2.o)
    0x000002fa   0x00000000   Code   RO          606    .ARM.Collect$$libinit$$00000023  c_w.l(libinit2.o)
    0x000002fa   0x00000000   Code   RO          610    .ARM.Collect$$libinit$$0000002A  c_w.l(libinit2.o)
    0x000002fa   0x00000000   Code   RO          612    .ARM.Collect$$libinit$$0000002C  c_w.l(libinit2.o)
    0x000002fa   0x00000000   Code   RO          614    .ARM.Collect$$libinit$$0000002E  c_w.l(libinit2.o)
    0x000002fa   0x00000000   Code   RO          616    .ARM.Collect$$libinit$$00000030  c_w.l(libinit2.o)
    0x000002fa   0x00000002   Code   RO          617    .ARM.Collect$$libinit$$00000031  c_w.l(libinit2.o)
    0x000002fc   0x00000002   Code   RO          637    .ARM.Collect$$libshutdown$$00000000  c_w.l(libshutdown.o)
    0x000002fe   0x00000000   Code   RO          651    .ARM.Collect$$libshutdown$$00000003  c_w.l(libshutdown2.o)
    0x000002fe   0x00000000   Code   RO          654    .ARM.Collect$$libshutdown$$00000006  c_w.l(libshutdown2.o)
    0x000002fe   0x00000000   Code   RO          657    .ARM.Collect$$libshutdown$$00000009  c_w.l(libshutdown2.o)
    0x000002fe   0x00000000   Code   RO          659    .ARM.Collect$$libshutdown$$0000000B  c_w.l(libshutdown2.o)
    0x000002fe   0x00000000   Code   RO          662    .ARM.Collect$$libshutdown$$0000000E  c_w.l(libshutdown2.o)
    0x000002fe   0x00000002   Code   RO          663    .ARM.Collect$$libshutdown$$0000000F  c_w.l(libshutdown2.o)
    0x00000300   0x00000000   Code   RO          544    .ARM.Collect$$rtentry$$00000000  c_w.l(rtentry.o)
    0x00000300   0x00000000   Code   RO          546    .ARM.Collect$$rtentry$$00000002  c_w.l(rtentry2.o)
    0x00000300   0x00000006   Code   RO          558    .ARM.Collect$$rtentry$$00000004  c_w.l(rtentry4.o)
    0x00000306   0x00000000   Code   RO          548    .ARM.Collect$$rtentry$$00000009  c_w.l(rtentry2.o)
    0x00000306   0x00000004   Code   RO          549    .ARM.Collect$$rtentry$$0000000A  c_w.l(rtentry2.o)
    0x0000030a   0x00000000   Code   RO          551    .ARM.Collect$$rtentry$$0000000C  c_w.l(rtentry2.o)
    0x0000030a   0x00000008   Code   RO          552    .ARM.Collect$$rtentry$$0000000D  c_w.l(rtentry2.o)
    0x00000312   0x00000002   Code   RO          573    .ARM.Collect$$rtexit$$00000000  c_w.l(rtexit.o)
    0x00000314   0x00000000   Code   RO          619    .ARM.Collect$$rtexit$$00000002  c_w.l(rtexit2.o)
    0x00000314   0x00000004   Code   RO          620    .ARM.Collect$$rtexit$$00000003  c_w.l(rtexit2.o)
    0x00000318   0x00000006   Code   RO          621    .ARM.Collect$$rtexit$$00000004  c_w.l(rtexit2.o)
    0x0000031e   0x00000002   PAD
    0x00000320   0x00000030   Code   RO            4    .text               startup.o
    0x00000350   0x00000028   Code   RO           92    .text               random.o
    0x00000378   0x00000006   Code   RO          540    .text               c_w.l(heapauxi.o)
    0x0000037e   0x0000004a   Code   RO          560    .text               c_w.l(sys_stackheap_outer.o)
    0x000003c8   0x0000000c   Code   RO          562    .text               c_w.l(exit.o)
    0x000003d4   0x00000008   Code   RO          570    .text               c_w.l(libspace.o)
    0x000003dc   0x0000000c   Code   RO          629    .text               c_w.l(sys_exit.o)
    0x000003e8   0x00000002   Code   RO          640    .text               c_w.l(use_no_semi.o)
    0x000003ea   0x00000000   Code   RO          642    .text               c_w.l(indicate_semi.o)
    0x000003ea   0x00000002   PAD
    0x000003ec   0x0000002c   Code   RO          270    i.ADC0_In           adc.o
    0x00000418   0x000000d0   Code   RO          271    i.ADC0_Init         adc.o
    0x000004e8   0x0000000c   Code   RO          151    i.ADC1_In           texas.o
    0x000004f4   0x000000d4   Code   RO          152    i.ADC1_Init         texas.o
    0x000005c8   0x0000000c   Code   RO          306    i.ConvertToDistance  gameengine.o
    0x000005d4   0x00000060   Code   RO          288    i.DAC_Init          dac.o
    0x00000634   0x0000000c   Code   RO          289    i.DAC_Out           dac.o
    0x00000640   0x00000038   Code   RO          307    i.DrawBunkers       gameengine.o
    0x00000678   0x00000058   Code   RO          308    i.DrawEnemies       gameengine.o
    0x000006d0   0x00000018   Code   RO          309    i.DrawPlayer        gameengine.o
    0x000006e8   0x00000048   Code   RO          310    i.DrawRegMissiles   gameengine.o
    0x00000730   0x00000080   Code   RO          311    i.DrawSpecMissiles  gameengine.o
    0x000007b0   0x00000034   Code   RO          312    i.Draw_Frame        gameengine.o
    0x000007e4   0x00000044   Code   RO          313    i.EnemyMove         gameengine.o
    0x00000828   0x00000018   Code   RO          410    i.Failure_LedOff    switchled.o
    0x00000840   0x00000018   Code   RO          411    i.Failure_LedOn     switchled.o
    0x00000858   0x000001c4   Code   RO          314    i.Game_Init         gameengine.o
    0x00000a1c   0x00000014   Code   RO          315    i.Move_ActiveObjects  gameengine.o
    0x00000a30   0x00000018   Code   RO           13    i.Nokia5110_ClearBuffer  nokia5110.o
    0x00000a48   0x00000010   Code   RO           14    i.Nokia5110_DisplayBuffer  nokia5110.o
    0x00000a58   0x00000022   Code   RO           15    i.Nokia5110_DrawFullImage  nokia5110.o
    0x00000a7a   0x00000002   PAD
    0x00000a7c   0x0000016c   Code   RO           16    i.Nokia5110_Init    nokia5110.o
    0x00000be8   0x000001a8   Code   RO           20    i.Nokia5110_PrintBMP  nokia5110.o
    0x00000d90   0x00000030   Code   RO           21    i.Nokia5110_SetCursor  nokia5110.o
    0x00000dc0   0x00000070   Code   RO           96    i.PF1Init           spaceinvaders.o
    0x00000e30   0x0000007c   Code   RO          153    i.PLL_Init          texas.o
    0x00000eac   0x0000001c   Code   RO          316    i.PlayerMove        gameengine.o
    0x00000ec8   0x00000078   Code   RO          317    i.RegMissileMove    gameengine.o
    0x00000f40   0x00000094   Code   RO          318    i.RegMissile_Fire   gameengine.o
    0x00000fd4   0x00000018   Code   RO          154    i.SetCode           texas.o
    0x00000fec   0x00000018   Code   RO          155    i.SetCourse         texas.o
    0x00001004   0x0000001c   Code   RO          461    i.SoundOut          sound.o
    0x00001020   0x0000001c   Code   RO          468    i.Sound_Init        sound.o
    0x0000103c   0x00000044   Code   RO          470    i.Sound_Play        sound.o
    0x00001080   0x00000014   Code   RO          471    i.Sound_Shoot       sound.o
    0x00001094   0x00000174   Code   RO          319    i.SpecMissileMove   gameengine.o
    0x00001208   0x00000100   Code   RO          320    i.SpecMissile_Fire  gameengine.o
    0x00001308   0x00000018   Code   RO          412    i.Success_LedOff    switchled.o
    0x00001320   0x00000018   Code   RO          413    i.Success_LedOn     switchled.o
    0x00001338   0x000000bc   Code   RO          414    i.SwitchLed_Init    switchled.o
    0x000013f4   0x0000002c   Code   RO          415    i.Switch_Fire       switchled.o
    0x00001420   0x0000002c   Code   RO          416    i.Switch_SpecialFire  switchled.o
    0x0000144c   0x00000064   Code   RO           97    i.SysTick_Handler   spaceinvaders.o
    0x000014b0   0x00000030   Code   RO           98    i.SysTick_Init      spaceinvaders.o
    0x000014e0   0x000001c4   Code   RO          159    i.TExaS_Init        texas.o
    0x000016a4   0x00000058   Code   RO           99    i.Timer2A_Handler   spaceinvaders.o
    0x000016fc   0x00000068   Code   RO          100    i.Timer2_Init       spaceinvaders.o
    0x00001764   0x00000020   Code   RO          161    i.Timer4A_Handler   texas.o
    0x00001784   0x00000030   Code   RO          162    i.Timer5A_Handler   texas.o
    0x000017b4   0x000000c0   Code   RO          165    i.UART0_Init        texas.o
    0x00001874   0x0000004c   Code   RO           22    i.lcdwrite          nokia5110.o
    0x000018c0   0x00000064   Code   RO          101    i.main              spaceinvaders.o
    0x00001924   0x00000168   Data   RO          170    .constdata          texas.o
    0x00001a8c   0x0000113b   Data   RO          322    .constdata          gameengine.o
    0x00002bc7   0x00003c4b   Data   RO          472    .constdata          sound.o
    0x00006812   0x00000002   PAD
    0x00006814   0x00000020   Data   RO          694    Region$$Table       anon$$obj.o


    Execution Region ER_RW (Base: 0x20000000, Size: 0x0000006c, Max: 0xffffffff, ABSOLUTE)

    Base Addr    Size         Type   Attr      Idx    E Section Name        Object

    0x20000000   0x00000010   Data   RW          103    .data               spaceinvaders.o
    0x20000010   0x00000034   Data   RW          171    .data               texas.o
    0x20000044   0x00000010   Data   RW          323    .data               gameengine.o
    0x20000054   0x00000008   Data   RW          417    .data               switchled.o
    0x2000005c   0x0000000c   Data   RW          473    .data               sound.o
    0x20000068   0x00000004   Data   RW           91    DATA                random.o


    Execution Region ER_ZI (Base: 0x2000006c, Size: 0x00000934, Max: 0xffffffff, ABSOLUTE)

    Base Addr    Size         Type   Attr      Idx    E Section Name        Object

    0x2000006c   0x000001f8   Zero   RW           23    .bss                nokia5110.o
    0x20000264   0x00000004   PAD
    0x20000268   0x00000038   Zero   RW          169    .bss                texas.o
    0x200002a0   0x0000029c   Zero   RW          321    .bss                gameengine.o
    0x2000053c   0x00000060   Zero   RW          571    .bss                c_w.l(libspace.o)
    0x2000059c   0x00000004   PAD
    0x200005a0   0x00000000   Zero   RW            2    HEAP                startup.o
    0x200005a0   0x00000400   Zero   RW            1    STACK               startup.o


==============================================================================

Image component sizes


      Code (inc. data)   RO Data    RW Data    ZI Data      Debug   Object Name

       252         44          0          0          0        918   adc.o
       108         16          0          0          0        805   dac.o
      1896        186       4411         16        668      10814   gameengine.o
       986         72          0          0        504       7725   nokia5110.o
        40         12          0          4          0        220   random.o
       144         42      15435         12          0       2571   sound.o
       552         98          0         16          0       4074   spaceinvaders.o
       692        632          0          0       1024        964   startup.o
       372         80          0          8          0       3265   switchled.o
      1120        244        360         52         56      15972   texas.o

    ----------------------------------------------------------------------
      6164       1426      20240        108       2256      47328   Object Totals
         0          0         32          0          0          0   (incl. Generated)
         2          0          2          0          4          0   (incl. Padding)

    ----------------------------------------------------------------------

      Code (inc. data)   RO Data    RW Data    ZI Data      Debug   Library Member Name

         8          0          0          0          0         68   __main.o
        52          8          0          0          0          0   __scatter.o
        26          0          0          0          0          0   __scatter_copy.o
        28          0          0          0          0          0   __scatter_zi.o
        12          0          0          0          0         72   exit.o
         6          0          0          0          0        152   heapauxi.o
         0          0          0          0          0          0   indicate_semi.o
         2          0          0          0          0          0   libinit.o
         2          0          0          0          0          0   libinit2.o
         2          0          0          0          0          0   libshutdown.o
         2          0          0          0          0          0   libshutdown2.o
         8          4          0          0         96         68   libspace.o
         0          0          0          0          0          0   rtentry.o
        12          0          0          0          0          0   rtentry2.o
         6          0          0          0          0          0   rtentry4.o
         2          0          0          0          0          0   rtexit.o
        10          0          0          0          0          0   rtexit2.o
        12          4          0          0          0         68   sys_exit.o
        74          0          0          0          0         80   sys_stackheap_outer.o
         2          0          0          0          0         68   use_no_semi.o

    ----------------------------------------------------------------------
       272         16          0          0        100        576   Library Totals
         6          0          0          0          4          0   (incl. Padding)

    ----------------------------------------------------------------------

      Code (inc. data)   RO Data    RW Data    ZI Data      Debug   Library Name

       266         16          0          0         96        576   c_w.l

    ----------------------------------------------------------------------
       272         16          0          0        100        576   Library Totals

    ----------------------------------------------------------------------

==============================================================================


      Code (inc. data)   RO Data    RW Data    ZI Data      Debug   

      6436       1442      20240        108       2356      45096   Grand Totals
      6436       1442      20240        108       2356      45096   ELF Image Totals
      6436       1442      20240        108          0          0   ROM Totals

==============================================================================

    Total RO  Size (Code + RO Data)                26676 (  26.05kB)
    Total RW  Size (RW Data + ZI Data)              2464 (   2.41kB)
    Total ROM Size (Code + RO Data + RW Data)      26784 (  26.16kB)

==============================================================================

